#
# There is insufficient memory for the Java Runtime Environment to continue.
# Native memory allocation (malloc) failed to allocate 517632 bytes. Error detail: Chunk::new
# Possible reasons:
#   The system is out of physical RAM or swap space
#   This process is running with CompressedOops enabled, and the Java Heap may be blocking the growth of the native heap
# Possible solutions:
#   Reduce memory load on the system
#   Increase physical memory or swap space
#   Check if swap backing store is full
#   Decrease Java heap size (-Xmx/-Xms)
#   Decrease number of Java threads
#   Decrease Java thread stack sizes (-Xss)
#   Set larger code cache with -XX:ReservedCodeCacheSize=
#   JVM is running with Unscaled Compressed Oops mode in which the Java heap is
#     placed in the first 4GB address space. The Java Heap base address is the
#     maximum limit for the native heap growth. Please use -XX:HeapBaseMinAddress
#     to set the Java Heap base and to place the Java Heap above 4GB virtual address.
# This output file may be truncated or incomplete.
#
#  Out of Memory Error (arena.cpp:168), pid=12644, tid=30692
#
# JRE version: OpenJDK Runtime Environment Temurin-21.0.10+7 (21.0.10+7) (build 21.0.10+7-LTS)
# Java VM: OpenJDK 64-Bit Server VM Temurin-21.0.10+7 (21.0.10+7-LTS, mixed mode, sharing, tiered, compressed oops, compressed class ptrs, parallel gc, windows-amd64)
# No core dump will be written. Minidumps are not enabled by default on client versions of Windows
#

---------------  S U M M A R Y ------------

Command Line: --add-modules=ALL-SYSTEM --add-opens=java.base/java.util=ALL-UNNAMED --add-opens=java.base/java.lang=ALL-UNNAMED --add-opens=java.base/sun.nio.fs=ALL-UNNAMED -Declipse.application=org.eclipse.jdt.ls.core.id1 -Dosgi.bundles.defaultStartLevel=4 -Declipse.product=org.eclipse.jdt.ls.core.product -Djava.import.generatesMetadataFilesAtProjectRoot=false -DDetectVMInstallationsJob.disabled=true -Dfile.encoding=utf8 -XX:+UseParallelGC -XX:GCTimeRatio=4 -XX:AdaptiveSizePolicyWeight=90 -Dsun.zip.disableMemoryMapping=true -Xmx2G -Xms100m -Xlog:disable -javaagent:c:\Users\ACER\.vscode\extensions\redhat.java-1.54.0-win32-x64\lombok\lombok-1.18.39-4050.jar c:\Users\ACER\.vscode\extensions\redhat.java-1.54.0-win32-x64\server\plugins\org.eclipse.equinox.launcher_1.7.100.v20251111-0406.jar -configuration c:\Users\ACER\AppData\Roaming\Code\User\globalStorage\redhat.java\1.54.0\config_ss_win -data c:\Users\ACER\AppData\Roaming\Code\User\workspaceStorage\-32682f32\redhat.java\ss_ws --pipe=\\.\pipe\lsp-74d3a756756d7254e623e0ec1c716768-sock

Host: 13th Gen Intel(R) Core(TM) i5-13420H, 12 cores, 15G,  Windows 11 , 64 bit Build 26100 (10.0.26100.8328)
Time: Mon May 25 20:31:52 2026 India Standard Time elapsed time: 10.696075 seconds (0d 0h 0m 10s)

---------------  T H R E A D  ---------------

Current thread (0x000001e761607830):  JavaThread "C2 CompilerThread2" daemon [_thread_in_native, id=30692, stack(0x0000003f71600000,0x0000003f71700000) (1024K)]


Current CompileTask:
C2:10696 2611       4       org.lombokweb.asm.ClassWriter::visitMethod (57 bytes)

Stack: [0x0000003f71600000,0x0000003f71700000]
Native frames: (J=compiled Java code, j=interpreted, Vv=VM code, C=native code)
V  [jvm.dll+0x6d7a39]
V  [jvm.dll+0x8b4b26]
V  [jvm.dll+0x8b70de]
V  [jvm.dll+0x8b77c3]
V  [jvm.dll+0x284346]
V  [jvm.dll+0xc66ed]
V  [jvm.dll+0xc6c31]
V  [jvm.dll+0x3bec3b]
V  [jvm.dll+0x38b162]
V  [jvm.dll+0x38a5aa]
V  [jvm.dll+0x24c560]
V  [jvm.dll+0x24bb40]
V  [jvm.dll+0x1cb34e]
V  [jvm.dll+0x25b85d]
V  [jvm.dll+0x259dea]
V  [jvm.dll+0x3f857e]
V  [jvm.dll+0x85f59d]
V  [jvm.dll+0x6d626d]
C  [ucrtbase.dll+0x37b0]
C  [KERNEL32.DLL+0x2e957]
C  [ntdll.dll+0x427c]


---------------  P R O C E S S  ---------------

Threads class SMR info:
_java_thread_list=0x000001e761d65c50, length=20, elements={
0x000001e70781d6f0, 0x000001e7612344b0, 0x000001e71e2cc960, 0x000001e7612391a0,
0x000001e761239c00, 0x000001e76123bc50, 0x000001e76123dc10, 0x000001e761249f70,
0x000001e76124ab60, 0x000001e7614073c0, 0x000001e761580c50, 0x000001e766456da0,
0x000001e766210c90, 0x000001e766405cc0, 0x000001e766404280, 0x000001e7664069e0,
0x000001e766407070, 0x000001e766407700, 0x000001e761606a90, 0x000001e761607830
}

Java Threads: ( => current thread )
  0x000001e70781d6f0 JavaThread "main"                              [_thread_blocked, id=20060, stack(0x0000003f6f700000,0x0000003f6f800000) (1024K)]
  0x000001e7612344b0 JavaThread "Reference Handler"          daemon [_thread_blocked, id=8240, stack(0x0000003f6fb00000,0x0000003f6fc00000) (1024K)]
  0x000001e71e2cc960 JavaThread "Finalizer"                  daemon [_thread_blocked, id=6764, stack(0x0000003f6fc00000,0x0000003f6fd00000) (1024K)]
  0x000001e7612391a0 JavaThread "Signal Dispatcher"          daemon [_thread_blocked, id=5636, stack(0x0000003f6fd00000,0x0000003f6fe00000) (1024K)]
  0x000001e761239c00 JavaThread "Attach Listener"            daemon [_thread_blocked, id=20884, stack(0x0000003f6fe00000,0x0000003f6ff00000) (1024K)]
  0x000001e76123bc50 JavaThread "Service Thread"             daemon [_thread_blocked, id=33612, stack(0x0000003f6ff00000,0x0000003f70000000) (1024K)]
  0x000001e76123dc10 JavaThread "Monitor Deflation Thread"   daemon [_thread_blocked, id=31164, stack(0x0000003f70000000,0x0000003f70100000) (1024K)]
  0x000001e761249f70 JavaThread "C2 CompilerThread0"         daemon [_thread_blocked, id=33092, stack(0x0000003f70100000,0x0000003f70200000) (1024K)]
  0x000001e76124ab60 JavaThread "C1 CompilerThread0"         daemon [_thread_blocked, id=4836, stack(0x0000003f70200000,0x0000003f70300000) (1024K)]
  0x000001e7614073c0 JavaThread "Common-Cleaner"             daemon [_thread_blocked, id=11936, stack(0x0000003f70300000,0x0000003f70400000) (1024K)]
  0x000001e761580c50 JavaThread "Notification Thread"        daemon [_thread_blocked, id=9132, stack(0x0000003f70400000,0x0000003f70500000) (1024K)]
  0x000001e766456da0 JavaThread "Active Thread: Equinox Container: 2cf66121-489e-46cc-985f-70e42283cf9e"        [_thread_blocked, id=30172, stack(0x0000003f70c00000,0x0000003f70d00000) (1024K)]
  0x000001e766210c90 JavaThread "Framework Event Dispatcher: Equinox Container: 2cf66121-489e-46cc-985f-70e42283cf9e" daemon [_thread_blocked, id=2728, stack(0x0000003f70d00000,0x0000003f70e00000) (1024K)]
  0x000001e766405cc0 JavaThread "Start Level: Equinox Container: 2cf66121-489e-46cc-985f-70e42283cf9e" daemon [_thread_in_vm, id=32168, stack(0x0000003f70e00000,0x0000003f70f00000) (1024K)]
  0x000001e766404280 JavaThread "SCR Component Actor"        daemon [_thread_blocked, id=2340, stack(0x0000003f70500000,0x0000003f70600000) (1024K)]
  0x000001e7664069e0 JavaThread "Worker-JM"                         [_thread_blocked, id=29816, stack(0x0000003f71000000,0x0000003f71100000) (1024K)]
  0x000001e766407070 JavaThread "Worker-0"                          [_thread_blocked, id=29712, stack(0x0000003f71300000,0x0000003f71400000) (1024K)]
  0x000001e766407700 JavaThread "Worker-1"                          [_thread_blocked, id=15084, stack(0x0000003f71400000,0x0000003f71500000) (1024K)]
  0x000001e761606a90 JavaThread "C2 CompilerThread1"         daemon [_thread_in_native, id=31136, stack(0x0000003f71500000,0x0000003f71600000) (1024K)]
=>0x000001e761607830 JavaThread "C2 CompilerThread2"         daemon [_thread_in_native, id=30692, stack(0x0000003f71600000,0x0000003f71700000) (1024K)]
Total: 20

Other Threads:
  0x000001e7078de230 VMThread "VM Thread"                           [id=6060, stack(0x0000003f6fa00000,0x0000003f6fb00000) (1024K)]
  0x000001e71e1aca10 WatcherThread "VM Periodic Task Thread"        [id=14516, stack(0x0000003f6f900000,0x0000003f6fa00000) (1024K)]
  0x000001e70783abd0 WorkerThread "GC Thread#0"                     [id=13816, stack(0x0000003f6f800000,0x0000003f6f900000) (1024K)]
  0x000001e761c081a0 WorkerThread "GC Thread#1"                     [id=23904, stack(0x0000003f70600000,0x0000003f70700000) (1024K)]
  0x000001e761aab790 WorkerThread "GC Thread#2"                     [id=17580, stack(0x0000003f70700000,0x0000003f70800000) (1024K)]
  0x000001e761902ee0 WorkerThread "GC Thread#3"                     [id=24080, stack(0x0000003f70800000,0x0000003f70900000) (1024K)]
  0x000001e761903290 WorkerThread "GC Thread#4"                     [id=21856, stack(0x0000003f70900000,0x0000003f70a00000) (1024K)]
  0x000001e761c095c0 WorkerThread "GC Thread#5"                     [id=25896, stack(0x0000003f70a00000,0x0000003f70b00000) (1024K)]
  0x000001e761c09970 WorkerThread "GC Thread#6"                     [id=17968, stack(0x0000003f70b00000,0x0000003f70c00000) (1024K)]
  0x000001e761aab3d0 WorkerThread "GC Thread#7"                     [id=12456, stack(0x0000003f70f00000,0x0000003f71000000) (1024K)]
  0x000001e761bc2790 WorkerThread "GC Thread#8"                     [id=20412, stack(0x0000003f71100000,0x0000003f71200000) (1024K)]
  0x000001e761bc2b40 WorkerThread "GC Thread#9"                     [id=33628, stack(0x0000003f71200000,0x0000003f71300000) (1024K)]
Total: 12

Threads with active compile tasks:
C2 CompilerThread1  10712 2596       4       org.lombokweb.asm.ClassReader::readMethod (1070 bytes)
C2 CompilerThread2  10712 2611       4       org.lombokweb.asm.ClassWriter::visitMethod (57 bytes)
Total: 2

VM state: not at safepoint (normal execution)

VM Mutex/Monitor currently owned by a thread: None

Heap address: 0x0000000080000000, size: 2048 MB, Compressed Oops mode: 32-bit

CDS archive(s) mapped at: [0x000001e71f000000-0x000001e71fba0000-0x000001e71fba0000), size 12189696, SharedBaseAddress: 0x000001e71f000000, ArchiveRelocationMode: 1.
Compressed class space mapped at: 0x000001e720000000-0x000001e760000000, reserved size: 1073741824
Narrow klass base: 0x000001e71f000000, Narrow klass shift: 0, Narrow klass range: 0x100000000

GC Precious Log:
 CardTable entry size: 512
 CPUs: 12 total, 12 available
 Memory: 16071M
 Large Page Support: Disabled
 NUMA Support: Disabled
 Compressed Oops: Enabled (32-bit)
 Alignments: Space 512K, Generation 512K, Heap 2M
 Heap Min Capacity: 100M
 Heap Initial Capacity: 100M
 Heap Max Capacity: 2G
 Pre-touch: Disabled
 Parallel Workers: 10

Heap:
 PSYoungGen      total 29696K, used 7552K [0x00000000d5580000, 0x00000000d7680000, 0x0000000100000000)
  eden space 25600K, 13% used [0x00000000d5580000,0x00000000d58e7010,0x00000000d6e80000)
  from space 4096K, 99% used [0x00000000d6e80000,0x00000000d72791b0,0x00000000d7280000)
  to   space 4096K, 0% used [0x00000000d7280000,0x00000000d7280000,0x00000000d7680000)
 ParOldGen       total 68608K, used 6539K [0x0000000080000000, 0x0000000084300000, 0x00000000d5580000)
  object space 68608K, 9% used [0x0000000080000000,0x0000000080662ca0,0x0000000084300000)
 Metaspace       used 20644K, committed 21312K, reserved 1114112K
  class space    used 2002K, committed 2304K, reserved 1048576K

Card table byte_map: [0x000001e7071c0000,0x000001e7075d0000] _byte_map_base: 0x000001e706dc0000

Marking Bits: (ParMarkBitMap*) 0x00007ffb80d43450
 Begin Bits: [0x000001e719cd0000, 0x000001e71bcd0000)
 End Bits:   [0x000001e71bcd0000, 0x000001e71dcd0000)

Polling page: 0x000001e7056e0000

Metaspace:

Usage:
  Non-class:     18.21 MB used.
      Class:      1.96 MB used.
       Both:     20.16 MB used.

Virtual space:
  Non-class space:       64.00 MB reserved,      18.56 MB ( 29%) committed,  1 nodes.
      Class space:        1.00 GB reserved,       2.25 MB ( <1%) committed,  1 nodes.
             Both:        1.06 GB reserved,      20.81 MB (  2%) committed. 

Chunk freelists:
   Non-Class:  12.73 MB
       Class:  13.57 MB
        Both:  26.31 MB

MaxMetaspaceSize: unlimited
CompressedClassSpaceSize: 1.00 GB
Initial GC threshold: 21.00 MB
Current GC threshold: 21.00 MB
CDS: on
 - commit_granule_bytes: 65536.
 - commit_granule_words: 8192.
 - virtual_space_node_default_size: 8388608.
 - enlarge_chunks_in_place: 1.
 - use_allocation_guard: 0.


Internal statistics:

num_allocs_failed_limit: 0.
num_arena_births: 456.
num_arena_deaths: 0.
num_vsnodes_births: 2.
num_vsnodes_deaths: 0.
num_space_committed: 333.
num_space_uncommitted: 0.
num_chunks_returned_to_freelist: 0.
num_chunks_taken_from_freelist: 1209.
num_chunk_merges: 0.
num_chunk_splits: 785.
num_chunks_enlarged: 530.
num_inconsistent_stats: 0.

CodeHeap 'non-profiled nmethods': size=120000Kb used=1128Kb max_used=1128Kb free=118871Kb
 bounds [0x000001e7124f0000, 0x000001e712760000, 0x000001e719a20000]
CodeHeap 'profiled nmethods': size=120000Kb used=5091Kb max_used=5091Kb free=114908Kb
 bounds [0x000001e70aa20000, 0x000001e70af20000, 0x000001e711f50000]
CodeHeap 'non-nmethods': size=5760Kb used=1302Kb max_used=1316Kb free=4457Kb
 bounds [0x000001e711f50000, 0x000001e7121c0000, 0x000001e7124f0000]
CodeCache: size=245760Kb, used=7521Kb, max_used=7535Kb, free=238236Kb
 total_blobs=3202, nmethods=2618, adapters=490, full_count=0
Compilation: enabled, stopped_count=0, restarted_count=0

Compilation events (20 events):
Event: 8.602 Thread 0x000001e76124ab60 nmethod 2606 0x000001e70af0a690 code [0x000001e70af0a9e0, 0x000001e70af0b9e8]
Event: 8.602 Thread 0x000001e76124ab60 2609       3       org.lombokweb.asm.SymbolTable::hash (14 bytes)
Event: 8.602 Thread 0x000001e76124ab60 nmethod 2609 0x000001e70af0c010 code [0x000001e70af0c1a0, 0x000001e70af0c2a8]
Event: 8.608 Thread 0x000001e761249f70 nmethod 2601 0x000001e712604d10 code [0x000001e712604f40, 0x000001e712605818]
Event: 8.609 Thread 0x000001e761249f70 2610       4       org.lombokweb.asm.MethodWriter::canCopyMethodAttributes (163 bytes)
Event: 8.622 Thread 0x000001e761249f70 nmethod 2610 0x000001e712605f90 code [0x000001e712606140, 0x000001e712606498]
Event: 8.622 Thread 0x000001e761249f70 2608       4       org.lombokweb.asm.MethodWriter::computeMethodInfoSize (571 bytes)
Event: 8.626 Thread 0x000001e761607830 nmethod 2603 0x000001e712606790 code [0x000001e712606a00, 0x000001e712607540]
Event: 8.626 Thread 0x000001e761607830 2611       4       org.lombokweb.asm.ClassWriter::visitMethod (57 bytes)
Event: 8.632 Thread 0x000001e761249f70 nmethod 2608 0x000001e712607e10 code [0x000001e7126080c0, 0x000001e712608888]
Event: 8.645 Thread 0x000001e76124ab60 2612       3       org.lombokweb.asm.ClassReader::readStackMapFrame (535 bytes)
Event: 8.645 Thread 0x000001e761249f70 2613       4       lombok.patcher.MethodTarget::matches (29 bytes)
Event: 8.647 Thread 0x000001e76124ab60 nmethod 2612 0x000001e70af0c310 code [0x000001e70af0c5c0, 0x000001e70af0d590]
Event: 8.648 Thread 0x000001e76124ab60 2614       3       java.util.regex.Matcher::group (65 bytes)
Event: 8.649 Thread 0x000001e76124ab60 nmethod 2614 0x000001e70af0db90 code [0x000001e70af0ddc0, 0x000001e70af0e430]
Event: 8.649 Thread 0x000001e76124ab60 2615       3       java.util.regex.Matcher::checkGroup (41 bytes)
Event: 8.649 Thread 0x000001e76124ab60 nmethod 2615 0x000001e70af0e690 code [0x000001e70af0e8c0, 0x000001e70af0ef48]
Event: 8.649 Thread 0x000001e761249f70 nmethod 2613 0x000001e712608f10 code [0x000001e7126090c0, 0x000001e712609318]
Event: 8.649 Thread 0x000001e761249f70 2616       4       java.util.concurrent.locks.ReentrantLock$Sync::tryRelease (51 bytes)
Event: 8.651 Thread 0x000001e761249f70 nmethod 2616 0x000001e712609490 code [0x000001e712609620, 0x000001e7126096f8]

GC Heap History (10 events):
Event: 2.552 GC heap before
{Heap before GC invocations=1 (full 0):
 PSYoungGen      total 29696K, used 25600K [0x00000000d5580000, 0x00000000d7680000, 0x0000000100000000)
  eden space 25600K, 100% used [0x00000000d5580000,0x00000000d6e80000,0x00000000d6e80000)
  from space 4096K, 0% used [0x00000000d7280000,0x00000000d7280000,0x00000000d7680000)
  to   space 4096K, 0% used [0x00000000d6e80000,0x00000000d6e80000,0x00000000d7280000)
 ParOldGen       total 68608K, used 0K [0x0000000080000000, 0x0000000084300000, 0x00000000d5580000)
  object space 68608K, 0% used [0x0000000080000000,0x0000000080000000,0x0000000084300000)
 Metaspace       used 4372K, committed 4608K, reserved 1114112K
  class space    used 474K, committed 576K, reserved 1048576K
}
Event: 2.567 GC heap after
{Heap after GC invocations=1 (full 0):
 PSYoungGen      total 29696K, used 3303K [0x00000000d5580000, 0x00000000d7680000, 0x0000000100000000)
  eden space 25600K, 0% used [0x00000000d5580000,0x00000000d5580000,0x00000000d6e80000)
  from space 4096K, 80% used [0x00000000d6e80000,0x00000000d71b9e98,0x00000000d7280000)
  to   space 4096K, 0% used [0x00000000d7280000,0x00000000d7280000,0x00000000d7680000)
 ParOldGen       total 68608K, used 16K [0x0000000080000000, 0x0000000084300000, 0x00000000d5580000)
  object space 68608K, 0% used [0x0000000080000000,0x0000000080004000,0x0000000084300000)
 Metaspace       used 4372K, committed 4608K, reserved 1114112K
  class space    used 474K, committed 576K, reserved 1048576K
}
Event: 4.632 GC heap before
{Heap before GC invocations=2 (full 0):
 PSYoungGen      total 29696K, used 28903K [0x00000000d5580000, 0x00000000d7680000, 0x0000000100000000)
  eden space 25600K, 99% used [0x00000000d5580000,0x00000000d6e7ffc8,0x00000000d6e80000)
  from space 4096K, 80% used [0x00000000d6e80000,0x00000000d71b9e98,0x00000000d7280000)
  to   space 4096K, 0% used [0x00000000d7280000,0x00000000d7280000,0x00000000d7680000)
 ParOldGen       total 68608K, used 16K [0x0000000080000000, 0x0000000084300000, 0x00000000d5580000)
  object space 68608K, 0% used [0x0000000080000000,0x0000000080004000,0x0000000084300000)
 Metaspace       used 8145K, committed 8448K, reserved 1114112K
  class space    used 862K, committed 960K, reserved 1048576K
}
Event: 4.645 GC heap after
{Heap after GC invocations=2 (full 0):
 PSYoungGen      total 29696K, used 4075K [0x00000000d5580000, 0x00000000d7680000, 0x0000000100000000)
  eden space 25600K, 0% used [0x00000000d5580000,0x00000000d5580000,0x00000000d6e80000)
  from space 4096K, 99% used [0x00000000d7280000,0x00000000d767aff8,0x00000000d7680000)
  to   space 4096K, 0% used [0x00000000d6e80000,0x00000000d6e80000,0x00000000d7280000)
 ParOldGen       total 68608K, used 1155K [0x0000000080000000, 0x0000000084300000, 0x00000000d5580000)
  object space 68608K, 1% used [0x0000000080000000,0x0000000080120e70,0x0000000084300000)
 Metaspace       used 8145K, committed 8448K, reserved 1114112K
  class space    used 862K, committed 960K, reserved 1048576K
}
Event: 7.765 GC heap before
{Heap before GC invocations=3 (full 0):
 PSYoungGen      total 29696K, used 29675K [0x00000000d5580000, 0x00000000d7680000, 0x0000000100000000)
  eden space 25600K, 100% used [0x00000000d5580000,0x00000000d6e80000,0x00000000d6e80000)
  from space 4096K, 99% used [0x00000000d7280000,0x00000000d767aff8,0x00000000d7680000)
  to   space 4096K, 0% used [0x00000000d6e80000,0x00000000d6e80000,0x00000000d7280000)
 ParOldGen       total 68608K, used 1155K [0x0000000080000000, 0x0000000084300000, 0x00000000d5580000)
  object space 68608K, 1% used [0x0000000080000000,0x0000000080120e70,0x0000000084300000)
 Metaspace       used 12976K, committed 13568K, reserved 1114112K
  class space    used 1372K, committed 1664K, reserved 1048576K
}
Event: 7.772 GC heap after
{Heap after GC invocations=3 (full 0):
 PSYoungGen      total 29696K, used 4082K [0x00000000d5580000, 0x00000000d7680000, 0x0000000100000000)
  eden space 25600K, 0% used [0x00000000d5580000,0x00000000d5580000,0x00000000d6e80000)
  from space 4096K, 99% used [0x00000000d6e80000,0x00000000d727c880,0x00000000d7280000)
  to   space 4096K, 0% used [0x00000000d7280000,0x00000000d7280000,0x00000000d7680000)
 ParOldGen       total 68608K, used 2899K [0x0000000080000000, 0x0000000084300000, 0x00000000d5580000)
  object space 68608K, 4% used [0x0000000080000000,0x00000000802d4c40,0x0000000084300000)
 Metaspace       used 12976K, committed 13568K, reserved 1114112K
  class space    used 1372K, committed 1664K, reserved 1048576K
}
Event: 8.276 GC heap before
{Heap before GC invocations=4 (full 0):
 PSYoungGen      total 29696K, used 29549K [0x00000000d5580000, 0x00000000d7680000, 0x0000000100000000)
  eden space 25600K, 99% used [0x00000000d5580000,0x00000000d6e5ece0,0x00000000d6e80000)
  from space 4096K, 99% used [0x00000000d6e80000,0x00000000d727c880,0x00000000d7280000)
  to   space 4096K, 0% used [0x00000000d7280000,0x00000000d7280000,0x00000000d7680000)
 ParOldGen       total 68608K, used 2899K [0x0000000080000000, 0x0000000084300000, 0x00000000d5580000)
  object space 68608K, 4% used [0x0000000080000000,0x00000000802d4c40,0x0000000084300000)
 Metaspace       used 16218K, committed 16832K, reserved 1114112K
  class space    used 1688K, committed 1984K, reserved 1048576K
}
Event: 8.282 GC heap after
{Heap after GC invocations=4 (full 0):
 PSYoungGen      total 29696K, used 4074K [0x00000000d5580000, 0x00000000d7680000, 0x0000000100000000)
  eden space 25600K, 0% used [0x00000000d5580000,0x00000000d5580000,0x00000000d6e80000)
  from space 4096K, 99% used [0x00000000d7280000,0x00000000d767abc0,0x00000000d7680000)
  to   space 4096K, 0% used [0x00000000d6e80000,0x00000000d6e80000,0x00000000d7280000)
 ParOldGen       total 68608K, used 6004K [0x0000000080000000, 0x0000000084300000, 0x00000000d5580000)
  object space 68608K, 8% used [0x0000000080000000,0x00000000805dd108,0x0000000084300000)
 Metaspace       used 16218K, committed 16832K, reserved 1114112K
  class space    used 1688K, committed 1984K, reserved 1048576K
}
Event: 8.657 GC heap before
{Heap before GC invocations=5 (full 0):
 PSYoungGen      total 29696K, used 29622K [0x00000000d5580000, 0x00000000d7680000, 0x0000000100000000)
  eden space 25600K, 99% used [0x00000000d5580000,0x00000000d6e72ec8,0x00000000d6e80000)
  from space 4096K, 99% used [0x00000000d7280000,0x00000000d767abc0,0x00000000d7680000)
  to   space 4096K, 0% used [0x00000000d6e80000,0x00000000d6e80000,0x00000000d7280000)
 ParOldGen       total 68608K, used 6004K [0x0000000080000000, 0x0000000084300000, 0x00000000d5580000)
  object space 68608K, 8% used [0x0000000080000000,0x00000000805dd108,0x0000000084300000)
 Metaspace       used 20207K, committed 20864K, reserved 1114112K
  class space    used 1983K, committed 2304K, reserved 1048576K
}
Event: 10.675 GC heap after
{Heap after GC invocations=5 (full 0):
 PSYoungGen      total 29696K, used 4068K [0x00000000d5580000, 0x00000000d7680000, 0x0000000100000000)
  eden space 25600K, 0% used [0x00000000d5580000,0x00000000d5580000,0x00000000d6e80000)
  from space 4096K, 99% used [0x00000000d6e80000,0x00000000d72791b0,0x00000000d7280000)
  to   space 4096K, 0% used [0x00000000d7280000,0x00000000d7280000,0x00000000d7680000)
 ParOldGen       total 68608K, used 6539K [0x0000000080000000, 0x0000000084300000, 0x00000000d5580000)
  object space 68608K, 9% used [0x0000000080000000,0x0000000080662ca0,0x0000000084300000)
 Metaspace       used 20207K, committed 20864K, reserved 1114112K
  class space    used 1983K, committed 2304K, reserved 1048576K
}

Dll operation events (11 events):
Event: 0.081 Loaded shared library c:\Users\ACER\.vscode\extensions\redhat.java-1.54.0-win32-x64\jre\21.0.10-win32-x86_64\bin\java.dll
Event: 0.320 Loaded shared library c:\Users\ACER\.vscode\extensions\redhat.java-1.54.0-win32-x64\jre\21.0.10-win32-x86_64\bin\zip.dll
Event: 0.374 Loaded shared library C:\Users\ACER\.vscode\extensions\redhat.java-1.54.0-win32-x64\jre\21.0.10-win32-x86_64\bin\instrument.dll
Event: 0.388 Loaded shared library C:\Users\ACER\.vscode\extensions\redhat.java-1.54.0-win32-x64\jre\21.0.10-win32-x86_64\bin\net.dll
Event: 0.397 Loaded shared library C:\Users\ACER\.vscode\extensions\redhat.java-1.54.0-win32-x64\jre\21.0.10-win32-x86_64\bin\nio.dll
Event: 0.406 Loaded shared library C:\Users\ACER\.vscode\extensions\redhat.java-1.54.0-win32-x64\jre\21.0.10-win32-x86_64\bin\zip.dll
Event: 0.462 Loaded shared library C:\Users\ACER\.vscode\extensions\redhat.java-1.54.0-win32-x64\jre\21.0.10-win32-x86_64\bin\jimage.dll
Event: 0.760 Loaded shared library c:\Users\ACER\.vscode\extensions\redhat.java-1.54.0-win32-x64\jre\21.0.10-win32-x86_64\bin\verify.dll
Event: 4.590 Loaded shared library C:\Users\ACER\AppData\Roaming\Code\User\globalStorage\redhat.java\1.54.0\config_ss_win\org.eclipse.equinox.launcher\org.eclipse.equinox.launcher.win32.win32.x86_64_1.3.0.v20260203-2149\eclipse_11919.dll
Event: 7.878 Loaded shared library C:\Users\ACER\.vscode\extensions\redhat.java-1.54.0-win32-x64\jre\21.0.10-win32-x86_64\bin\management.dll
Event: 7.885 Loaded shared library C:\Users\ACER\.vscode\extensions\redhat.java-1.54.0-win32-x64\jre\21.0.10-win32-x86_64\bin\management_ext.dll

Deoptimization events (20 events):
Event: 8.172 Thread 0x000001e766405cc0 Uncommon trap: trap_request=0xffffffde fr.pc=0x000001e7125e5714 relative=0x00000000000003b4
Event: 8.172 Thread 0x000001e766405cc0 Uncommon trap: reason=class_check action=maybe_recompile pc=0x000001e7125e5714 method=java.util.regex.Pattern$BmpCharPropertyGreedy.match(Ljava/util/regex/Matcher;ILjava/lang/CharSequence;)Z @ 70 c2
Event: 8.172 Thread 0x000001e766405cc0 DEOPT PACKING pc=0x000001e7125e5714 sp=0x0000003f70eef910
Event: 8.172 Thread 0x000001e766405cc0 DEOPT UNPACKING pc=0x000001e711fa3aa2 sp=0x0000003f70eef8b8 mode 2
Event: 8.172 Thread 0x000001e766405cc0 Uncommon trap: trap_request=0xffffffde fr.pc=0x000001e7125e5714 relative=0x00000000000003b4
Event: 8.172 Thread 0x000001e766405cc0 Uncommon trap: reason=class_check action=maybe_recompile pc=0x000001e7125e5714 method=java.util.regex.Pattern$BmpCharPropertyGreedy.match(Ljava/util/regex/Matcher;ILjava/lang/CharSequence;)Z @ 70 c2
Event: 8.172 Thread 0x000001e766405cc0 DEOPT PACKING pc=0x000001e7125e5714 sp=0x0000003f70eef760
Event: 8.172 Thread 0x000001e766405cc0 DEOPT UNPACKING pc=0x000001e711fa3aa2 sp=0x0000003f70eef708 mode 2
Event: 8.515 Thread 0x000001e766405cc0 Uncommon trap: trap_request=0xffffff6e fr.pc=0x000001e7125fd780 relative=0x0000000000000a00
Event: 8.515 Thread 0x000001e766405cc0 Uncommon trap: reason=loop_limit_check action=maybe_recompile pc=0x000001e7125fd780 method=java.util.regex.Pattern$StartS.match(Ljava/util/regex/Matcher;ILjava/lang/CharSequence;)Z @ 34 c2
Event: 8.515 Thread 0x000001e766405cc0 DEOPT PACKING pc=0x000001e7125fd780 sp=0x0000003f70ef2b20
Event: 8.515 Thread 0x000001e766405cc0 DEOPT UNPACKING pc=0x000001e711fa3aa2 sp=0x0000003f70ef2a70 mode 2
Event: 8.549 Thread 0x000001e766405cc0 Uncommon trap: trap_request=0xffffff45 fr.pc=0x000001e71260346c relative=0x000000000000014c
Event: 8.549 Thread 0x000001e766405cc0 Uncommon trap: reason=unstable_if action=reinterpret pc=0x000001e71260346c method=org.lombokweb.asm.ByteVector.putByteArray([BII)Lorg/lombokweb/asm/ByteVector; @ 20 c2
Event: 8.549 Thread 0x000001e766405cc0 DEOPT PACKING pc=0x000001e71260346c sp=0x0000003f70ef2af0
Event: 8.549 Thread 0x000001e766405cc0 DEOPT UNPACKING pc=0x000001e711fa3aa2 sp=0x0000003f70ef2ac0 mode 2
Event: 8.549 Thread 0x000001e766405cc0 Uncommon trap: trap_request=0xffffff45 fr.pc=0x000001e7126020a4 relative=0x0000000000000364
Event: 8.549 Thread 0x000001e766405cc0 Uncommon trap: reason=unstable_if action=reinterpret pc=0x000001e7126020a4 method=org.lombokweb.asm.Label.resolve([BLorg/lombokweb/asm/ByteVector;I)Z @ 81 c2
Event: 8.549 Thread 0x000001e766405cc0 DEOPT PACKING pc=0x000001e7126020a4 sp=0x0000003f70ef2b80
Event: 8.549 Thread 0x000001e766405cc0 DEOPT UNPACKING pc=0x000001e711fa3aa2 sp=0x0000003f70ef2a88 mode 2

Classes loaded (20 events):
Event: 8.166 Loading class java/io/StringReader
Event: 8.166 Loading class java/io/StringReader done
Event: 8.190 Loading class java/util/zip/GZIPInputStream
Event: 8.191 Loading class java/util/zip/GZIPInputStream done
Event: 8.200 Loading class java/net/SocketTimeoutException
Event: 8.201 Loading class java/io/InterruptedIOException
Event: 8.201 Loading class java/io/InterruptedIOException done
Event: 8.201 Loading class java/net/SocketTimeoutException done
Event: 8.201 Loading class java/net/SocketException
Event: 8.201 Loading class java/net/SocketException done
Event: 8.201 Loading class java/net/UnknownHostException
Event: 8.201 Loading class java/net/UnknownHostException done
Event: 8.201 Loading class java/net/ProtocolException
Event: 8.201 Loading class java/net/ProtocolException done
Event: 8.224 Loading class java/lang/ThreadLocal$SuppliedThreadLocal
Event: 8.224 Loading class java/lang/ThreadLocal$SuppliedThreadLocal done
Event: 8.232 Loading class java/io/FileWriter
Event: 8.232 Loading class java/io/FileWriter done
Event: 8.232 Loading class java/lang/NegativeArraySizeException
Event: 8.232 Loading class java/lang/NegativeArraySizeException done

Classes unloaded (0 events):
No events

Classes redefined (0 events):
No events

Internal exceptions (20 events):
Event: 8.024 Thread 0x000001e766405cc0 Exception <a 'java/lang/NoSuchMethodError'{0x00000000d5dec390}: 'java.lang.Object java.lang.invoke.DirectMethodHandle$Holder.invokeSpecial(java.lang.Object, java.lang.Object, java.lang.Object, long, java.lang.Object)'> (0x00000000d5dec390) 
thrown [s\src\hotspot\share\interpreter\linkResolver.cpp, line 773]
Event: 8.025 Thread 0x000001e766405cc0 Exception <a 'java/lang/NoSuchMethodError'{0x00000000d5df3e18}: 'java.lang.Object java.lang.invoke.DirectMethodHandle$Holder.newInvokeSpecial(java.lang.Object, java.lang.Object, java.lang.Object, long)'> (0x00000000d5df3e18) 
thrown [s\src\hotspot\share\interpreter\linkResolver.cpp, line 773]
Event: 8.026 Thread 0x000001e766405cc0 Exception <a 'java/lang/NoSuchMethodError'{0x00000000d5df81c8}: 'java.lang.Object java.lang.invoke.DirectMethodHandle$Holder.invokeSpecial(java.lang.Object, java.lang.Object, java.lang.Object, java.lang.Object, long)'> (0x00000000d5df81c8) 
thrown [s\src\hotspot\share\interpreter\linkResolver.cpp, line 773]
Event: 8.026 Thread 0x000001e766405cc0 Exception <a 'java/lang/NoSuchMethodError'{0x00000000d5dfbde8}: 'java.lang.Object java.lang.invoke.Invokers$Holder.linkToTargetMethod(java.lang.Object, java.lang.Object, long, java.lang.Object)'> (0x00000000d5dfbde8) 
thrown [s\src\hotspot\share\interpreter\linkResolver.cpp, line 773]
Event: 8.064 Thread 0x000001e766405cc0 Exception <a 'java/lang/IncompatibleClassChangeError'{0x00000000d5f01b70}: Found class java.lang.Object, but interface was expected> (0x00000000d5f01b70) 
thrown [s\src\hotspot\share\interpreter\linkResolver.cpp, line 840]
Event: 8.066 Thread 0x000001e766405cc0 Exception <a 'java/lang/NoSuchMethodError'{0x00000000d5f05798}: 'java.lang.Object java.lang.invoke.DirectMethodHandle$Holder.invokeSpecial(java.lang.Object, java.lang.Object, java.lang.Object, int, java.lang.Object, java.lang.Object)'> (0x00000000d5f05798) 
thrown [s\src\hotspot\share\interpreter\linkResolver.cpp, line 773]
Event: 8.067 Thread 0x000001e766405cc0 Exception <a 'java/lang/NoSuchMethodError'{0x00000000d5f0d270}: 'java.lang.Object java.lang.invoke.DirectMethodHandle$Holder.newInvokeSpecial(java.lang.Object, java.lang.Object, java.lang.Object, int, java.lang.Object)'> (0x00000000d5f0d270) 
thrown [s\src\hotspot\share\interpreter\linkResolver.cpp, line 773]
Event: 8.068 Thread 0x000001e766405cc0 Exception <a 'java/lang/NoSuchMethodError'{0x00000000d5f111f0}: 'java.lang.Object java.lang.invoke.DirectMethodHandle$Holder.invokeSpecial(java.lang.Object, java.lang.Object, java.lang.Object, java.lang.Object, int, java.lang.Object)'> (0x00000000d5f111f0) 
thrown [s\src\hotspot\share\interpreter\linkResolver.cpp, line 773]
Event: 8.068 Thread 0x000001e766405cc0 Exception <a 'java/lang/NoSuchMethodError'{0x00000000d5f14d30}: 'java.lang.Object java.lang.invoke.Invokers$Holder.linkToTargetMethod(java.lang.Object, java.lang.Object, int, java.lang.Object, java.lang.Object)'> (0x00000000d5f14d30) 
thrown [s\src\hotspot\share\interpreter\linkResolver.cpp, line 773]
Event: 8.069 Thread 0x000001e766407070 Exception <a 'java/lang/NoSuchMethodError'{0x00000000d5e28af0}: 'java.lang.Object java.lang.invoke.DirectMethodHandle$Holder.invokeSpecial(java.lang.Object, java.lang.Object, int, java.lang.Object, java.lang.Object)'> (0x00000000d5e28af0) 
thrown [s\src\hotspot\share\interpreter\linkResolver.cpp, line 773]
Event: 8.071 Thread 0x000001e766407070 Exception <a 'java/lang/NoSuchMethodError'{0x00000000d5e2fb48}: 'java.lang.Object java.lang.invoke.DirectMethodHandle$Holder.newInvokeSpecial(java.lang.Object, java.lang.Object, int, java.lang.Object)'> (0x00000000d5e2fb48) 
thrown [s\src\hotspot\share\interpreter\linkResolver.cpp, line 773]
Event: 8.071 Thread 0x000001e766407070 Exception <a 'java/lang/NoSuchMethodError'{0x00000000d5e33428}: 'java.lang.Object java.lang.invoke.DirectMethodHandle$Holder.invokeSpecial(java.lang.Object, java.lang.Object, java.lang.Object, int, java.lang.Object)'> (0x00000000d5e33428) 
thrown [s\src\hotspot\share\interpreter\linkResolver.cpp, line 773]
Event: 8.092 Thread 0x000001e766405cc0 Exception <a 'java/lang/NoSuchMethodError'{0x00000000d6065e88}: 'void java.lang.invoke.DirectMethodHandle$Holder.invokeSpecial(java.lang.Object, java.lang.Object, java.lang.Object, java.lang.Object, java.lang.Object)'> (0x00000000d6065e88) 
thrown [s\src\hotspot\share\interpreter\linkResolver.cpp, line 773]
Event: 8.155 Thread 0x000001e766405cc0 Exception <a 'java/lang/NoSuchMethodError'{0x00000000d633c930}: 'double java.lang.invoke.DirectMethodHandle$Holder.invokeStatic(java.lang.Object, java.lang.Object)'> (0x00000000d633c930) 
thrown [s\src\hotspot\share\interpreter\linkResolver.cpp, line 773]
Event: 8.156 Thread 0x000001e766405cc0 Exception <a 'java/lang/NoSuchMethodError'{0x00000000d633fff0}: 'double java.lang.invoke.DirectMethodHandle$Holder.invokeStaticInit(java.lang.Object, java.lang.Object)'> (0x00000000d633fff0) 
thrown [s\src\hotspot\share\interpreter\linkResolver.cpp, line 773]
Event: 8.320 Thread 0x000001e766405cc0 Exception <a 'java/io/FileNotFoundException'{0x00000000d5a5a8e0}> (0x00000000d5a5a8e0) 
thrown [s\src\hotspot\share\prims\jni.cpp, line 520]
Event: 8.321 Thread 0x000001e766405cc0 Exception <a 'java/io/FileNotFoundException'{0x00000000d5a5b668}> (0x00000000d5a5b668) 
thrown [s\src\hotspot\share\prims\jni.cpp, line 520]
Event: 8.321 Thread 0x000001e766405cc0 Exception <a 'java/io/FileNotFoundException'{0x00000000d5a5c4f0}> (0x00000000d5a5c4f0) 
thrown [s\src\hotspot\share\prims\jni.cpp, line 520]
Event: 8.496 Thread 0x000001e766405cc0 Exception <a 'java/lang/NoSuchMethodError'{0x00000000d63a2f00}: 'int java.lang.invoke.DirectMethodHandle$Holder.invokeStaticInit(java.lang.Object, java.lang.Object, java.lang.Object)'> (0x00000000d63a2f00) 
thrown [s\src\hotspot\share\interpreter\linkResolver.cpp, line 773]
Event: 8.549 Thread 0x000001e766405cc0 Implicit null exception at 0x000001e712603375 to 0x000001e712603450

ZGC Phase Switch (0 events):
No events

VM Operations (20 events):
Event: 5.080 Executing non-safepoint VM operation: HandshakeAllThreads (Deoptimize)
Event: 5.080 Executing non-safepoint VM operation: HandshakeAllThreads (Deoptimize) done
Event: 6.085 Executing safepoint VM operation: Cleanup
Event: 6.324 Executing safepoint VM operation: Cleanup done
Event: 6.508 Executing non-safepoint VM operation: HandshakeAllThreads (Deoptimize)
Event: 6.508 Executing non-safepoint VM operation: HandshakeAllThreads (Deoptimize) done
Event: 7.512 Executing safepoint VM operation: Cleanup
Event: 7.560 Executing safepoint VM operation: Cleanup done
Event: 7.764 Executing safepoint VM operation: ParallelGCFailedAllocation (Allocation Failure)
Event: 7.772 Executing safepoint VM operation: ParallelGCFailedAllocation (Allocation Failure) done
Event: 7.925 Executing non-safepoint VM operation: HandshakeAllThreads (Deoptimize)
Event: 7.925 Executing non-safepoint VM operation: HandshakeAllThreads (Deoptimize) done
Event: 7.931 Executing non-safepoint VM operation: HandshakeAllThreads (Deoptimize)
Event: 7.931 Executing non-safepoint VM operation: HandshakeAllThreads (Deoptimize) done
Event: 7.944 Executing non-safepoint VM operation: HandshakeAllThreads (Deoptimize)
Event: 7.944 Executing non-safepoint VM operation: HandshakeAllThreads (Deoptimize) done
Event: 8.276 Executing safepoint VM operation: ParallelGCFailedAllocation (Allocation Failure)
Event: 8.282 Executing safepoint VM operation: ParallelGCFailedAllocation (Allocation Failure) done
Event: 8.656 Executing safepoint VM operation: ParallelGCFailedAllocation (Allocation Failure)
Event: 10.676 Executing safepoint VM operation: ParallelGCFailedAllocation (Allocation Failure) done

Memory protections (0 events):
No events

Nmethod flushes (0 events):
No events

Events (20 events):
Event: 2.626 Thread 0x000001e76158e840 Thread exited: 0x000001e76158e840
Event: 3.043 Thread 0x000001e761249f70 Thread added: 0x000001e761afe210
Event: 3.060 Thread 0x000001e76124ab60 Thread added: 0x000001e761b00420
Event: 3.322 Thread 0x000001e761b00420 Thread exited: 0x000001e761b00420
Event: 3.825 Thread 0x000001e70781d6f0 Thread added: 0x000001e766456da0
Event: 4.134 Thread 0x000001e761afe210 Thread exited: 0x000001e761afe210
Event: 4.550 Thread 0x000001e76124ab60 Thread added: 0x000001e76644f1b0
Event: 4.557 Thread 0x000001e70781d6f0 Thread added: 0x000001e766210c90
Event: 4.571 Thread 0x000001e70781d6f0 Thread added: 0x000001e766405cc0
Event: 4.663 Thread 0x000001e76644f1b0 Thread exited: 0x000001e76644f1b0
Event: 5.044 Thread 0x000001e766405cc0 Thread added: 0x000001e766404280
Event: 5.288 Thread 0x000001e76124ab60 Thread added: 0x000001e76644ff50
Event: 5.289 Thread 0x000001e76124ab60 Thread added: 0x000001e76644f880
Event: 6.827 Thread 0x000001e76644f880 Thread exited: 0x000001e76644f880
Event: 6.827 Thread 0x000001e76644ff50 Thread exited: 0x000001e76644ff50
Event: 7.568 Thread 0x000001e766405cc0 Thread added: 0x000001e7664069e0
Event: 8.033 Thread 0x000001e766405cc0 Thread added: 0x000001e766407070
Event: 8.070 Thread 0x000001e766405cc0 Thread added: 0x000001e766407700
Event: 8.273 Thread 0x000001e76124ab60 Thread added: 0x000001e761606a90
Event: 8.287 Thread 0x000001e76124ab60 Thread added: 0x000001e761607830


Dynamic libraries:
0x00007ff752f50000 - 0x00007ff752f5e000 	c:\Users\ACER\.vscode\extensions\redhat.java-1.54.0-win32-x64\jre\21.0.10-win32-x86_64\bin\java.exe
0x00007ffcae5a0000 - 0x00007ffcae807000 	C:\WINDOWS\SYSTEM32\ntdll.dll
0x00007ffcad340000 - 0x00007ffcad409000 	C:\WINDOWS\System32\KERNEL32.DLL
0x00007ffcabb00000 - 0x00007ffcabef7000 	C:\WINDOWS\System32\KERNELBASE.dll
0x00007ffcab840000 - 0x00007ffcab98b000 	C:\WINDOWS\System32\ucrtbase.dll
0x00007ffc88f80000 - 0x00007ffc88f98000 	c:\Users\ACER\.vscode\extensions\redhat.java-1.54.0-win32-x64\jre\21.0.10-win32-x86_64\bin\jli.dll
0x00007ffcad9e0000 - 0x00007ffcadba6000 	C:\WINDOWS\System32\USER32.dll
0x00007ffc86d40000 - 0x00007ffc86d5e000 	c:\Users\ACER\.vscode\extensions\redhat.java-1.54.0-win32-x64\jre\21.0.10-win32-x86_64\bin\VCRUNTIME140.dll
0x00007ffcaba20000 - 0x00007ffcaba47000 	C:\WINDOWS\System32\win32u.dll
0x00007ffcad9b0000 - 0x00007ffcad9db000 	C:\WINDOWS\System32\GDI32.dll
0x00007ffcabfb0000 - 0x00007ffcac0dc000 	C:\WINDOWS\System32\gdi32full.dll
0x00007ffcabf00000 - 0x00007ffcabfa3000 	C:\WINDOWS\System32\msvcp_win.dll
0x00007ffc85480000 - 0x00007ffc85712000 	C:\WINDOWS\WinSxS\amd64_microsoft.windows.common-controls_6595b64144ccf1df_6.0.26100.8457_none_3e0b2faee331e92d\COMCTL32.dll
0x00007ffcac4d0000 - 0x00007ffcac579000 	C:\WINDOWS\System32\msvcrt.dll
0x00007ffcadda0000 - 0x00007ffcaddd2000 	C:\WINDOWS\System32\IMM32.DLL
0x00007ffc91190000 - 0x00007ffc9119c000 	c:\Users\ACER\.vscode\extensions\redhat.java-1.54.0-win32-x64\jre\21.0.10-win32-x86_64\bin\vcruntime140_1.dll
0x00007ffc55930000 - 0x00007ffc559bd000 	c:\Users\ACER\.vscode\extensions\redhat.java-1.54.0-win32-x64\jre\21.0.10-win32-x86_64\bin\msvcp140.dll
0x00007ffb80080000 - 0x00007ffb80e21000 	c:\Users\ACER\.vscode\extensions\redhat.java-1.54.0-win32-x64\jre\21.0.10-win32-x86_64\bin\server\jvm.dll
0x00007ffcac680000 - 0x00007ffcac736000 	C:\WINDOWS\System32\ADVAPI32.dll
0x00007ffcadcf0000 - 0x00007ffcadd97000 	C:\WINDOWS\System32\sechost.dll
0x00007ffcadbb0000 - 0x00007ffcadcc8000 	C:\WINDOWS\System32\RPCRT4.dll
0x00007ffcacad0000 - 0x00007ffcacb50000 	C:\WINDOWS\System32\WS2_32.dll
0x00007ffcaae30000 - 0x00007ffcaae8e000 	C:\WINDOWS\SYSTEM32\POWRPROF.dll
0x00007ffca16d0000 - 0x00007ffca1706000 	C:\WINDOWS\SYSTEM32\WINMM.dll
0x00007ffc968e0000 - 0x00007ffc968eb000 	C:\WINDOWS\SYSTEM32\VERSION.dll
0x00007ffcaae10000 - 0x00007ffcaae24000 	C:\WINDOWS\SYSTEM32\UMPDC.dll
0x00007ffca9d40000 - 0x00007ffca9d5b000 	C:\WINDOWS\SYSTEM32\kernel.appcore.dll
0x00007ffc8dec0000 - 0x00007ffc8deca000 	c:\Users\ACER\.vscode\extensions\redhat.java-1.54.0-win32-x64\jre\21.0.10-win32-x86_64\bin\jimage.dll
0x00007ffca8f10000 - 0x00007ffca9152000 	C:\WINDOWS\SYSTEM32\DBGHELP.DLL
0x00007ffcad620000 - 0x00007ffcad9a3000 	C:\WINDOWS\System32\combase.dll
0x00007ffcac8e0000 - 0x00007ffcac9b9000 	C:\WINDOWS\System32\OLEAUT32.dll
0x00007ffc7f190000 - 0x00007ffc7f1cb000 	C:\WINDOWS\SYSTEM32\dbgcore.DLL
0x00007ffcaba50000 - 0x00007ffcabaf8000 	C:\WINDOWS\System32\bcryptPrimitives.dll
0x00007ffc8ddc0000 - 0x00007ffc8ddcf000 	c:\Users\ACER\.vscode\extensions\redhat.java-1.54.0-win32-x64\jre\21.0.10-win32-x86_64\bin\instrument.dll
0x00007ffc86580000 - 0x00007ffc865a0000 	c:\Users\ACER\.vscode\extensions\redhat.java-1.54.0-win32-x64\jre\21.0.10-win32-x86_64\bin\java.dll
0x00007ffcadde0000 - 0x00007ffcae54e000 	C:\WINDOWS\System32\SHELL32.dll
0x00007ffcaafd0000 - 0x00007ffcab83c000 	C:\WINDOWS\System32\windows.storage.dll
0x00007ffcac580000 - 0x00007ffcac676000 	C:\WINDOWS\System32\SHCORE.dll
0x00007ffcaccd0000 - 0x00007ffcacd36000 	C:\WINDOWS\System32\shlwapi.dll
0x00007ffcaaef0000 - 0x00007ffcaaf19000 	C:\WINDOWS\SYSTEM32\profapi.dll
0x00007ffc8de20000 - 0x00007ffc8de38000 	c:\Users\ACER\.vscode\extensions\redhat.java-1.54.0-win32-x64\jre\21.0.10-win32-x86_64\bin\zip.dll
0x00007ffc8dd50000 - 0x00007ffc8dd60000 	C:\Users\ACER\.vscode\extensions\redhat.java-1.54.0-win32-x64\jre\21.0.10-win32-x86_64\bin\net.dll
0x00007ffca08d0000 - 0x00007ffca09f9000 	C:\WINDOWS\SYSTEM32\WINHTTP.dll
0x00007ffcaa2d0000 - 0x00007ffcaa33c000 	C:\WINDOWS\system32\mswsock.dll
0x00007ffc86550000 - 0x00007ffc86566000 	C:\Users\ACER\.vscode\extensions\redhat.java-1.54.0-win32-x64\jre\21.0.10-win32-x86_64\bin\nio.dll
0x00007ffc8dcf0000 - 0x00007ffc8dd00000 	c:\Users\ACER\.vscode\extensions\redhat.java-1.54.0-win32-x64\jre\21.0.10-win32-x86_64\bin\verify.dll
0x00007ffc31040000 - 0x00007ffc31085000 	C:\Users\ACER\AppData\Roaming\Code\User\globalStorage\redhat.java\1.54.0\config_ss_win\org.eclipse.equinox.launcher\org.eclipse.equinox.launcher.win32.win32.x86_64_1.3.0.v20260203-2149\eclipse_11919.dll
0x00007ffcac740000 - 0x00007ffcac8d7000 	C:\WINDOWS\System32\ole32.dll
0x00007ffc8d9d0000 - 0x00007ffc8d9da000 	C:\Users\ACER\.vscode\extensions\redhat.java-1.54.0-win32-x64\jre\21.0.10-win32-x86_64\bin\management.dll
0x00007ffc8acc0000 - 0x00007ffc8accc000 	C:\Users\ACER\.vscode\extensions\redhat.java-1.54.0-win32-x64\jre\21.0.10-win32-x86_64\bin\management_ext.dll
0x00007ffcadcd0000 - 0x00007ffcadcd8000 	C:\WINDOWS\System32\PSAPI.DLL

JVMTI agents:
c:\Users\ACER\.vscode\extensions\redhat.java-1.54.0-win32-x64\lombok\lombok-1.18.39-4050.jar path:c:\Users\ACER\.vscode\extensions\redhat.java-1.54.0-win32-x64\jre\21.0.10-win32-x86_64\bin\instrument.dll, loaded, initialized, instrumentlib options:none

dbghelp: loaded successfully - version: 4.0.5 - missing functions: none
symbol engine: initialized successfully - sym options: 0x614 - pdb path: .;c:\Users\ACER\.vscode\extensions\redhat.java-1.54.0-win32-x64\jre\21.0.10-win32-x86_64\bin;C:\WINDOWS\SYSTEM32;C:\WINDOWS\WinSxS\amd64_microsoft.windows.common-controls_6595b64144ccf1df_6.0.26100.8457_none_3e0b2faee331e92d;c:\Users\ACER\.vscode\extensions\redhat.java-1.54.0-win32-x64\jre\21.0.10-win32-x86_64\bin\server;C:\Users\ACER\AppData\Roaming\Code\User\globalStorage\redhat.java\1.54.0\config_ss_win\org.eclipse.equinox.launcher\org.eclipse.equinox.launcher.win32.win32.x86_64_1.3.0.v20260203-2149

VM Arguments:
jvm_args: --add-modules=ALL-SYSTEM --add-opens=java.base/java.util=ALL-UNNAMED --add-opens=java.base/java.lang=ALL-UNNAMED --add-opens=java.base/sun.nio.fs=ALL-UNNAMED -Declipse.application=org.eclipse.jdt.ls.core.id1 -Dosgi.bundles.defaultStartLevel=4 -Declipse.product=org.eclipse.jdt.ls.core.product -Djava.import.generatesMetadataFilesAtProjectRoot=false -DDetectVMInstallationsJob.disabled=true -Dfile.encoding=utf8 -XX:+UseParallelGC -XX:GCTimeRatio=4 -XX:AdaptiveSizePolicyWeight=90 -Dsun.zip.disableMemoryMapping=true -Xmx2G -Xms100m -Xlog:disable -javaagent:c:\Users\ACER\.vscode\extensions\redhat.java-1.54.0-win32-x64\lombok\lombok-1.18.39-4050.jar 
java_command: c:\Users\ACER\.vscode\extensions\redhat.java-1.54.0-win32-x64\server\plugins\org.eclipse.equinox.launcher_1.7.100.v20251111-0406.jar -configuration c:\Users\ACER\AppData\Roaming\Code\User\globalStorage\redhat.java\1.54.0\config_ss_win -data c:\Users\ACER\AppData\Roaming\Code\User\workspaceStorage\-32682f32\redhat.java\ss_ws --pipe=\\.\pipe\lsp-74d3a756756d7254e623e0ec1c716768-sock
java_class_path (initial): c:\Users\ACER\.vscode\extensions\redhat.java-1.54.0-win32-x64\server\plugins\org.eclipse.equinox.launcher_1.7.100.v20251111-0406.jar
Launcher Type: SUN_STANDARD

[Global flags]
    uintx AdaptiveSizePolicyWeight                 = 90                                        {product} {command line}
     intx CICompilerCount                          = 4                                         {product} {ergonomic}
    uintx GCTimeRatio                              = 4                                         {product} {command line}
   size_t InitialHeapSize                          = 104857600                                 {product} {command line}
   size_t MaxHeapSize                              = 2147483648                                {product} {command line}
   size_t MaxNewSize                               = 715653120                                 {product} {ergonomic}
   size_t MinHeapDeltaBytes                        = 524288                                    {product} {ergonomic}
   size_t MinHeapSize                              = 104857600                                 {product} {command line}
   size_t NewSize                                  = 34603008                                  {product} {ergonomic}
    uintx NonNMethodCodeHeapSize                   = 5839372                                {pd product} {ergonomic}
    uintx NonProfiledCodeHeapSize                  = 122909434                              {pd product} {ergonomic}
   size_t OldSize                                  = 70254592                                  {product} {ergonomic}
    uintx ProfiledCodeHeapSize                     = 122909434                              {pd product} {ergonomic}
    uintx ReservedCodeCacheSize                    = 251658240                              {pd product} {ergonomic}
     bool SegmentedCodeCache                       = true                                      {product} {ergonomic}
   size_t SoftMaxHeapSize                          = 2147483648                             {manageable} {ergonomic}
     bool UseCompressedOops                        = true                           {product lp64_product} {ergonomic}
     bool UseLargePagesIndividualAllocation        = false                                  {pd product} {ergonomic}
     bool UseParallelGC                            = true                                      {product} {command line}

Logging:
Log output configuration:
 #0: stdout all=off uptime,level,tags foldmultilines=false
 #1: stderr all=off uptime,level,tags foldmultilines=false

Release file:
JAVA_VERSION="21.0.10" 
MODULES="java.base java.compiler java.datatransfer java.xml java.prefs java.desktop java.instrument java.logging java.management java.security.sasl java.naming java.rmi java.management.rmi java.net.http java.scripting java.security.jgss java.transaction.xa java.sql java.sql.rowset java.xml.crypto java.se java.smartcardio jdk.accessibility jdk.internal.jvmstat jdk.attach jdk.charsets jdk.internal.opt jdk.zipfs jdk.compiler jdk.crypto.ec jdk.crypto.cryptoki jdk.crypto.mscapi jdk.dynalink jdk.internal.ed jdk.editpad jdk.hotspot.agent jdk.httpserver jdk.internal.le jdk.internal.vm.ci jdk.internal.vm.compiler jdk.internal.vm.compiler.management jdk.jartool jdk.javadoc jdk.jcmd jdk.management jdk.management.agent jdk.jconsole jdk.jdeps jdk.jdwp.agent jdk.jdi jdk.jfr jdk.jshell jdk.jsobject jdk.jstatd jdk.localedata jdk.management.jfr jdk.naming.dns jdk.naming.rmi jdk.net jdk.nio.mapmode jdk.random jdk.sctp jdk.security.auth jdk.security.jgss jdk.unsupported jdk.unsupported.desktop jdk.xml.dom" 

Environment Variables:
JAVA_HOME=C:\Program Files\Java\jdk-17
PATH=C:\WINDOWS\system32;C:\WINDOWS;C:\Program Files\Java\jdk-17\bin;C:\WINDOWS\System32\Wbem;C:\WINDOWS\System32\WindowsPowerShell\v1.0\;C:\WINDOWS\System32\OpenSSH\;C:\Program Files (x86)\NVIDIA Corporation\PhysX\Common;C:\Program Files\Git\cmd;C:\Program Files\nodejs\;C:\ProgramData\chocolatey\bin;C:\Program Files\Java\jdk-17\bin;;C:\Program Files\Docker\Docker\resources\bin;C:\Program Files\NVIDIA Corporation\NVIDIA App\NvDLISR;C:\Users\ACER\AppData\Local\Microsoft\WindowsApps;C:\Users\ACER\AppData\Local\GitHubDesktop\bin;C:\Users\ACER\AppData\Roaming\npm;C:\Users\ACER\AppData\Local\Programs\Microsoft VS Code\bin;D:\Antigravity\bin
USERNAME=ACER
OS=Windows_NT
PROCESSOR_IDENTIFIER=Intel64 Family 6 Model 186 Stepping 2, GenuineIntel
TMP=C:\Users\ACER\AppData\Local\Temp
TEMP=C:\Users\ACER\AppData\Local\Temp




Periodic native trim disabled

---------------  S Y S T E M  ---------------

OS:
 Windows 11 , 64 bit Build 26100 (10.0.26100.8328)
OS uptime: 2 days 3:38 hours
Hyper-V role detected

CPU: total 12 (initial active 12) (6 cores per cpu, 2 threads per core) family 6 model 186 stepping 2 microcode 0x4114, cx8, cmov, fxsr, ht, mmx, 3dnowpref, sse, sse2, sse3, ssse3, sse4.1, sse4.2, popcnt, lzcnt, tsc, tscinvbit, avx, avx2, aes, erms, clmul, bmi1, bmi2, adx, sha, fma, vzeroupper, clflush, clflushopt, clwb, hv, serialize, rdtscp, rdpid, fsrm, f16c, cet_ibt, cet_ss
Processor Information for processor 0
  Max Mhz: 2100, Current Mhz: 2100, Mhz Limit: 2100
Processor Information for processor 1
  Max Mhz: 2100, Current Mhz: 2100, Mhz Limit: 2100
Processor Information for processor 2
  Max Mhz: 2100, Current Mhz: 2100, Mhz Limit: 2100
Processor Information for processor 3
  Max Mhz: 2100, Current Mhz: 2100, Mhz Limit: 2100
Processor Information for processor 4
  Max Mhz: 2100, Current Mhz: 2100, Mhz Limit: 2100
Processor Information for processor 5
  Max Mhz: 2100, Current Mhz: 2100, Mhz Limit: 2100
Processor Information for processor 6
  Max Mhz: 2100, Current Mhz: 2100, Mhz Limit: 2100
Processor Information for processor 7
  Max Mhz: 2100, Current Mhz: 2100, Mhz Limit: 2100
Processor Information for processor 8
  Max Mhz: 2100, Current Mhz: 1500, Mhz Limit: 1491
Processor Information for processor 9
  Max Mhz: 2100, Current Mhz: 1500, Mhz Limit: 1491
Processor Information for processor 10
  Max Mhz: 2100, Current Mhz: 1500, Mhz Limit: 1491
Processor Information for processor 11
  Max Mhz: 2100, Current Mhz: 1500, Mhz Limit: 1491

Memory: 4k page, system-wide physical 16071M (2067M free)
TotalPageFile size 20167M (AvailPageFile size 8M)
current process WorkingSet (physical memory assigned to process): 141M, peak: 141M
current process commit charge ("private bytes"): 283M, peak: 283M

vm_info: OpenJDK 64-Bit Server VM (21.0.10+7-LTS) for windows-amd64 JRE (21.0.10+7-LTS), built on 2026-01-20T00:00:00Z by "admin" with MS VC++ 17.12 (VS2022)

END.
