#
# There is insufficient memory for the Java Runtime Environment to continue.
# Native memory allocation (malloc) failed to allocate 1176256 bytes. Error detail: Chunk::new
# Possible reasons:
#   The system is out of physical RAM or swap space
#   This process is running with CompressedOops enabled, and the Java Heap may be blocking the growth of the native heap
# Possible solutions:
#   Reduce memory load on the system
#   Increase physical memory or swap space
#   Check if swap backing store is full
#   Decrease Java heap size (-Xmx/-Xms)
#   Decrease number of Java threads
#   Decrease Java thread stack sizes (-Xss)
#   Set larger code cache with -XX:ReservedCodeCacheSize=
#   JVM is running with Unscaled Compressed Oops mode in which the Java heap is
#     placed in the first 4GB address space. The Java Heap base address is the
#     maximum limit for the native heap growth. Please use -XX:HeapBaseMinAddress
#     to set the Java Heap base and to place the Java Heap above 4GB virtual address.
# This output file may be truncated or incomplete.
#
#  Out of Memory Error (arena.cpp:168), pid=11008, tid=11312
#
# JRE version: OpenJDK Runtime Environment Temurin-21.0.10+7 (21.0.10+7) (build 21.0.10+7-LTS)
# Java VM: OpenJDK 64-Bit Server VM Temurin-21.0.10+7 (21.0.10+7-LTS, mixed mode, sharing, tiered, compressed oops, compressed class ptrs, parallel gc, windows-amd64)
# No core dump will be written. Minidumps are not enabled by default on client versions of Windows
#

---------------  S U M M A R Y ------------

Command Line: --add-modules=ALL-SYSTEM --add-opens=java.base/java.util=ALL-UNNAMED --add-opens=java.base/java.lang=ALL-UNNAMED --add-opens=java.base/sun.nio.fs=ALL-UNNAMED -Declipse.application=org.eclipse.jdt.ls.core.id1 -Dosgi.bundles.defaultStartLevel=4 -Declipse.product=org.eclipse.jdt.ls.core.product -Djava.import.generatesMetadataFilesAtProjectRoot=false -DDetectVMInstallationsJob.disabled=true -Dfile.encoding=utf8 -XX:+UseParallelGC -XX:GCTimeRatio=4 -XX:AdaptiveSizePolicyWeight=90 -Dsun.zip.disableMemoryMapping=true -Xmx2G -Xms100m -Xlog:disable -javaagent:c:\Users\ACER\.vscode\extensions\redhat.java-1.54.0-win32-x64\lombok\lombok-1.18.39-4050.jar -XX:+HeapDumpOnOutOfMemoryError -XX:HeapDumpPath=c:\Users\ACER\AppData\Roaming\Code\User\workspaceStorage\-32682f32\redhat.java -Daether.dependencyCollector.impl=bf c:\Users\ACER\.vscode\extensions\redhat.java-1.54.0-win32-x64\server\plugins\org.eclipse.equinox.launcher_1.7.100.v20251111-0406.jar -configuration c:\Users\ACER\AppData\Roaming\Code\User\globalStorage\redhat.java\1.54.0\config_win -data c:\Users\ACER\AppData\Roaming\Code\User\workspaceStorage\-32682f32\redhat.java\jdt_ws --pipe=\\.\pipe\lsp-f5035bb611b120f1b057434fba376591-sock

Host: 13th Gen Intel(R) Core(TM) i5-13420H, 12 cores, 15G,  Windows 11 , 64 bit Build 26100 (10.0.26100.8328)
Time: Mon May 25 20:32:25 2026 India Standard Time elapsed time: 42.558253 seconds (0d 0h 0m 42s)

---------------  T H R E A D  ---------------

Current thread (0x0000022c1bd0e370):  JavaThread "C2 CompilerThread0" daemon [_thread_in_native, id=11312, stack(0x0000006667c00000,0x0000006667d00000) (1024K)]


Current CompileTask:
C2:42558 12294   !   4       org.eclipse.jdt.internal.core.search.indexing.BinaryIndexer::indexDocument (1172 bytes)

Stack: [0x0000006667c00000,0x0000006667d00000]
Native frames: (J=compiled Java code, j=interpreted, Vv=VM code, C=native code)
V  [jvm.dll+0x6d7a39]
V  [jvm.dll+0x8b4b26]
V  [jvm.dll+0x8b70de]
V  [jvm.dll+0x8b77c3]
V  [jvm.dll+0x284346]
V  [jvm.dll+0xc66ed]
V  [jvm.dll+0xc6c31]
V  [jvm.dll+0x2fb29e]
V  [jvm.dll+0x5fe884]
V  [jvm.dll+0x255b17]
V  [jvm.dll+0x255edd]
V  [jvm.dll+0x24e500]
V  [jvm.dll+0x24ba42]
V  [jvm.dll+0x1cb34e]
V  [jvm.dll+0x25b85d]
V  [jvm.dll+0x259dea]
V  [jvm.dll+0x3f857e]
V  [jvm.dll+0x85f59d]
V  [jvm.dll+0x6d626d]
C  [ucrtbase.dll+0x37b0]
C  [KERNEL32.DLL+0x2e957]
C  [ntdll.dll+0x427c]


---------------  P R O C E S S  ---------------

Threads class SMR info:
_java_thread_list=0x0000022c7dd8b0c0, length=79, elements={
0x0000022c1bc5cc10, 0x0000022c1bd03400, 0x0000022c3270e300, 0x0000022c1bd05850,
0x0000022c1bd08b60, 0x0000022c1bd0ccf0, 0x0000022c1bd0d360, 0x0000022c1bd0e370,
0x0000022c74ae9970, 0x0000022c74cd0280, 0x0000022c74df57b0, 0x0000022c74e18660,
0x0000022c7a4e4510, 0x0000022c7ab1fef0, 0x0000022c7a8220a0, 0x0000022c7aa57520,
0x0000022c7a12b110, 0x0000022c7a7c33c0, 0x0000022c7acea980, 0x0000022c7aceb6a0,
0x0000022c7acebd30, 0x0000022c7ace9c60, 0x0000022c7acea2f0, 0x0000022c7acec3c0,
0x0000022c7ace8f40, 0x0000022c7ace95d0, 0x0000022c7aceb010, 0x0000022c7dfc19a0,
0x0000022c7dfc3a70, 0x0000022c7dfc26c0, 0x0000022c7dfc0c80, 0x0000022c7dfc1310,
0x0000022c7dfc2d50, 0x0000022c7dfc2030, 0x0000022c7dfc33e0, 0x0000022c7dfc05f0,
0x0000022c7dfc6860, 0x0000022c7dfc4790, 0x0000022c7dfc4e20, 0x0000022c7dfc54b0,
0x0000022c7dfc61d0, 0x0000022c7dfc7580, 0x0000022c7aa18370, 0x0000022c7aa18a00,
0x0000022c7aa19db0, 0x0000022c7aa1a440, 0x0000022c7aa1b7f0, 0x0000022c7dfc5b40,
0x0000022c7c2c19a0, 0x0000022c7c2c33e0, 0x0000022c7c2c2030, 0x0000022c7c2c4100,
0x0000022c7c2c1310, 0x0000022c7c2c0c80, 0x0000022c7c2c4e20, 0x0000022c7c2c5b40,
0x0000022c7c2c4790, 0x0000022c7c2c54b0, 0x0000022c7c2c26c0, 0x0000022c7c2c61d0,
0x0000022c7c2c2d50, 0x0000022c7c2c6860, 0x0000022c7c2c6ef0, 0x0000022c7c2c7580,
0x0000022c7c2c82a0, 0x0000022c7c2c7c10, 0x0000022c7d5790d0, 0x0000022c7d5797a0,
0x0000022c7db591e0, 0x0000022c7db58b50, 0x0000022c7db5b2b0, 0x0000022c7db59f00,
0x0000022c7db5ac20, 0x0000022c7db57e30, 0x0000022c7db5c660, 0x0000022c7db5b940,
0x0000022c7db5bfd0, 0x0000022c7db5ccf0, 0x0000022c7db5d380
}

Java Threads: ( => current thread )
  0x0000022c1bc5cc10 JavaThread "main"                              [_thread_blocked, id=4512, stack(0x0000006667200000,0x0000006667300000) (1024K)]
  0x0000022c1bd03400 JavaThread "Reference Handler"          daemon [_thread_blocked, id=3048, stack(0x0000006667600000,0x0000006667700000) (1024K)]
  0x0000022c3270e300 JavaThread "Finalizer"                  daemon [_thread_blocked, id=30056, stack(0x0000006667700000,0x0000006667800000) (1024K)]
  0x0000022c1bd05850 JavaThread "Signal Dispatcher"          daemon [_thread_blocked, id=7212, stack(0x0000006667800000,0x0000006667900000) (1024K)]
  0x0000022c1bd08b60 JavaThread "Attach Listener"            daemon [_thread_blocked, id=18184, stack(0x0000006667900000,0x0000006667a00000) (1024K)]
  0x0000022c1bd0ccf0 JavaThread "Service Thread"             daemon [_thread_blocked, id=30660, stack(0x0000006667a00000,0x0000006667b00000) (1024K)]
  0x0000022c1bd0d360 JavaThread "Monitor Deflation Thread"   daemon [_thread_blocked, id=30512, stack(0x0000006667b00000,0x0000006667c00000) (1024K)]
=>0x0000022c1bd0e370 JavaThread "C2 CompilerThread0"         daemon [_thread_in_native, id=11312, stack(0x0000006667c00000,0x0000006667d00000) (1024K)]
  0x0000022c74ae9970 JavaThread "C1 CompilerThread0"         daemon [_thread_blocked, id=31152, stack(0x0000006667d00000,0x0000006667e00000) (1024K)]
  0x0000022c74cd0280 JavaThread "Common-Cleaner"             daemon [_thread_blocked, id=4084, stack(0x0000006667f00000,0x0000006668000000) (1024K)]
  0x0000022c74df57b0 JavaThread "Notification Thread"        daemon [_thread_blocked, id=3648, stack(0x0000006667e00000,0x0000006667f00000) (1024K)]
  0x0000022c74e18660 JavaThread "Active Thread: Equinox Container: c743b9aa-1e6a-476f-99e0-21746e364c07"        [_thread_blocked, id=31788, stack(0x0000006668100000,0x0000006668200000) (1024K)]
  0x0000022c7a4e4510 JavaThread "Refresh Thread: Equinox Container: c743b9aa-1e6a-476f-99e0-21746e364c07" daemon [_thread_blocked, id=27032, stack(0x0000006668800000,0x0000006668900000) (1024K)]
  0x0000022c7ab1fef0 JavaThread "Framework Event Dispatcher: Equinox Container: c743b9aa-1e6a-476f-99e0-21746e364c07" daemon [_thread_blocked, id=11304, stack(0x0000006668900000,0x0000006668a00000) (1024K)]
  0x0000022c7a8220a0 JavaThread "Start Level: Equinox Container: c743b9aa-1e6a-476f-99e0-21746e364c07" daemon [_thread_blocked, id=8840, stack(0x0000006668a00000,0x0000006668b00000) (1024K)]
  0x0000022c7aa57520 JavaThread "Bundle File Closer"         daemon [_thread_blocked, id=11188, stack(0x0000006668f00000,0x0000006669000000) (1024K)]
  0x0000022c7a12b110 JavaThread "SCR Component Actor"        daemon [_thread_blocked, id=27996, stack(0x0000006668b00000,0x0000006668c00000) (1024K)]
  0x0000022c7a7c33c0 JavaThread "Worker-JM"                         [_thread_blocked, id=32736, stack(0x0000006669000000,0x0000006669100000) (1024K)]
  0x0000022c7acea980 JavaThread "Worker-0: Initialize workspace"        [_thread_blocked, id=32556, stack(0x0000006668c00000,0x0000006668d00000) (1024K)]
  0x0000022c7aceb6a0 JavaThread "Worker-1"                          [_thread_blocked, id=15036, stack(0x0000006669100000,0x0000006669200000) (1024K)]
  0x0000022c7acebd30 JavaThread "Worker-2: Java indexing... "        [_thread_blocked, id=19892, stack(0x0000006669300000,0x0000006669400000) (1024K)]
  0x0000022c7ace9c60 JavaThread "Java indexing"              daemon [_thread_blocked, id=33244, stack(0x0000006669500000,0x0000006669600000) (1024K)]
  0x0000022c7acea2f0 JavaThread "Worker-3"                          [_thread_blocked, id=2504, stack(0x0000006669600000,0x0000006669700000) (1024K)]
  0x0000022c7acec3c0 JavaThread "Worker-4"                          [_thread_blocked, id=22012, stack(0x0000006669700000,0x0000006669800000) (1024K)]
  0x0000022c7ace8f40 JavaThread "JNA Cleaner"                daemon [_thread_blocked, id=15112, stack(0x0000006669800000,0x0000006669900000) (1024K)]
  0x0000022c7ace95d0 JavaThread "Worker-5: Building"                [_thread_blocked, id=29428, stack(0x0000006669b00000,0x0000006669c00000) (1024K)]
  0x0000022c7aceb010 JavaThread "Thread-1"                   daemon [_thread_in_native, id=33720, stack(0x0000006669c00000,0x0000006669d00000) (1024K)]
  0x0000022c7dfc19a0 JavaThread "Thread-2"                   daemon [_thread_in_native, id=15464, stack(0x0000006669d00000,0x0000006669e00000) (1024K)]
  0x0000022c7dfc3a70 JavaThread "Thread-3"                   daemon [_thread_in_native, id=19208, stack(0x0000006669e00000,0x0000006669f00000) (1024K)]
  0x0000022c7dfc26c0 JavaThread "Thread-4"                   daemon [_thread_in_native, id=6100, stack(0x0000006669f00000,0x000000666a000000) (1024K)]
  0x0000022c7dfc0c80 JavaThread "Thread-5"                   daemon [_thread_in_native, id=28836, stack(0x000000666a000000,0x000000666a100000) (1024K)]
  0x0000022c7dfc1310 JavaThread "Thread-6"                   daemon [_thread_in_native, id=27232, stack(0x000000666a100000,0x000000666a200000) (1024K)]
  0x0000022c7dfc2d50 JavaThread "Thread-7"                   daemon [_thread_in_native, id=27988, stack(0x000000666a200000,0x000000666a300000) (1024K)]
  0x0000022c7dfc2030 JavaThread "Thread-8"                   daemon [_thread_in_native, id=4496, stack(0x000000666a300000,0x000000666a400000) (1024K)]
  0x0000022c7dfc33e0 JavaThread "Thread-9"                   daemon [_thread_in_native, id=33252, stack(0x000000666a400000,0x000000666a500000) (1024K)]
  0x0000022c7dfc05f0 JavaThread "Thread-10"                  daemon [_thread_in_native, id=21704, stack(0x000000666a500000,0x000000666a600000) (1024K)]
  0x0000022c7dfc6860 JavaThread "Thread-11"                  daemon [_thread_in_native, id=32692, stack(0x000000666a600000,0x000000666a700000) (1024K)]
  0x0000022c7dfc4790 JavaThread "Thread-12"                  daemon [_thread_in_native, id=30880, stack(0x000000666a700000,0x000000666a800000) (1024K)]
  0x0000022c7dfc4e20 JavaThread "Thread-13"                  daemon [_thread_in_native, id=2884, stack(0x000000666a800000,0x000000666a900000) (1024K)]
  0x0000022c7dfc54b0 JavaThread "pool-2-thread-1"                   [_thread_blocked, id=23736, stack(0x000000666a900000,0x000000666aa00000) (1024K)]
  0x0000022c7dfc61d0 JavaThread "WorkspaceEventsHandler"            [_thread_blocked, id=13668, stack(0x000000666ab00000,0x000000666ac00000) (1024K)]
  0x0000022c7dfc7580 JavaThread "pool-1-thread-1"                   [_thread_blocked, id=17588, stack(0x000000666ac00000,0x000000666ad00000) (1024K)]
  0x0000022c7aa18370 JavaThread "ForkJoinPool.commonPool-worker-1" daemon [_thread_blocked, id=26488, stack(0x000000666ad00000,0x000000666ae00000) (1024K)]
  0x0000022c7aa18a00 JavaThread "ForkJoinPool.commonPool-worker-2" daemon [_thread_blocked, id=33760, stack(0x000000666ae00000,0x000000666af00000) (1024K)]
  0x0000022c7aa19db0 JavaThread "LocalFile Deleter"          daemon [_thread_blocked, id=24696, stack(0x000000666af00000,0x000000666b000000) (1024K)]
  0x0000022c7aa1a440 JavaThread "LocalFile Deleter"          daemon [_thread_blocked, id=30220, stack(0x000000666b000000,0x000000666b100000) (1024K)]
  0x0000022c7aa1b7f0 JavaThread "LocalFile Deleter"          daemon [_thread_blocked, id=23600, stack(0x000000666b100000,0x000000666b200000) (1024K)]
  0x0000022c7dfc5b40 JavaThread "LocalFile Deleter"          daemon [_thread_blocked, id=27692, stack(0x000000666b200000,0x000000666b300000) (1024K)]
  0x0000022c7c2c19a0 JavaThread "LocalFile Deleter"          daemon [_thread_blocked, id=14756, stack(0x000000666b300000,0x000000666b400000) (1024K)]
  0x0000022c7c2c33e0 JavaThread "LocalFile Deleter"          daemon [_thread_blocked, id=29160, stack(0x000000666b400000,0x000000666b500000) (1024K)]
  0x0000022c7c2c2030 JavaThread "LocalFile Deleter"          daemon [_thread_blocked, id=1728, stack(0x000000666b500000,0x000000666b600000) (1024K)]
  0x0000022c7c2c4100 JavaThread "LocalFile Deleter"          daemon [_thread_blocked, id=31188, stack(0x000000666b600000,0x000000666b700000) (1024K)]
  0x0000022c7c2c1310 JavaThread "LocalFile Deleter"          daemon [_thread_blocked, id=33156, stack(0x000000666b700000,0x000000666b800000) (1024K)]
  0x0000022c7c2c0c80 JavaThread "LocalFile Deleter"          daemon [_thread_blocked, id=4952, stack(0x000000666b800000,0x000000666b900000) (1024K)]
  0x0000022c7c2c4e20 JavaThread "LocalFile Deleter"          daemon [_thread_blocked, id=32112, stack(0x000000666b900000,0x000000666ba00000) (1024K)]
  0x0000022c7c2c5b40 JavaThread "LocalFile Deleter"          daemon [_thread_blocked, id=24944, stack(0x000000666ba00000,0x000000666bb00000) (1024K)]
  0x0000022c7c2c4790 JavaThread "Compiler Source File Reader" daemon [_thread_blocked, id=17944, stack(0x000000666bb00000,0x000000666bc00000) (1024K)]
  0x0000022c7c2c54b0 JavaThread "Compiler Source File Reader" daemon [_thread_blocked, id=17700, stack(0x000000666bc00000,0x000000666bd00000) (1024K)]
  0x0000022c7c2c26c0 JavaThread "Compiler Source File Reader" daemon [_thread_blocked, id=17828, stack(0x000000666bd00000,0x000000666be00000) (1024K)]
  0x0000022c7c2c61d0 JavaThread "Compiler Source File Reader" daemon [_thread_blocked, id=18092, stack(0x000000666be00000,0x000000666bf00000) (1024K)]
  0x0000022c7c2c2d50 JavaThread "Compiler Source File Reader" daemon [_thread_blocked, id=1916, stack(0x000000666bf00000,0x000000666c000000) (1024K)]
  0x0000022c7c2c6860 JavaThread "Compiler Source File Reader" daemon [_thread_blocked, id=9732, stack(0x000000666c000000,0x000000666c100000) (1024K)]
  0x0000022c7c2c6ef0 JavaThread "Compiler Source File Reader" daemon [_thread_blocked, id=18120, stack(0x000000666c100000,0x000000666c200000) (1024K)]
  0x0000022c7c2c7580 JavaThread "Compiler Source File Reader" daemon [_thread_blocked, id=22408, stack(0x000000666c200000,0x000000666c300000) (1024K)]
  0x0000022c7c2c82a0 JavaThread "Compiler Source File Reader" daemon [_thread_blocked, id=7692, stack(0x000000666c300000,0x000000666c400000) (1024K)]
  0x0000022c7c2c7c10 JavaThread "Compiler Source File Reader" daemon [_thread_blocked, id=20856, stack(0x000000666c400000,0x000000666c500000) (1024K)]
  0x0000022c7d5790d0 JavaThread "C2 CompilerThread1"         daemon [_thread_in_native, id=12408, stack(0x0000006669200000,0x0000006669300000) (1024K)]
  0x0000022c7d5797a0 JavaThread "C2 CompilerThread2"         daemon [_thread_blocked, id=28896, stack(0x0000006669400000,0x0000006669500000) (1024K)]
  0x0000022c7db591e0 JavaThread "Compiler Processing Task"   daemon [_thread_blocked, id=3288, stack(0x000000666c500000,0x000000666c600000) (1024K)]
  0x0000022c7db58b50 JavaThread "Compiler Class File Writer" daemon [_thread_blocked, id=28344, stack(0x000000666c600000,0x000000666c700000) (1024K)]
  0x0000022c7db5b2b0 JavaThread "Compiler Class File Writer" daemon [_thread_blocked, id=33152, stack(0x000000666c700000,0x000000666c800000) (1024K)]
  0x0000022c7db59f00 JavaThread "Compiler Class File Writer" daemon [_thread_blocked, id=8432, stack(0x000000666c800000,0x000000666c900000) (1024K)]
  0x0000022c7db5ac20 JavaThread "Compiler Class File Writer" daemon [_thread_blocked, id=6600, stack(0x000000666c900000,0x000000666ca00000) (1024K)]
  0x0000022c7db57e30 JavaThread "Compiler Class File Writer" daemon [_thread_blocked, id=20728, stack(0x000000666ca00000,0x000000666cb00000) (1024K)]
  0x0000022c7db5c660 JavaThread "Compiler Class File Writer" daemon [_thread_blocked, id=27404, stack(0x000000666cb00000,0x000000666cc00000) (1024K)]
  0x0000022c7db5b940 JavaThread "Compiler Class File Writer" daemon [_thread_blocked, id=30464, stack(0x000000666cc00000,0x000000666cd00000) (1024K)]
  0x0000022c7db5bfd0 JavaThread "Compiler Class File Writer" daemon [_thread_blocked, id=26592, stack(0x000000666cd00000,0x000000666ce00000) (1024K)]
  0x0000022c7db5ccf0 JavaThread "Compiler Class File Writer" daemon [_thread_blocked, id=24136, stack(0x000000666ce00000,0x000000666cf00000) (1024K)]
  0x0000022c7db5d380 JavaThread "Compiler Class File Writer" daemon [_thread_blocked, id=10592, stack(0x000000666cf00000,0x000000666d000000) (1024K)]
Total: 79

Other Threads:
  0x0000022c1bcfe760 VMThread "VM Thread"                           [id=17168, stack(0x0000006667500000,0x0000006667600000) (1024K)]
  0x0000022c325eca10 WatcherThread "VM Periodic Task Thread"        [id=28640, stack(0x0000006667400000,0x0000006667500000) (1024K)]
  0x0000022c1bc7a3d0 WorkerThread "GC Thread#0"                     [id=10424, stack(0x0000006667300000,0x0000006667400000) (1024K)]
  0x0000022c7a5105f0 WorkerThread "GC Thread#1"                     [id=14804, stack(0x0000006668200000,0x0000006668300000) (1024K)]
  0x0000022c7aa77030 WorkerThread "GC Thread#2"                     [id=18160, stack(0x0000006668300000,0x0000006668400000) (1024K)]
  0x0000022c7a856300 WorkerThread "GC Thread#3"                     [id=23608, stack(0x0000006668400000,0x0000006668500000) (1024K)]
  0x0000022c7a8566b0 WorkerThread "GC Thread#4"                     [id=15420, stack(0x0000006668500000,0x0000006668600000) (1024K)]
  0x0000022c7aa90180 WorkerThread "GC Thread#5"                     [id=7708, stack(0x0000006668600000,0x0000006668700000) (1024K)]
  0x0000022c7aa90530 WorkerThread "GC Thread#6"                     [id=25872, stack(0x0000006668700000,0x0000006668800000) (1024K)]
  0x0000022c7a4eed90 WorkerThread "GC Thread#7"                     [id=33300, stack(0x0000006668000000,0x0000006668100000) (1024K)]
  0x0000022c7ad7ff20 WorkerThread "GC Thread#8"                     [id=31080, stack(0x0000006668d00000,0x0000006668e00000) (1024K)]
  0x0000022c7a824ac0 WorkerThread "GC Thread#9"                     [id=23840, stack(0x0000006668e00000,0x0000006668f00000) (1024K)]
Total: 12

Threads with active compile tasks:
C2 CompilerThread0  43579 12294   !   4       org.eclipse.jdt.internal.core.search.indexing.BinaryIndexer::indexDocument (1172 bytes)
C1 CompilerThread0  43579 12457       2       lombok.eclipse.EclipseAST::buildStatements (53 bytes)
C2 CompilerThread1  43579 12201 %     4       org.eclipse.jdt.internal.core.search.indexing.BinaryIndexer::extractReferenceFromConstantPool @ 15 (358 bytes)
C2 CompilerThread2  43579 12323   !   4       org.eclipse.jdt.internal.compiler.classfmt.ClassFileReader::<init> (1968 bytes)
Total: 4

VM state: at safepoint (normal execution)

VM Mutex/Monitor currently owned by a thread:  ([mutex/lock_event])
[0x00007ffb80d3e560] Threads_lock - owner thread: 0x0000022c1bcfe760
[0x00007ffb80d3e660] Heap_lock - owner thread: 0x0000022c7ace9c60
[0x00007ffb80d3eae0] PSOldGenExpand_lock - owner thread: 0x0000022c7aa77030

Heap address: 0x0000000080000000, size: 2048 MB, Compressed Oops mode: 32-bit

CDS archive(s) mapped at: [0x0000022c33000000-0x0000022c33ba0000-0x0000022c33ba0000), size 12189696, SharedBaseAddress: 0x0000022c33000000, ArchiveRelocationMode: 1.
Compressed class space mapped at: 0x0000022c34000000-0x0000022c74000000, reserved size: 1073741824
Narrow klass base: 0x0000022c33000000, Narrow klass shift: 0, Narrow klass range: 0x100000000

GC Precious Log:
 CardTable entry size: 512
 CPUs: 12 total, 12 available
 Memory: 16071M
 Large Page Support: Disabled
 NUMA Support: Disabled
 Compressed Oops: Enabled (32-bit)
 Alignments: Space 512K, Generation 512K, Heap 2M
 Heap Min Capacity: 100M
 Heap Initial Capacity: 100M
 Heap Max Capacity: 2G
 Pre-touch: Disabled
 Parallel Workers: 10

Heap:
 PSYoungGen      total 4096K, used 3712K [0x00000000d5580000, 0x00000000d5a80000, 0x0000000100000000)
  eden space 3072K, 100% used [0x00000000d5580000,0x00000000d5880000,0x00000000d5880000)
  from space 1024K, 62% used [0x00000000d5980000,0x00000000d5a20000,0x00000000d5a80000)
  to   space 1024K, 55% used [0x00000000d5880000,0x00000000d590ec08,0x00000000d5980000)
 ParOldGen       total 399872K, used 399865K [0x0000000080000000, 0x0000000098680000, 0x00000000d5580000)
  object space 399872K, 99% used [0x0000000080000000,0x000000009867e478,0x0000000098680000)
 Metaspace       used 69039K, committed 70528K, reserved 1114112K
  class space    used 7389K, committed 8000K, reserved 1048576K

Card table byte_map: [0x0000022c1b600000,0x0000022c1ba10000] _byte_map_base: 0x0000022c1b200000

Marking Bits: (ParMarkBitMap*) 0x00007ffb80d43450
 Begin Bits: [0x0000022c2e110000, 0x0000022c30110000)
 End Bits:   [0x0000022c30110000, 0x0000022c32110000)

Polling page: 0x0000022c198b0000

Metaspace:

Usage:
  Non-class:     60.21 MB used.
      Class:      7.22 MB used.
       Both:     67.42 MB used.

Virtual space:
  Non-class space:       64.00 MB reserved,      61.06 MB ( 95%) committed,  1 nodes.
      Class space:        1.00 GB reserved,       7.81 MB ( <1%) committed,  1 nodes.
             Both:        1.06 GB reserved,      68.88 MB (  6%) committed. 

Chunk freelists:
   Non-Class:  2.96 MB
       Class:  8.15 MB
        Both:  11.12 MB

MaxMetaspaceSize: unlimited
CompressedClassSpaceSize: 1.00 GB
Initial GC threshold: 21.00 MB
Current GC threshold: 97.31 MB
CDS: on
 - commit_granule_bytes: 65536.
 - commit_granule_words: 8192.
 - virtual_space_node_default_size: 8388608.
 - enlarge_chunks_in_place: 1.
 - use_allocation_guard: 0.


Internal statistics:

num_allocs_failed_limit: 9.
num_arena_births: 1216.
num_arena_deaths: 26.
num_vsnodes_births: 2.
num_vsnodes_deaths: 0.
num_space_committed: 1102.
num_space_uncommitted: 0.
num_chunks_returned_to_freelist: 41.
num_chunks_taken_from_freelist: 4297.
num_chunk_merges: 15.
num_chunk_splits: 2618.
num_chunks_enlarged: 1489.
num_inconsistent_stats: 0.

CodeHeap 'non-profiled nmethods': size=120000Kb used=8655Kb max_used=8655Kb free=111345Kb
 bounds [0x0000022c26930000, 0x0000022c271b0000, 0x0000022c2de60000]
CodeHeap 'profiled nmethods': size=120000Kb used=25409Kb max_used=25409Kb free=94590Kb
 bounds [0x0000022c1ee60000, 0x0000022c20740000, 0x0000022c26390000]
CodeHeap 'non-nmethods': size=5760Kb used=1464Kb max_used=1555Kb free=4295Kb
 bounds [0x0000022c26390000, 0x0000022c26600000, 0x0000022c26930000]
CodeCache: size=245760Kb, used=35528Kb, max_used=35619Kb, free=210230Kb
 total_blobs=12482, nmethods=11703, adapters=685, full_count=0
Compilation: enabled, stopped_count=0, restarted_count=0

Compilation events (20 events):
Event: 41.543 Thread 0x0000022c74ae9970 nmethod 12443 0x0000022c20728910 code [0x0000022c20728be0, 0x0000022c20729ab0]
Event: 41.544 Thread 0x0000022c74ae9970 12451       2       org.eclipse.jdt.internal.compiler.flow.UnconditionalFlowInfo::copy (371 bytes)
Event: 41.545 Thread 0x0000022c74ae9970 nmethod 12451 0x0000022c2072a510 code [0x0000022c2072a7e0, 0x0000022c2072bc40]
Event: 41.545 Thread 0x0000022c74ae9970 12452       2       org.eclipse.jdt.internal.compiler.lookup.TypeIds::getCategory (18 bytes)
Event: 41.545 Thread 0x0000022c74ae9970 nmethod 12452 0x0000022c2072c590 code [0x0000022c2072c720, 0x0000022c2072c848]
Event: 41.545 Thread 0x0000022c74ae9970 12439       1       org.eclipse.jdt.internal.compiler.lookup.LocalVariableBinding::isCatchParameter (2 bytes)
Event: 41.545 Thread 0x0000022c74ae9970 nmethod 12439 0x0000022c271a2d10 code [0x0000022c271a2ea0, 0x0000022c271a2f68]
Event: 41.545 Thread 0x0000022c74ae9970 12446       1       org.eclipse.jdt.internal.compiler.lookup.SourceTypeBinding::getNestHost (5 bytes)
Event: 41.545 Thread 0x0000022c74ae9970 nmethod 12446 0x0000022c271a3010 code [0x0000022c271a31a0, 0x0000022c271a3270]
Event: 41.545 Thread 0x0000022c74ae9970 12440       1       org.eclipse.jdt.internal.compiler.CompilationResult::getFileName (5 bytes)
Event: 41.546 Thread 0x0000022c74ae9970 nmethod 12440 0x0000022c271a3310 code [0x0000022c271a34a0, 0x0000022c271a3568]
Event: 41.546 Thread 0x0000022c74ae9970 12445       1       org.eclipse.jdt.internal.compiler.lookup.VariableBinding::setConstant (6 bytes)
Event: 41.546 Thread 0x0000022c74ae9970 nmethod 12445 0x0000022c271a3610 code [0x0000022c271a37a0, 0x0000022c271a3880]
Event: 41.546 Thread 0x0000022c74ae9970 12442       1       org.eclipse.jdt.internal.compiler.parser.Parser::getFirstToken (5 bytes)
Event: 41.546 Thread 0x0000022c74ae9970 nmethod 12442 0x0000022c271a3910 code [0x0000022c271a3aa0, 0x0000022c271a3b70]
Event: 41.546 Thread 0x0000022c74ae9970 12453       3       org.eclipse.jdt.internal.compiler.codegen.CodeStream::isDefinitelyAssigned (123 bytes)
Event: 41.546 Thread 0x0000022c74ae9970 nmethod 12453 0x0000022c2072c910 code [0x0000022c2072cb40, 0x0000022c2072d348]
Event: 41.546 Thread 0x0000022c74ae9970 12454 %     3       org.eclipse.jdt.internal.compiler.codegen.ConstantPool::literalIndex @ 152 (400 bytes)
Event: 41.550 Thread 0x0000022c74ae9970 nmethod 12454% 0x0000022c2072d610 code [0x0000022c2072da00, 0x0000022c2072f8f0]
Event: 41.550 Thread 0x0000022c74ae9970 12457       2       lombok.eclipse.EclipseAST::buildStatements (53 bytes)

GC Heap History (20 events):
Event: 41.261 GC heap after
{Heap after GC invocations=412 (full 3):
 PSYoungGen      total 4096K, used 507K [0x00000000d5580000, 0x00000000d5a80000, 0x0000000100000000)
  eden space 3072K, 0% used [0x00000000d5580000,0x00000000d5580000,0x00000000d5880000)
  from space 1024K, 49% used [0x00000000d5880000,0x00000000d58fec08,0x00000000d5980000)
  to   space 1024K, 0% used [0x00000000d5980000,0x00000000d5980000,0x00000000d5a80000)
 ParOldGen       total 396800K, used 396483K [0x0000000080000000, 0x0000000098380000, 0x00000000d5580000)
  object space 396800K, 99% used [0x0000000080000000,0x0000000098330e60,0x0000000098380000)
 Metaspace       used 68564K, committed 70016K, reserved 1114112K
  class space    used 7338K, committed 7936K, reserved 1048576K
}
Event: 41.278 GC heap before
{Heap before GC invocations=413 (full 3):
 PSYoungGen      total 4096K, used 3579K [0x00000000d5580000, 0x00000000d5a80000, 0x0000000100000000)
  eden space 3072K, 100% used [0x00000000d5580000,0x00000000d5880000,0x00000000d5880000)
  from space 1024K, 49% used [0x00000000d5880000,0x00000000d58fec08,0x00000000d5980000)
  to   space 1024K, 0% used [0x00000000d5980000,0x00000000d5980000,0x00000000d5a80000)
 ParOldGen       total 396800K, used 396483K [0x0000000080000000, 0x0000000098380000, 0x00000000d5580000)
  object space 396800K, 99% used [0x0000000080000000,0x0000000098330e60,0x0000000098380000)
 Metaspace       used 68615K, committed 70080K, reserved 1114112K
  class space    used 7351K, committed 7936K, reserved 1048576K
}
Event: 41.281 GC heap after
{Heap after GC invocations=413 (full 3):
 PSYoungGen      total 4096K, used 544K [0x00000000d5580000, 0x00000000d5a80000, 0x0000000100000000)
  eden space 3072K, 0% used [0x00000000d5580000,0x00000000d5580000,0x00000000d5880000)
  from space 1024K, 53% used [0x00000000d5980000,0x00000000d5a08000,0x00000000d5a80000)
  to   space 1024K, 0% used [0x00000000d5880000,0x00000000d5880000,0x00000000d5980000)
 ParOldGen       total 397312K, used 396822K [0x0000000080000000, 0x0000000098400000, 0x00000000d5580000)
  object space 397312K, 99% used [0x0000000080000000,0x0000000098385a68,0x0000000098400000)
 Metaspace       used 68615K, committed 70080K, reserved 1114112K
  class space    used 7351K, committed 7936K, reserved 1048576K
}
Event: 41.305 GC heap before
{Heap before GC invocations=414 (full 3):
 PSYoungGen      total 4096K, used 3616K [0x00000000d5580000, 0x00000000d5a80000, 0x0000000100000000)
  eden space 3072K, 100% used [0x00000000d5580000,0x00000000d5880000,0x00000000d5880000)
  from space 1024K, 53% used [0x00000000d5980000,0x00000000d5a08000,0x00000000d5a80000)
  to   space 1024K, 0% used [0x00000000d5880000,0x00000000d5880000,0x00000000d5980000)
 ParOldGen       total 397312K, used 396822K [0x0000000080000000, 0x0000000098400000, 0x00000000d5580000)
  object space 397312K, 99% used [0x0000000080000000,0x0000000098385a68,0x0000000098400000)
 Metaspace       used 68707K, committed 70208K, reserved 1114112K
  class space    used 7361K, committed 8000K, reserved 1048576K
}
Event: 41.308 GC heap after
{Heap after GC invocations=414 (full 3):
 PSYoungGen      total 4096K, used 352K [0x00000000d5580000, 0x00000000d5a00000, 0x0000000100000000)
  eden space 3072K, 0% used [0x00000000d5580000,0x00000000d5580000,0x00000000d5880000)
  from space 1024K, 34% used [0x00000000d5880000,0x00000000d58d8000,0x00000000d5980000)
  to   space 512K, 0% used [0x00000000d5980000,0x00000000d5980000,0x00000000d5a00000)
 ParOldGen       total 397312K, used 397182K [0x0000000080000000, 0x0000000098400000, 0x00000000d5580000)
  object space 397312K, 99% used [0x0000000080000000,0x00000000983dfa68,0x0000000098400000)
 Metaspace       used 68707K, committed 70208K, reserved 1114112K
  class space    used 7361K, committed 8000K, reserved 1048576K
}
Event: 41.325 GC heap before
{Heap before GC invocations=415 (full 3):
 PSYoungGen      total 4096K, used 3424K [0x00000000d5580000, 0x00000000d5a00000, 0x0000000100000000)
  eden space 3072K, 100% used [0x00000000d5580000,0x00000000d5880000,0x00000000d5880000)
  from space 1024K, 34% used [0x00000000d5880000,0x00000000d58d8000,0x00000000d5980000)
  to   space 512K, 0% used [0x00000000d5980000,0x00000000d5980000,0x00000000d5a00000)
 ParOldGen       total 397312K, used 397182K [0x0000000080000000, 0x0000000098400000, 0x00000000d5580000)
  object space 397312K, 99% used [0x0000000080000000,0x00000000983dfa68,0x0000000098400000)
 Metaspace       used 68766K, committed 70272K, reserved 1114112K
  class space    used 7372K, committed 8000K, reserved 1048576K
}
Event: 41.328 GC heap after
{Heap after GC invocations=415 (full 3):
 PSYoungGen      total 3584K, used 502K [0x00000000d5580000, 0x00000000d5a80000, 0x0000000100000000)
  eden space 3072K, 0% used [0x00000000d5580000,0x00000000d5580000,0x00000000d5880000)
  from space 512K, 98% used [0x00000000d5980000,0x00000000d59fd808,0x00000000d5a00000)
  to   space 1024K, 0% used [0x00000000d5880000,0x00000000d5880000,0x00000000d5980000)
 ParOldGen       total 397824K, used 397478K [0x0000000080000000, 0x0000000098480000, 0x00000000d5580000)
  object space 397824K, 99% used [0x0000000080000000,0x0000000098429a68,0x0000000098480000)
 Metaspace       used 68766K, committed 70272K, reserved 1114112K
  class space    used 7372K, committed 8000K, reserved 1048576K
}
Event: 41.350 GC heap before
{Heap before GC invocations=416 (full 3):
 PSYoungGen      total 3584K, used 3560K [0x00000000d5580000, 0x00000000d5a80000, 0x0000000100000000)
  eden space 3072K, 99% used [0x00000000d5580000,0x00000000d587c930,0x00000000d5880000)
  from space 512K, 98% used [0x00000000d5980000,0x00000000d59fd808,0x00000000d5a00000)
  to   space 1024K, 0% used [0x00000000d5880000,0x00000000d5880000,0x00000000d5980000)
 ParOldGen       total 397824K, used 397478K [0x0000000080000000, 0x0000000098480000, 0x00000000d5580000)
  object space 397824K, 99% used [0x0000000080000000,0x0000000098429a68,0x0000000098480000)
 Metaspace       used 68783K, committed 70272K, reserved 1114112K
  class space    used 7372K, committed 8000K, reserved 1048576K
}
Event: 41.352 GC heap after
{Heap after GC invocations=416 (full 3):
 PSYoungGen      total 4096K, used 512K [0x00000000d5580000, 0x00000000d5a80000, 0x0000000100000000)
  eden space 3072K, 0% used [0x00000000d5580000,0x00000000d5580000,0x00000000d5880000)
  from space 1024K, 50% used [0x00000000d5880000,0x00000000d5900000,0x00000000d5980000)
  to   space 1024K, 0% used [0x00000000d5980000,0x00000000d5980000,0x00000000d5a80000)
 ParOldGen       total 398336K, used 397868K [0x0000000080000000, 0x0000000098500000, 0x00000000d5580000)
  object space 398336K, 99% used [0x0000000080000000,0x000000009848b270,0x0000000098500000)
 Metaspace       used 68783K, committed 70272K, reserved 1114112K
  class space    used 7372K, committed 8000K, reserved 1048576K
}
Event: 41.373 GC heap before
{Heap before GC invocations=417 (full 3):
 PSYoungGen      total 4096K, used 3569K [0x00000000d5580000, 0x00000000d5a80000, 0x0000000100000000)
  eden space 3072K, 99% used [0x00000000d5580000,0x00000000d587c430,0x00000000d5880000)
  from space 1024K, 50% used [0x00000000d5880000,0x00000000d5900000,0x00000000d5980000)
  to   space 1024K, 0% used [0x00000000d5980000,0x00000000d5980000,0x00000000d5a80000)
 ParOldGen       total 398336K, used 397868K [0x0000000080000000, 0x0000000098500000, 0x00000000d5580000)
  object space 398336K, 99% used [0x0000000080000000,0x000000009848b270,0x0000000098500000)
 Metaspace       used 68792K, committed 70272K, reserved 1114112K
  class space    used 7373K, committed 8000K, reserved 1048576K
}
Event: 41.375 GC heap after
{Heap after GC invocations=417 (full 3):
 PSYoungGen      total 3584K, used 416K [0x00000000d5580000, 0x00000000d5a00000, 0x0000000100000000)
  eden space 3072K, 0% used [0x00000000d5580000,0x00000000d5580000,0x00000000d5880000)
  from space 512K, 81% used [0x00000000d5980000,0x00000000d59e8000,0x00000000d5a00000)
  to   space 512K, 0% used [0x00000000d5900000,0x00000000d5900000,0x00000000d5980000)
 ParOldGen       total 398336K, used 398228K [0x0000000080000000, 0x0000000098500000, 0x00000000d5580000)
  object space 398336K, 99% used [0x0000000080000000,0x00000000984e5270,0x0000000098500000)
 Metaspace       used 68792K, committed 70272K, reserved 1114112K
  class space    used 7373K, committed 8000K, reserved 1048576K
}
Event: 41.391 GC heap before
{Heap before GC invocations=418 (full 3):
 PSYoungGen      total 3584K, used 3488K [0x00000000d5580000, 0x00000000d5a00000, 0x0000000100000000)
  eden space 3072K, 100% used [0x00000000d5580000,0x00000000d5880000,0x00000000d5880000)
  from space 512K, 81% used [0x00000000d5980000,0x00000000d59e8000,0x00000000d5a00000)
  to   space 512K, 0% used [0x00000000d5900000,0x00000000d5900000,0x00000000d5980000)
 ParOldGen       total 398336K, used 398228K [0x0000000080000000, 0x0000000098500000, 0x00000000d5580000)
  object space 398336K, 99% used [0x0000000080000000,0x00000000984e5270,0x0000000098500000)
 Metaspace       used 68811K, committed 70272K, reserved 1114112K
  class space    used 7374K, committed 8000K, reserved 1048576K
}
Event: 41.392 GC heap after
{Heap after GC invocations=418 (full 3):
 PSYoungGen      total 3584K, used 448K [0x00000000d5580000, 0x00000000d5a00000, 0x0000000100000000)
  eden space 3072K, 0% used [0x00000000d5580000,0x00000000d5580000,0x00000000d5880000)
  from space 512K, 87% used [0x00000000d5900000,0x00000000d5970000,0x00000000d5980000)
  to   space 512K, 0% used [0x00000000d5980000,0x00000000d5980000,0x00000000d5a00000)
 ParOldGen       total 398848K, used 398540K [0x0000000080000000, 0x0000000098580000, 0x00000000d5580000)
  object space 398848K, 99% used [0x0000000080000000,0x0000000098533270,0x0000000098580000)
 Metaspace       used 68811K, committed 70272K, reserved 1114112K
  class space    used 7374K, committed 8000K, reserved 1048576K
}
Event: 41.429 GC heap before
{Heap before GC invocations=419 (full 3):
 PSYoungGen      total 3584K, used 3519K [0x00000000d5580000, 0x00000000d5a00000, 0x0000000100000000)
  eden space 3072K, 99% used [0x00000000d5580000,0x00000000d587fff8,0x00000000d5880000)
  from space 512K, 87% used [0x00000000d5900000,0x00000000d5970000,0x00000000d5980000)
  to   space 512K, 0% used [0x00000000d5980000,0x00000000d5980000,0x00000000d5a00000)
 ParOldGen       total 398848K, used 398540K [0x0000000080000000, 0x0000000098580000, 0x00000000d5580000)
  object space 398848K, 99% used [0x0000000080000000,0x0000000098533270,0x0000000098580000)
 Metaspace       used 68900K, committed 70400K, reserved 1114112K
  class space    used 7383K, committed 8000K, reserved 1048576K
}
Event: 41.432 GC heap after
{Heap after GC invocations=419 (full 3):
 PSYoungGen      total 3584K, used 352K [0x00000000d5580000, 0x00000000d5a00000, 0x0000000100000000)
  eden space 3072K, 0% used [0x00000000d5580000,0x00000000d5580000,0x00000000d5880000)
  from space 512K, 68% used [0x00000000d5980000,0x00000000d59d8000,0x00000000d5a00000)
  to   space 512K, 0% used [0x00000000d5900000,0x00000000d5900000,0x00000000d5980000)
 ParOldGen       total 398848K, used 398844K [0x0000000080000000, 0x0000000098580000, 0x00000000d5580000)
  object space 398848K, 99% used [0x0000000080000000,0x000000009857f270,0x0000000098580000)
 Metaspace       used 68900K, committed 70400K, reserved 1114112K
  class space    used 7383K, committed 8000K, reserved 1048576K
}
Event: 41.504 GC heap before
{Heap before GC invocations=420 (full 3):
 PSYoungGen      total 3584K, used 3424K [0x00000000d5580000, 0x00000000d5a00000, 0x0000000100000000)
  eden space 3072K, 100% used [0x00000000d5580000,0x00000000d5880000,0x00000000d5880000)
  from space 512K, 68% used [0x00000000d5980000,0x00000000d59d8000,0x00000000d5a00000)
  to   space 512K, 0% used [0x00000000d5900000,0x00000000d5900000,0x00000000d5980000)
 ParOldGen       total 398848K, used 398844K [0x0000000080000000, 0x0000000098580000, 0x00000000d5580000)
  object space 398848K, 99% used [0x0000000080000000,0x000000009857f270,0x0000000098580000)
 Metaspace       used 69001K, committed 70464K, reserved 1114112K
  class space    used 7387K, committed 8000K, reserved 1048576K
}
Event: 41.507 GC heap after
{Heap after GC invocations=420 (full 3):
 PSYoungGen      total 3584K, used 512K [0x00000000d5580000, 0x00000000d5a80000, 0x0000000100000000)
  eden space 3072K, 0% used [0x00000000d5580000,0x00000000d5580000,0x00000000d5880000)
  from space 512K, 100% used [0x00000000d5900000,0x00000000d5980000,0x00000000d5980000)
  to   space 1024K, 0% used [0x00000000d5980000,0x00000000d5980000,0x00000000d5a80000)
 ParOldGen       total 399360K, used 399044K [0x0000000080000000, 0x0000000098600000, 0x00000000d5580000)
  object space 399360K, 99% used [0x0000000080000000,0x00000000985b1270,0x0000000098600000)
 Metaspace       used 69001K, committed 70464K, reserved 1114112K
  class space    used 7387K, committed 8000K, reserved 1048576K
}
Event: 41.526 GC heap before
{Heap before GC invocations=421 (full 3):
 PSYoungGen      total 3584K, used 3584K [0x00000000d5580000, 0x00000000d5a80000, 0x0000000100000000)
  eden space 3072K, 100% used [0x00000000d5580000,0x00000000d5880000,0x00000000d5880000)
  from space 512K, 100% used [0x00000000d5900000,0x00000000d5980000,0x00000000d5980000)
  to   space 1024K, 0% used [0x00000000d5980000,0x00000000d5980000,0x00000000d5a80000)
 ParOldGen       total 399360K, used 399044K [0x0000000080000000, 0x0000000098600000, 0x00000000d5580000)
  object space 399360K, 99% used [0x0000000080000000,0x00000000985b1270,0x0000000098600000)
 Metaspace       used 69022K, committed 70528K, reserved 1114112K
  class space    used 7387K, committed 8000K, reserved 1048576K
}
Event: 41.528 GC heap after
{Heap after GC invocations=421 (full 3):
 PSYoungGen      total 4096K, used 640K [0x00000000d5580000, 0x00000000d5a80000, 0x0000000100000000)
  eden space 3072K, 0% used [0x00000000d5580000,0x00000000d5580000,0x00000000d5880000)
  from space 1024K, 62% used [0x00000000d5980000,0x00000000d5a20000,0x00000000d5a80000)
  to   space 1024K, 0% used [0x00000000d5880000,0x00000000d5880000,0x00000000d5980000)
 ParOldGen       total 399872K, used 399436K [0x0000000080000000, 0x0000000098680000, 0x00000000d5580000)
  object space 399872K, 99% used [0x0000000080000000,0x0000000098613270,0x0000000098680000)
 Metaspace       used 69022K, committed 70528K, reserved 1114112K
  class space    used 7387K, committed 8000K, reserved 1048576K
}
Event: 41.550 GC heap before
{Heap before GC invocations=422 (full 3):
 PSYoungGen      total 4096K, used 3712K [0x00000000d5580000, 0x00000000d5a80000, 0x0000000100000000)
  eden space 3072K, 100% used [0x00000000d5580000,0x00000000d5880000,0x00000000d5880000)
  from space 1024K, 62% used [0x00000000d5980000,0x00000000d5a20000,0x00000000d5a80000)
  to   space 1024K, 0% used [0x00000000d5880000,0x00000000d5880000,0x00000000d5980000)
 ParOldGen       total 399872K, used 399436K [0x0000000080000000, 0x0000000098680000, 0x00000000d5580000)
  object space 399872K, 99% used [0x0000000080000000,0x0000000098613270,0x0000000098680000)
 Metaspace       used 69039K, committed 70528K, reserved 1114112K
  class space    used 7389K, committed 8000K, reserved 1048576K
}

Dll operation events (14 events):
Event: 0.040 Loaded shared library c:\Users\ACER\.vscode\extensions\redhat.java-1.54.0-win32-x64\jre\21.0.10-win32-x86_64\bin\java.dll
Event: 0.280 Loaded shared library c:\Users\ACER\.vscode\extensions\redhat.java-1.54.0-win32-x64\jre\21.0.10-win32-x86_64\bin\zip.dll
Event: 0.352 Loaded shared library C:\Users\ACER\.vscode\extensions\redhat.java-1.54.0-win32-x64\jre\21.0.10-win32-x86_64\bin\instrument.dll
Event: 0.371 Loaded shared library C:\Users\ACER\.vscode\extensions\redhat.java-1.54.0-win32-x64\jre\21.0.10-win32-x86_64\bin\net.dll
Event: 0.381 Loaded shared library C:\Users\ACER\.vscode\extensions\redhat.java-1.54.0-win32-x64\jre\21.0.10-win32-x86_64\bin\nio.dll
Event: 0.392 Loaded shared library C:\Users\ACER\.vscode\extensions\redhat.java-1.54.0-win32-x64\jre\21.0.10-win32-x86_64\bin\zip.dll
Event: 0.455 Loaded shared library C:\Users\ACER\.vscode\extensions\redhat.java-1.54.0-win32-x64\jre\21.0.10-win32-x86_64\bin\jimage.dll
Event: 0.814 Loaded shared library c:\Users\ACER\.vscode\extensions\redhat.java-1.54.0-win32-x64\jre\21.0.10-win32-x86_64\bin\verify.dll
Event: 4.864 Loaded shared library C:\Users\ACER\AppData\Roaming\Code\User\globalStorage\redhat.java\1.54.0\config_win\org.eclipse.equinox.launcher\org.eclipse.equinox.launcher.win32.win32.x86_64_1.3.0.v20260203-2149\eclipse_11919.dll
Event: 11.473 Loaded shared library C:\Users\ACER\.vscode\extensions\redhat.java-1.54.0-win32-x64\jre\21.0.10-win32-x86_64\bin\management.dll
Event: 11.476 Loaded shared library C:\Users\ACER\.vscode\extensions\redhat.java-1.54.0-win32-x64\jre\21.0.10-win32-x86_64\bin\management_ext.dll
Event: 14.453 Loaded shared library C:\Users\ACER\AppData\Local\Temp\jna-2003023\jna4442329068333112757.dll
Event: 14.843 Loaded shared library C:\Users\ACER\.vscode\extensions\redhat.java-1.54.0-win32-x64\jre\21.0.10-win32-x86_64\bin\sunmscapi.dll
Event: 15.513 Loaded shared library C:\Users\ACER\.vscode\extensions\redhat.java-1.54.0-win32-x64\jre\21.0.10-win32-x86_64\bin\extnet.dll

Deoptimization events (20 events):
Event: 41.268 Thread 0x0000022c7ace95d0 Uncommon trap: trap_request=0xffffff45 fr.pc=0x0000022c27032bb8 relative=0x0000000000000098
Event: 41.268 Thread 0x0000022c7ace95d0 Uncommon trap: reason=unstable_if action=reinterpret pc=0x0000022c27032bb8 method=java.util.Hashtable$Enumerator.nextElement()Ljava/lang/Object; @ 87 c2
Event: 41.268 Thread 0x0000022c7ace95d0 DEOPT PACKING pc=0x0000022c27032bb8 sp=0x0000006669bfdf20
Event: 41.268 Thread 0x0000022c7ace95d0 DEOPT UNPACKING pc=0x0000022c263e3aa2 sp=0x0000006669bfdea8 mode 2
Event: 41.343 Thread 0x0000022c7ace95d0 Uncommon trap: trap_request=0xffffff45 fr.pc=0x0000022c26e8fd08 relative=0x00000000000000e8
Event: 41.343 Thread 0x0000022c7ace95d0 Uncommon trap: reason=unstable_if action=reinterpret pc=0x0000022c26e8fd08 method=java.util.stream.SpinedBuffer.accept(Ljava/lang/Object;)V @ 9 c2
Event: 41.343 Thread 0x0000022c7ace95d0 DEOPT PACKING pc=0x0000022c26e8fd08 sp=0x0000006669bfdc90
Event: 41.343 Thread 0x0000022c7ace95d0 DEOPT UNPACKING pc=0x0000022c263e3aa2 sp=0x0000006669bfdc38 mode 2
Event: 41.397 Thread 0x0000022c7ace9c60 Uncommon trap: trap_request=0xffffffe4 fr.pc=0x0000022c26ed1fc0 relative=0x0000000000005ee0
Event: 41.397 Thread 0x0000022c7ace9c60 Uncommon trap: reason=range_check action=make_not_entrant pc=0x0000022c26ed1fc0 method=org.eclipse.jdt.internal.compiler.classfmt.ClassFileStruct.u2At(I)I @ 28 c2
Event: 41.397 Thread 0x0000022c7ace9c60 DEOPT PACKING pc=0x0000022c26ed1fc0 sp=0x00000066695febe0
Event: 41.397 Thread 0x0000022c7ace9c60 DEOPT UNPACKING pc=0x0000022c263e3aa2 sp=0x00000066695feb08 mode 2
Event: 41.461 Thread 0x0000022c7ace9c60 Uncommon trap: trap_request=0xffffff45 fr.pc=0x0000022c27112018 relative=0x0000000000000dd8
Event: 41.461 Thread 0x0000022c7ace9c60 Uncommon trap: reason=unstable_if action=reinterpret pc=0x0000022c27112018 method=org.eclipse.jdt.internal.core.index.DiskIndex.writeDocumentNumbers([ILjava/io/OutputStream;)V @ 20 c2
Event: 41.461 Thread 0x0000022c7ace9c60 DEOPT PACKING pc=0x0000022c27112018 sp=0x00000066695feb90
Event: 41.461 Thread 0x0000022c7ace9c60 DEOPT UNPACKING pc=0x0000022c263e3aa2 sp=0x00000066695feb48 mode 2
Event: 41.511 Thread 0x0000022c7ace9c60 Uncommon trap: trap_request=0xffffff45 fr.pc=0x0000022c27058480 relative=0x0000000000000720
Event: 41.511 Thread 0x0000022c7ace9c60 Uncommon trap: reason=unstable_if action=reinterpret pc=0x0000022c27058480 method=org.eclipse.jdt.internal.compiler.classfmt.MethodInfo.decodeMethodAnnotations(IZLorg/eclipse/jdt/internal/compiler/classfmt/MethodInfo;)[Lorg/eclipse/jdt/internal/compiler/c
Event: 41.511 Thread 0x0000022c7ace9c60 DEOPT PACKING pc=0x0000022c27058480 sp=0x00000066695fe9c0
Event: 41.511 Thread 0x0000022c7ace9c60 DEOPT UNPACKING pc=0x0000022c263e3aa2 sp=0x00000066695fe958 mode 2

Classes loaded (20 events):
Event: 36.647 Loading class sun/nio/cs/ThreadLocalCoders$1
Event: 36.647 Loading class sun/nio/cs/ThreadLocalCoders$Cache
Event: 36.647 Loading class sun/nio/cs/ThreadLocalCoders$Cache done
Event: 36.647 Loading class sun/nio/cs/ThreadLocalCoders$1 done
Event: 36.647 Loading class sun/nio/cs/ThreadLocalCoders$2
Event: 36.647 Loading class sun/nio/cs/ThreadLocalCoders$2 done
Event: 39.477 Loading class java/util/stream/ReduceOps$4
Event: 39.477 Loading class java/util/stream/ReduceOps$4 done
Event: 39.477 Loading class java/util/stream/ReduceOps$4ReducingSink
Event: 39.477 Loading class java/util/stream/ReduceOps$4ReducingSink done
Event: 39.481 Loading class java/nio/file/Files$2
Event: 39.481 Loading class java/nio/file/Files$2 done
Event: 41.044 Loading class jdk/internal/module/IllegalAccessLogger
Event: 41.044 Loading class jdk/internal/module/IllegalAccessLogger done
Event: 41.068 Loading class java/util/concurrent/ArrayBlockingQueue
Event: 41.069 Loading class java/util/concurrent/ArrayBlockingQueue done
Event: 41.267 Loading class java/util/Hashtable$ValueCollection
Event: 41.267 Loading class java/util/Hashtable$ValueCollection done
Event: 41.278 Loading class java/util/concurrent/ConcurrentHashMap$KeySpliterator
Event: 41.281 Loading class java/util/concurrent/ConcurrentHashMap$KeySpliterator done

Classes unloaded (13 events):
Event: 12.566 Thread 0x0000022c1bcfe760 Unloading class 0x0000022c341acc00 'java/lang/invoke/LambdaForm$MH+0x0000022c341acc00'
Event: 12.566 Thread 0x0000022c1bcfe760 Unloading class 0x0000022c341ac800 'java/lang/invoke/LambdaForm$MH+0x0000022c341ac800'
Event: 12.566 Thread 0x0000022c1bcfe760 Unloading class 0x0000022c341ac400 'java/lang/invoke/LambdaForm$MH+0x0000022c341ac400'
Event: 12.566 Thread 0x0000022c1bcfe760 Unloading class 0x0000022c341ac000 'java/lang/invoke/LambdaForm$MH+0x0000022c341ac000'
Event: 12.566 Thread 0x0000022c1bcfe760 Unloading class 0x0000022c341abc00 'java/lang/invoke/LambdaForm$BMH+0x0000022c341abc00'
Event: 12.566 Thread 0x0000022c1bcfe760 Unloading class 0x0000022c341ab800 'java/lang/invoke/LambdaForm$DMH+0x0000022c341ab800'
Event: 12.566 Thread 0x0000022c1bcfe760 Unloading class 0x0000022c341aa400 'java/lang/invoke/LambdaForm$DMH+0x0000022c341aa400'
Event: 15.116 Thread 0x0000022c1bcfe760 Unloading class 0x0000022c342ea400 'java/lang/invoke/LambdaForm$MH+0x0000022c342ea400'
Event: 15.116 Thread 0x0000022c1bcfe760 Unloading class 0x0000022c342e9c00 'java/lang/invoke/LambdaForm$MH+0x0000022c342e9c00'
Event: 15.116 Thread 0x0000022c1bcfe760 Unloading class 0x0000022c342e8c00 'java/lang/invoke/LambdaForm$MH+0x0000022c342e8c00'
Event: 33.768 Thread 0x0000022c1bcfe760 Unloading class 0x0000022c34674c00 'java/lang/invoke/LambdaForm$DMH+0x0000022c34674c00'
Event: 33.768 Thread 0x0000022c1bcfe760 Unloading class 0x0000022c34674800 'java/lang/invoke/LambdaForm$DMH+0x0000022c34674800'
Event: 33.768 Thread 0x0000022c1bcfe760 Unloading class 0x0000022c34674000 'java/lang/invoke/LambdaForm$DMH+0x0000022c34674000'

Classes redefined (0 events):
No events

Internal exceptions (20 events):
Event: 36.537 Thread 0x0000022c7c2c33e0 Exception <a 'sun/nio/fs/WindowsException'{0x00000000d5653b90}> (0x00000000d5653b90) 
thrown [s\src\hotspot\share\prims\jni.cpp, line 520]
Event: 36.538 Thread 0x0000022c7c2c4100 Exception <a 'sun/nio/fs/WindowsException'{0x00000000d567f918}> (0x00000000d567f918) 
thrown [s\src\hotspot\share\prims\jni.cpp, line 520]
Event: 36.538 Thread 0x0000022c7c2c2030 Exception <a 'sun/nio/fs/WindowsException'{0x00000000d5664cd0}> (0x00000000d5664cd0) 
thrown [s\src\hotspot\share\prims\jni.cpp, line 520]
Event: 36.539 Thread 0x0000022c7c2c5b40 Exception <a 'sun/nio/fs/WindowsException'{0x00000000d56ce020}> (0x00000000d56ce020) 
thrown [s\src\hotspot\share\prims\jni.cpp, line 520]
Event: 36.541 Thread 0x0000022c7aa1b7f0 Exception <a 'sun/nio/fs/WindowsException'{0x00000000d5628688}> (0x00000000d5628688) 
thrown [s\src\hotspot\share\prims\jni.cpp, line 520]
Event: 38.635 Thread 0x0000022c7ace95d0 Implicit null exception at 0x0000022c26fdbe10 to 0x0000022c26fdd1f8
Event: 38.635 Thread 0x0000022c7ace95d0 Implicit null exception at 0x0000022c26fdf604 to 0x0000022c26fdf9bc
Event: 38.873 Thread 0x0000022c7ace95d0 Exception <a 'java/lang/NoSuchMethodError'{0x00000000d55e2420}: 'java.lang.Object java.lang.invoke.DirectMethodHandle$Holder.invokeStatic(java.lang.Object, java.lang.Object, int, int)'> (0x00000000d55e2420) 
thrown [s\src\hotspot\share\interpreter\linkResolver.cpp, line 773]
Event: 38.874 Thread 0x0000022c7ace95d0 Exception <a 'java/lang/NoSuchMethodError'{0x00000000d55ef2d0}: 'java.lang.Object java.lang.invoke.DirectMethodHandle$Holder.invokeSpecial(java.lang.Object, java.lang.Object, java.lang.Object, int, int)'> (0x00000000d55ef2d0) 
thrown [s\src\hotspot\share\interpreter\linkResolver.cpp, line 773]
Event: 39.050 Thread 0x0000022c7ace95d0 Implicit null exception at 0x0000022c270f2ba7 to 0x0000022c270f2f3c
Event: 40.923 Thread 0x0000022c7ace95d0 Implicit null exception at 0x0000022c26d56ad7 to 0x0000022c26d56b12
Event: 40.948 Thread 0x0000022c7ace9c60 Exception <a 'sun/nio/fs/WindowsException'{0x00000000d566a7d0}> (0x00000000d566a7d0) 
thrown [s\src\hotspot\share\prims\jni.cpp, line 520]
Event: 40.992 Thread 0x0000022c7ace9c60 Exception <a 'sun/nio/fs/WindowsException'{0x00000000d57a2280}> (0x00000000d57a2280) 
thrown [s\src\hotspot\share\prims\jni.cpp, line 520]
Event: 41.030 Thread 0x0000022c7ace9c60 Exception <a 'sun/nio/fs/WindowsException'{0x00000000d586eb20}> (0x00000000d586eb20) 
thrown [s\src\hotspot\share\prims\jni.cpp, line 520]
Event: 41.067 Thread 0x0000022c7ace9c60 Exception <a 'sun/nio/fs/WindowsException'{0x00000000d563eb10}> (0x00000000d563eb10) 
thrown [s\src\hotspot\share\prims\jni.cpp, line 520]
Event: 41.197 Thread 0x0000022c7db591e0 Exception <a 'java/lang/NoSuchMethodError'{0x00000000d5686c00}: 'void java.lang.invoke.DirectMethodHandle$Holder.invokeStatic(java.lang.Object, int, java.lang.Object)'> (0x00000000d5686c00) 
thrown [s\src\hotspot\share\interpreter\linkResolver.cpp, line 773]
Event: 41.199 Thread 0x0000022c7ace9c60 Exception <a 'sun/nio/fs/WindowsException'{0x00000000d55f1ff8}> (0x00000000d55f1ff8) 
thrown [s\src\hotspot\share\prims\jni.cpp, line 520]
Event: 41.285 Thread 0x0000022c7ace95d0 Exception <a 'java/lang/NoSuchMethodError'{0x00000000d5609db8}: 'java.lang.Object java.lang.invoke.DirectMethodHandle$Holder.newInvokeSpecial(java.lang.Object, java.lang.Object, int, int, java.lang.Object)'> (0x00000000d5609db8) 
thrown [s\src\hotspot\share\interpreter\linkResolver.cpp, line 773]
Event: 41.437 Thread 0x0000022c7ace9c60 Exception <a 'sun/nio/fs/WindowsException'{0x00000000d55f0538}> (0x00000000d55f0538) 
thrown [s\src\hotspot\share\prims\jni.cpp, line 520]
Event: 41.483 Thread 0x0000022c7ace9c60 Exception <a 'sun/nio/fs/WindowsException'{0x00000000d5734f18}> (0x00000000d5734f18) 
thrown [s\src\hotspot\share\prims\jni.cpp, line 520]

ZGC Phase Switch (0 events):
No events

VM Operations (20 events):
Event: 41.281 Executing safepoint VM operation: ParallelGCFailedAllocation (Allocation Failure) done
Event: 41.296 Executing safepoint VM operation: ParallelGCFailedAllocation (Allocation Failure)
Event: 41.308 Executing safepoint VM operation: ParallelGCFailedAllocation (Allocation Failure) done
Event: 41.325 Executing safepoint VM operation: ParallelGCFailedAllocation (Allocation Failure)
Event: 41.328 Executing safepoint VM operation: ParallelGCFailedAllocation (Allocation Failure) done
Event: 41.350 Executing safepoint VM operation: ParallelGCFailedAllocation (Allocation Failure)
Event: 41.352 Executing safepoint VM operation: ParallelGCFailedAllocation (Allocation Failure) done
Event: 41.373 Executing safepoint VM operation: ParallelGCFailedAllocation (Allocation Failure)
Event: 41.375 Executing safepoint VM operation: ParallelGCFailedAllocation (Allocation Failure) done
Event: 41.390 Executing safepoint VM operation: ParallelGCFailedAllocation (Allocation Failure)
Event: 41.392 Executing safepoint VM operation: ParallelGCFailedAllocation (Allocation Failure) done
Event: 41.429 Executing safepoint VM operation: ParallelGCFailedAllocation (Allocation Failure)
Event: 41.432 Executing safepoint VM operation: ParallelGCFailedAllocation (Allocation Failure) done
Event: 41.445 Executing non-safepoint VM operation: HandshakeAllThreads (Deoptimize)
Event: 41.445 Executing non-safepoint VM operation: HandshakeAllThreads (Deoptimize) done
Event: 41.504 Executing safepoint VM operation: ParallelGCFailedAllocation (Allocation Failure)
Event: 41.507 Executing safepoint VM operation: ParallelGCFailedAllocation (Allocation Failure) done
Event: 41.525 Executing safepoint VM operation: ParallelGCFailedAllocation (Allocation Failure)
Event: 41.528 Executing safepoint VM operation: ParallelGCFailedAllocation (Allocation Failure) done
Event: 41.550 Executing safepoint VM operation: ParallelGCFailedAllocation (Allocation Failure)

Memory protections (0 events):
No events

Nmethod flushes (20 events):
Event: 33.798 Thread 0x0000022c1bcfe760 flushing  nmethod 0x0000022c1f68b810
Event: 33.798 Thread 0x0000022c1bcfe760 flushing  nmethod 0x0000022c1f68bf10
Event: 33.798 Thread 0x0000022c1bcfe760 flushing  nmethod 0x0000022c1f68ce10
Event: 33.798 Thread 0x0000022c1bcfe760 flushing  nmethod 0x0000022c1f68d410
Event: 33.798 Thread 0x0000022c1bcfe760 flushing  nmethod 0x0000022c1f68eb10
Event: 33.798 Thread 0x0000022c1bcfe760 flushing  nmethod 0x0000022c1f690290
Event: 33.798 Thread 0x0000022c1bcfe760 flushing  nmethod 0x0000022c1f6a1310
Event: 33.798 Thread 0x0000022c1bcfe760 flushing  nmethod 0x0000022c1f6a4290
Event: 33.798 Thread 0x0000022c1bcfe760 flushing  nmethod 0x0000022c1f6aa510
Event: 33.798 Thread 0x0000022c1bcfe760 flushing  nmethod 0x0000022c1f6ada10
Event: 33.798 Thread 0x0000022c1bcfe760 flushing  nmethod 0x0000022c1f6cbd10
Event: 33.798 Thread 0x0000022c1bcfe760 flushing  nmethod 0x0000022c1f6d6190
Event: 33.798 Thread 0x0000022c1bcfe760 flushing  nmethod 0x0000022c1f6d7610
Event: 33.798 Thread 0x0000022c1bcfe760 flushing  nmethod 0x0000022c1f6d7a90
Event: 33.798 Thread 0x0000022c1bcfe760 flushing  nmethod 0x0000022c1f6df290
Event: 33.798 Thread 0x0000022c1bcfe760 flushing  nmethod 0x0000022c1f6e1710
Event: 33.798 Thread 0x0000022c1bcfe760 flushing  nmethod 0x0000022c1f6e6890
Event: 33.798 Thread 0x0000022c1bcfe760 flushing  nmethod 0x0000022c1f708f90
Event: 33.798 Thread 0x0000022c1bcfe760 flushing  nmethod 0x0000022c1f740610
Event: 33.798 Thread 0x0000022c1bcfe760 flushing  nmethod 0x0000022c1f740f10

Events (20 events):
Event: 36.614 Thread 0x0000022c7c2c26c0 Thread added: 0x0000022c7c2c6860
Event: 36.614 Thread 0x0000022c7c2c54b0 Thread added: 0x0000022c7c2c6ef0
Event: 36.614 Thread 0x0000022c7c2c6860 Thread added: 0x0000022c7c2c7580
Event: 36.615 Thread 0x0000022c7c2c4790 Thread added: 0x0000022c7c2c82a0
Event: 36.615 Thread 0x0000022c7c2c7580 Thread added: 0x0000022c7c2c7c10
Event: 37.722 Thread 0x0000022c7cc040b0 Thread exited: 0x0000022c7cc040b0
Event: 38.550 Thread 0x0000022c7b177a80 Thread exited: 0x0000022c7b177a80
Event: 38.921 Thread 0x0000022c74ae9970 Thread added: 0x0000022c7d5790d0
Event: 38.925 Thread 0x0000022c7d5790d0 Thread added: 0x0000022c7d5797a0
Event: 41.071 Thread 0x0000022c7ace95d0 Thread added: 0x0000022c7db591e0
Event: 41.286 Thread 0x0000022c7ace95d0 Thread added: 0x0000022c7db58b50
Event: 41.309 Thread 0x0000022c7ace95d0 Thread added: 0x0000022c7db5b2b0
Event: 41.331 Thread 0x0000022c7ace95d0 Thread added: 0x0000022c7db59f00
Event: 41.345 Thread 0x0000022c7ace95d0 Thread added: 0x0000022c7db5ac20
Event: 41.438 Thread 0x0000022c7ace95d0 Thread added: 0x0000022c7db57e30
Event: 41.446 Thread 0x0000022c7ace95d0 Thread added: 0x0000022c7db5c660
Event: 41.458 Thread 0x0000022c7ace95d0 Thread added: 0x0000022c7db5b940
Event: 41.469 Thread 0x0000022c7ace95d0 Thread added: 0x0000022c7db5bfd0
Event: 41.479 Thread 0x0000022c7ace95d0 Thread added: 0x0000022c7db5ccf0
Event: 41.494 Thread 0x0000022c7ace95d0 Thread added: 0x0000022c7db5d380


Dynamic libraries:
0x00007ff752f50000 - 0x00007ff752f5e000 	c:\Users\ACER\.vscode\extensions\redhat.java-1.54.0-win32-x64\jre\21.0.10-win32-x86_64\bin\java.exe
0x00007ffcae5a0000 - 0x00007ffcae807000 	C:\WINDOWS\SYSTEM32\ntdll.dll
0x00007ffcad340000 - 0x00007ffcad409000 	C:\WINDOWS\System32\KERNEL32.DLL
0x00007ffcabb00000 - 0x00007ffcabef7000 	C:\WINDOWS\System32\KERNELBASE.dll
0x00007ffcab840000 - 0x00007ffcab98b000 	C:\WINDOWS\System32\ucrtbase.dll
0x00007ffc86d40000 - 0x00007ffc86d5e000 	c:\Users\ACER\.vscode\extensions\redhat.java-1.54.0-win32-x64\jre\21.0.10-win32-x86_64\bin\VCRUNTIME140.dll
0x00007ffc88f80000 - 0x00007ffc88f98000 	c:\Users\ACER\.vscode\extensions\redhat.java-1.54.0-win32-x64\jre\21.0.10-win32-x86_64\bin\jli.dll
0x00007ffcad9e0000 - 0x00007ffcadba6000 	C:\WINDOWS\System32\USER32.dll
0x00007ffc85480000 - 0x00007ffc85712000 	C:\WINDOWS\WinSxS\amd64_microsoft.windows.common-controls_6595b64144ccf1df_6.0.26100.8457_none_3e0b2faee331e92d\COMCTL32.dll
0x00007ffcaba20000 - 0x00007ffcaba47000 	C:\WINDOWS\System32\win32u.dll
0x00007ffcac4d0000 - 0x00007ffcac579000 	C:\WINDOWS\System32\msvcrt.dll
0x00007ffcad9b0000 - 0x00007ffcad9db000 	C:\WINDOWS\System32\GDI32.dll
0x00007ffcabfb0000 - 0x00007ffcac0dc000 	C:\WINDOWS\System32\gdi32full.dll
0x00007ffcabf00000 - 0x00007ffcabfa3000 	C:\WINDOWS\System32\msvcp_win.dll
0x00007ffcadda0000 - 0x00007ffcaddd2000 	C:\WINDOWS\System32\IMM32.DLL
0x00007ffc91190000 - 0x00007ffc9119c000 	c:\Users\ACER\.vscode\extensions\redhat.java-1.54.0-win32-x64\jre\21.0.10-win32-x86_64\bin\vcruntime140_1.dll
0x00007ffc55930000 - 0x00007ffc559bd000 	c:\Users\ACER\.vscode\extensions\redhat.java-1.54.0-win32-x64\jre\21.0.10-win32-x86_64\bin\msvcp140.dll
0x00007ffb80080000 - 0x00007ffb80e21000 	c:\Users\ACER\.vscode\extensions\redhat.java-1.54.0-win32-x64\jre\21.0.10-win32-x86_64\bin\server\jvm.dll
0x00007ffcac680000 - 0x00007ffcac736000 	C:\WINDOWS\System32\ADVAPI32.dll
0x00007ffcadcf0000 - 0x00007ffcadd97000 	C:\WINDOWS\System32\sechost.dll
0x00007ffcadbb0000 - 0x00007ffcadcc8000 	C:\WINDOWS\System32\RPCRT4.dll
0x00007ffcacad0000 - 0x00007ffcacb50000 	C:\WINDOWS\System32\WS2_32.dll
0x00007ffcaae30000 - 0x00007ffcaae8e000 	C:\WINDOWS\SYSTEM32\POWRPROF.dll
0x00007ffc968e0000 - 0x00007ffc968eb000 	C:\WINDOWS\SYSTEM32\VERSION.dll
0x00007ffca16d0000 - 0x00007ffca1706000 	C:\WINDOWS\SYSTEM32\WINMM.dll
0x00007ffcaae10000 - 0x00007ffcaae24000 	C:\WINDOWS\SYSTEM32\UMPDC.dll
0x00007ffca9d40000 - 0x00007ffca9d5b000 	C:\WINDOWS\SYSTEM32\kernel.appcore.dll
0x00007ffc8dec0000 - 0x00007ffc8deca000 	c:\Users\ACER\.vscode\extensions\redhat.java-1.54.0-win32-x64\jre\21.0.10-win32-x86_64\bin\jimage.dll
0x00007ffca8f10000 - 0x00007ffca9152000 	C:\WINDOWS\SYSTEM32\DBGHELP.DLL
0x00007ffcad620000 - 0x00007ffcad9a3000 	C:\WINDOWS\System32\combase.dll
0x00007ffcac8e0000 - 0x00007ffcac9b9000 	C:\WINDOWS\System32\OLEAUT32.dll
0x00007ffc7f190000 - 0x00007ffc7f1cb000 	C:\WINDOWS\SYSTEM32\dbgcore.DLL
0x00007ffcaba50000 - 0x00007ffcabaf8000 	C:\WINDOWS\System32\bcryptPrimitives.dll
0x00007ffc8ddc0000 - 0x00007ffc8ddcf000 	c:\Users\ACER\.vscode\extensions\redhat.java-1.54.0-win32-x64\jre\21.0.10-win32-x86_64\bin\instrument.dll
0x00007ffc86580000 - 0x00007ffc865a0000 	c:\Users\ACER\.vscode\extensions\redhat.java-1.54.0-win32-x64\jre\21.0.10-win32-x86_64\bin\java.dll
0x00007ffcadde0000 - 0x00007ffcae54e000 	C:\WINDOWS\System32\SHELL32.dll
0x00007ffcaafd0000 - 0x00007ffcab83c000 	C:\WINDOWS\System32\windows.storage.dll
0x00007ffcac580000 - 0x00007ffcac676000 	C:\WINDOWS\System32\SHCORE.dll
0x00007ffcaccd0000 - 0x00007ffcacd36000 	C:\WINDOWS\System32\shlwapi.dll
0x00007ffcaaef0000 - 0x00007ffcaaf19000 	C:\WINDOWS\SYSTEM32\profapi.dll
0x00007ffc8de20000 - 0x00007ffc8de38000 	c:\Users\ACER\.vscode\extensions\redhat.java-1.54.0-win32-x64\jre\21.0.10-win32-x86_64\bin\zip.dll
0x00007ffc8dd50000 - 0x00007ffc8dd60000 	C:\Users\ACER\.vscode\extensions\redhat.java-1.54.0-win32-x64\jre\21.0.10-win32-x86_64\bin\net.dll
0x00007ffca08d0000 - 0x00007ffca09f9000 	C:\WINDOWS\SYSTEM32\WINHTTP.dll
0x00007ffcaa2d0000 - 0x00007ffcaa33c000 	C:\WINDOWS\system32\mswsock.dll
0x00007ffc86550000 - 0x00007ffc86566000 	C:\Users\ACER\.vscode\extensions\redhat.java-1.54.0-win32-x64\jre\21.0.10-win32-x86_64\bin\nio.dll
0x00007ffc8dcf0000 - 0x00007ffc8dd00000 	c:\Users\ACER\.vscode\extensions\redhat.java-1.54.0-win32-x64\jre\21.0.10-win32-x86_64\bin\verify.dll
0x00007ffc02f10000 - 0x00007ffc02f55000 	C:\Users\ACER\AppData\Roaming\Code\User\globalStorage\redhat.java\1.54.0\config_win\org.eclipse.equinox.launcher\org.eclipse.equinox.launcher.win32.win32.x86_64_1.3.0.v20260203-2149\eclipse_11919.dll
0x00007ffcac740000 - 0x00007ffcac8d7000 	C:\WINDOWS\System32\ole32.dll
0x00007ffc8d9d0000 - 0x00007ffc8d9da000 	C:\Users\ACER\.vscode\extensions\redhat.java-1.54.0-win32-x64\jre\21.0.10-win32-x86_64\bin\management.dll
0x00007ffc8acc0000 - 0x00007ffc8accc000 	C:\Users\ACER\.vscode\extensions\redhat.java-1.54.0-win32-x64\jre\21.0.10-win32-x86_64\bin\management_ext.dll
0x00007ffcadcd0000 - 0x00007ffcadcd8000 	C:\WINDOWS\System32\PSAPI.DLL
0x00007ffcaa5b0000 - 0x00007ffcaa5cb000 	C:\WINDOWS\SYSTEM32\CRYPTSP.dll
0x00007ffca9ca0000 - 0x00007ffca9cd9000 	C:\WINDOWS\system32\rsaenh.dll
0x00007ffcaa380000 - 0x00007ffcaa3b3000 	C:\WINDOWS\SYSTEM32\USERENV.dll
0x00007ffcaaec0000 - 0x00007ffcaaeea000 	C:\WINDOWS\SYSTEM32\bcrypt.dll
0x00007ffcaa5d0000 - 0x00007ffcaa5dc000 	C:\WINDOWS\SYSTEM32\CRYPTBASE.dll
0x00007ffca9770000 - 0x00007ffca97a2000 	C:\WINDOWS\SYSTEM32\IPHLPAPI.DLL
0x00007ffcaccc0000 - 0x00007ffcaccca000 	C:\WINDOWS\System32\NSI.dll
0x00007ffc55b50000 - 0x00007ffc55b99000 	C:\Users\ACER\AppData\Local\Temp\jna-2003023\jna4442329068333112757.dll
0x00007ffca08b0000 - 0x00007ffca08cd000 	C:\WINDOWS\SYSTEM32\dhcpcsvc6.DLL
0x00007ffc9f280000 - 0x00007ffc9f2a5000 	C:\WINDOWS\SYSTEM32\dhcpcsvc.DLL
0x00007ffc89000000 - 0x00007ffc8900e000 	C:\Users\ACER\.vscode\extensions\redhat.java-1.54.0-win32-x64\jre\21.0.10-win32-x86_64\bin\sunmscapi.dll
0x00007ffcac1a0000 - 0x00007ffcac318000 	C:\WINDOWS\System32\CRYPT32.dll
0x00007ffcaa7d0000 - 0x00007ffcaa800000 	C:\WINDOWS\SYSTEM32\ncrypt.dll
0x00007ffcaa780000 - 0x00007ffcaa7bf000 	C:\WINDOWS\SYSTEM32\NTASN1.dll
0x00007ffca9810000 - 0x00007ffca9942000 	C:\WINDOWS\SYSTEM32\DNSAPI.dll
0x00007ffca03a0000 - 0x00007ffca03ab000 	C:\Windows\System32\rasadhlp.dll
0x00007ffc9d230000 - 0x00007ffc9d2b6000 	C:\WINDOWS\System32\fwpuclnt.dll
0x00007ffc80810000 - 0x00007ffc80819000 	C:\Users\ACER\.vscode\extensions\redhat.java-1.54.0-win32-x64\jre\21.0.10-win32-x86_64\bin\extnet.dll

JVMTI agents:
c:\Users\ACER\.vscode\extensions\redhat.java-1.54.0-win32-x64\lombok\lombok-1.18.39-4050.jar path:c:\Users\ACER\.vscode\extensions\redhat.java-1.54.0-win32-x64\jre\21.0.10-win32-x86_64\bin\instrument.dll, loaded, initialized, instrumentlib options:none

dbghelp: loaded successfully - version: 4.0.5 - missing functions: none
symbol engine: initialized successfully - sym options: 0x614 - pdb path: .;c:\Users\ACER\.vscode\extensions\redhat.java-1.54.0-win32-x64\jre\21.0.10-win32-x86_64\bin;C:\WINDOWS\SYSTEM32;C:\WINDOWS\WinSxS\amd64_microsoft.windows.common-controls_6595b64144ccf1df_6.0.26100.8457_none_3e0b2faee331e92d;c:\Users\ACER\.vscode\extensions\redhat.java-1.54.0-win32-x64\jre\21.0.10-win32-x86_64\bin\server;C:\Users\ACER\AppData\Roaming\Code\User\globalStorage\redhat.java\1.54.0\config_win\org.eclipse.equinox.launcher\org.eclipse.equinox.launcher.win32.win32.x86_64_1.3.0.v20260203-2149;C:\Users\ACER\AppData\Local\Temp\jna-2003023

VM Arguments:
jvm_args: --add-modules=ALL-SYSTEM --add-opens=java.base/java.util=ALL-UNNAMED --add-opens=java.base/java.lang=ALL-UNNAMED --add-opens=java.base/sun.nio.fs=ALL-UNNAMED -Declipse.application=org.eclipse.jdt.ls.core.id1 -Dosgi.bundles.defaultStartLevel=4 -Declipse.product=org.eclipse.jdt.ls.core.product -Djava.import.generatesMetadataFilesAtProjectRoot=false -DDetectVMInstallationsJob.disabled=true -Dfile.encoding=utf8 -XX:+UseParallelGC -XX:GCTimeRatio=4 -XX:AdaptiveSizePolicyWeight=90 -Dsun.zip.disableMemoryMapping=true -Xmx2G -Xms100m -Xlog:disable -javaagent:c:\Users\ACER\.vscode\extensions\redhat.java-1.54.0-win32-x64\lombok\lombok-1.18.39-4050.jar -XX:+HeapDumpOnOutOfMemoryError -XX:HeapDumpPath=c:\Users\ACER\AppData\Roaming\Code\User\workspaceStorage\-32682f32\redhat.java -Daether.dependencyCollector.impl=bf 
java_command: c:\Users\ACER\.vscode\extensions\redhat.java-1.54.0-win32-x64\server\plugins\org.eclipse.equinox.launcher_1.7.100.v20251111-0406.jar -configuration c:\Users\ACER\AppData\Roaming\Code\User\globalStorage\redhat.java\1.54.0\config_win -data c:\Users\ACER\AppData\Roaming\Code\User\workspaceStorage\-32682f32\redhat.java\jdt_ws --pipe=\\.\pipe\lsp-f5035bb611b120f1b057434fba376591-sock
java_class_path (initial): c:\Users\ACER\.vscode\extensions\redhat.java-1.54.0-win32-x64\server\plugins\org.eclipse.equinox.launcher_1.7.100.v20251111-0406.jar
Launcher Type: SUN_STANDARD

[Global flags]
    uintx AdaptiveSizePolicyWeight                 = 90                                        {product} {command line}
     intx CICompilerCount                          = 4                                         {product} {ergonomic}
    uintx GCTimeRatio                              = 4                                         {product} {command line}
     bool HeapDumpOnOutOfMemoryError               = true                                   {manageable} {command line}
    ccstr HeapDumpPath                             = c:\Users\ACER\AppData\Roaming\Code\User\workspaceStorage\-32682f32\redhat.java         {manageable} {command line}
   size_t InitialHeapSize                          = 104857600                                 {product} {command line}
   size_t MaxHeapSize                              = 2147483648                                {product} {command line}
   size_t MaxNewSize                               = 715653120                                 {product} {ergonomic}
   size_t MinHeapDeltaBytes                        = 524288                                    {product} {ergonomic}
   size_t MinHeapSize                              = 104857600                                 {product} {command line}
   size_t NewSize                                  = 34603008                                  {product} {ergonomic}
    uintx NonNMethodCodeHeapSize                   = 5839372                                {pd product} {ergonomic}
    uintx NonProfiledCodeHeapSize                  = 122909434                              {pd product} {ergonomic}
   size_t OldSize                                  = 70254592                                  {product} {ergonomic}
    uintx ProfiledCodeHeapSize                     = 122909434                              {pd product} {ergonomic}
    uintx ReservedCodeCacheSize                    = 251658240                              {pd product} {ergonomic}
     bool SegmentedCodeCache                       = true                                      {product} {ergonomic}
   size_t SoftMaxHeapSize                          = 2147483648                             {manageable} {ergonomic}
     bool UseCompressedOops                        = true                           {product lp64_product} {ergonomic}
     bool UseLargePagesIndividualAllocation        = false                                  {pd product} {ergonomic}
     bool UseParallelGC                            = true                                      {product} {command line}

Logging:
Log output configuration:
 #0: stdout all=off uptime,level,tags foldmultilines=false
 #1: stderr all=off uptime,level,tags foldmultilines=false

Release file:
JAVA_VERSION="21.0.10" 
MODULES="java.base java.compiler java.datatransfer java.xml java.prefs java.desktop java.instrument java.logging java.management java.security.sasl java.naming java.rmi java.management.rmi java.net.http java.scripting java.security.jgss java.transaction.xa java.sql java.sql.rowset java.xml.crypto java.se java.smartcardio jdk.accessibility jdk.internal.jvmstat jdk.attach jdk.charsets jdk.internal.opt jdk.zipfs jdk.compiler jdk.crypto.ec jdk.crypto.cryptoki jdk.crypto.mscapi jdk.dynalink jdk.internal.ed jdk.editpad jdk.hotspot.agent jdk.httpserver jdk.internal.le jdk.internal.vm.ci jdk.internal.vm.compiler jdk.internal.vm.compiler.management jdk.jartool jdk.javadoc jdk.jcmd jdk.management jdk.management.agent jdk.jconsole jdk.jdeps jdk.jdwp.agent jdk.jdi jdk.jfr jdk.jshell jdk.jsobject jdk.jstatd jdk.localedata jdk.management.jfr jdk.naming.dns jdk.naming.rmi jdk.net jdk.nio.mapmode jdk.random jdk.sctp jdk.security.auth jdk.security.jgss jdk.unsupported jdk.unsupported.desktop jdk.xml.dom" 

Environment Variables:
JAVA_HOME=C:\Program Files\Java\jdk-17
PATH=C:\WINDOWS\system32;C:\WINDOWS;C:\Program Files\Java\jdk-17\bin;C:\WINDOWS\System32\Wbem;C:\WINDOWS\System32\WindowsPowerShell\v1.0\;C:\WINDOWS\System32\OpenSSH\;C:\Program Files (x86)\NVIDIA Corporation\PhysX\Common;C:\Program Files\Git\cmd;C:\Program Files\nodejs\;C:\ProgramData\chocolatey\bin;C:\Program Files\Java\jdk-17\bin;;C:\Program Files\Docker\Docker\resources\bin;C:\Program Files\NVIDIA Corporation\NVIDIA App\NvDLISR;C:\Users\ACER\AppData\Local\Microsoft\WindowsApps;C:\Users\ACER\AppData\Local\GitHubDesktop\bin;C:\Users\ACER\AppData\Roaming\npm;C:\Users\ACER\AppData\Local\Programs\Microsoft VS Code\bin;D:\Antigravity\bin
USERNAME=ACER
OS=Windows_NT
PROCESSOR_IDENTIFIER=Intel64 Family 6 Model 186 Stepping 2, GenuineIntel
TMP=C:\Users\ACER\AppData\Local\Temp
TEMP=C:\Users\ACER\AppData\Local\Temp




Periodic native trim disabled

---------------  S Y S T E M  ---------------

OS:
 Windows 11 , 64 bit Build 26100 (10.0.26100.8328)
OS uptime: 2 days 3:39 hours
Hyper-V role detected

CPU: total 12 (initial active 12) (6 cores per cpu, 2 threads per core) family 6 model 186 stepping 2 microcode 0x4114, cx8, cmov, fxsr, ht, mmx, 3dnowpref, sse, sse2, sse3, ssse3, sse4.1, sse4.2, popcnt, lzcnt, tsc, tscinvbit, avx, avx2, aes, erms, clmul, bmi1, bmi2, adx, sha, fma, vzeroupper, clflush, clflushopt, clwb, hv, serialize, rdtscp, rdpid, fsrm, f16c, cet_ibt, cet_ss
Processor Information for processor 0
  Max Mhz: 2100, Current Mhz: 2100, Mhz Limit: 2100
Processor Information for processor 1
  Max Mhz: 2100, Current Mhz: 2100, Mhz Limit: 2100
Processor Information for processor 2
  Max Mhz: 2100, Current Mhz: 2100, Mhz Limit: 2100
Processor Information for processor 3
  Max Mhz: 2100, Current Mhz: 2100, Mhz Limit: 2100
Processor Information for processor 4
  Max Mhz: 2100, Current Mhz: 2100, Mhz Limit: 2100
Processor Information for processor 5
  Max Mhz: 2100, Current Mhz: 2100, Mhz Limit: 2100
Processor Information for processor 6
  Max Mhz: 2100, Current Mhz: 2100, Mhz Limit: 2100
Processor Information for processor 7
  Max Mhz: 2100, Current Mhz: 2100, Mhz Limit: 2100
Processor Information for processor 8
  Max Mhz: 2100, Current Mhz: 1500, Mhz Limit: 1491
Processor Information for processor 9
  Max Mhz: 2100, Current Mhz: 1500, Mhz Limit: 1491
Processor Information for processor 10
  Max Mhz: 2100, Current Mhz: 1500, Mhz Limit: 1491
Processor Information for processor 11
  Max Mhz: 2100, Current Mhz: 1500, Mhz Limit: 1491

Memory: 4k page, system-wide physical 16071M (1704M free)
TotalPageFile size 20167M (AvailPageFile size 0M)
current process WorkingSet (physical memory assigned to process): 773M, peak: 773M
current process commit charge ("private bytes"): 1701M, peak: 1702M

vm_info: OpenJDK 64-Bit Server VM (21.0.10+7-LTS) for windows-amd64 JRE (21.0.10+7-LTS), built on 2026-01-20T00:00:00Z by "admin" with MS VC++ 17.12 (VS2022)

END.
