#
# There is insufficient memory for the Java Runtime Environment to continue.
# Native memory allocation (malloc) failed to allocate 1053456 bytes. Error detail: Chunk::new
# Possible reasons:
#   The system is out of physical RAM or swap space
#   This process is running with CompressedOops enabled, and the Java Heap may be blocking the growth of the native heap
# Possible solutions:
#   Reduce memory load on the system
#   Increase physical memory or swap space
#   Check if swap backing store is full
#   Decrease Java heap size (-Xmx/-Xms)
#   Decrease number of Java threads
#   Decrease Java thread stack sizes (-Xss)
#   Set larger code cache with -XX:ReservedCodeCacheSize=
#   JVM is running with Unscaled Compressed Oops mode in which the Java heap is
#     placed in the first 4GB address space. The Java Heap base address is the
#     maximum limit for the native heap growth. Please use -XX:HeapBaseMinAddress
#     to set the Java Heap base and to place the Java Heap above 4GB virtual address.
# This output file may be truncated or incomplete.
#
#  Out of Memory Error (arena.cpp:168), pid=19940, tid=31948
#
# JRE version: OpenJDK Runtime Environment Temurin-21.0.10+7 (21.0.10+7) (build 21.0.10+7-LTS)
# Java VM: OpenJDK 64-Bit Server VM Temurin-21.0.10+7 (21.0.10+7-LTS, mixed mode, sharing, tiered, compressed oops, compressed class ptrs, parallel gc, windows-amd64)
# No core dump will be written. Minidumps are not enabled by default on client versions of Windows
#

---------------  S U M M A R Y ------------

Command Line: --add-modules=ALL-SYSTEM --add-opens=java.base/java.util=ALL-UNNAMED --add-opens=java.base/java.lang=ALL-UNNAMED --add-opens=java.base/sun.nio.fs=ALL-UNNAMED -Declipse.application=org.eclipse.jdt.ls.core.id1 -Dosgi.bundles.defaultStartLevel=4 -Declipse.product=org.eclipse.jdt.ls.core.product -Djava.import.generatesMetadataFilesAtProjectRoot=false -DDetectVMInstallationsJob.disabled=true -Dfile.encoding=utf8 -XX:+UseParallelGC -XX:GCTimeRatio=4 -XX:AdaptiveSizePolicyWeight=90 -Dsun.zip.disableMemoryMapping=true -Xmx2G -Xms100m -Xlog:disable -javaagent:c:\Users\ACER\.vscode\extensions\redhat.java-1.54.0-win32-x64\lombok\lombok-1.18.39-4050.jar -XX:+HeapDumpOnOutOfMemoryError -XX:HeapDumpPath=c:\Users\ACER\AppData\Roaming\Code\User\workspaceStorage\fa2aabdb43d79e53534ef790ccafa1c5\redhat.java -Daether.dependencyCollector.impl=bf c:\Users\ACER\.vscode\extensions\redhat.java-1.54.0-win32-x64\server\plugins\org.eclipse.equinox.launcher_1.7.100.v20251111-0406.jar -configuration c:\Users\ACER\AppData\Roaming\Code\User\globalStorage\redhat.java\1.54.0\config_win -data c:\Users\ACER\AppData\Roaming\Code\User\workspaceStorage\fa2aabdb43d79e53534ef790ccafa1c5\redhat.java\jdt_ws --pipe=\\.\pipe\lsp-1865171b417dd5c7ada1b745fe3b0446-sock

Host: 13th Gen Intel(R) Core(TM) i5-13420H, 12 cores, 15G,  Windows 11 , 64 bit Build 26100 (10.0.26100.8328)
Time: Mon May 25 20:24:27 2026 India Standard Time elapsed time: 162.151612 seconds (0d 0h 2m 42s)

---------------  T H R E A D  ---------------

Current thread (0x0000021491b24c00):  JavaThread "C2 CompilerThread1" daemon [_thread_in_native, id=31948, stack(0x000000eec1500000,0x000000eec1600000) (1024K)]


Current CompileTask:
C2:162151 11506       4       org.eclipse.jdt.internal.compiler.lookup.BinaryTypeBinding::createMethod (1666 bytes)

Stack: [0x000000eec1500000,0x000000eec1600000]
Native frames: (J=compiled Java code, j=interpreted, Vv=VM code, C=native code)
V  [jvm.dll+0x6d7a39]
V  [jvm.dll+0x8b4b26]
V  [jvm.dll+0x8b70de]
V  [jvm.dll+0x8b77c3]
V  [jvm.dll+0x284346]
V  [jvm.dll+0xc66ed]
V  [jvm.dll+0xc6c31]
V  [jvm.dll+0x3bec01]
V  [jvm.dll+0x38b162]
V  [jvm.dll+0x38a5aa]
V  [jvm.dll+0x24c560]
V  [jvm.dll+0x24bb40]
V  [jvm.dll+0x1cb34e]
V  [jvm.dll+0x25b85d]
V  [jvm.dll+0x259dea]
V  [jvm.dll+0x3f857e]
V  [jvm.dll+0x85f59d]
V  [jvm.dll+0x6d626d]
C  [ucrtbase.dll+0x37b0]
C  [KERNEL32.DLL+0x2e957]
C  [ntdll.dll+0x427c]


---------------  P R O C E S S  ---------------

Threads class SMR info:
_java_thread_list=0x000002149375a450, length=55, elements={
0x000002143204bab0, 0x00000214320f33c0, 0x00000214320f3fd0, 0x00000214320f5c00,
0x00000214320f9fc0, 0x00000214320fbd30, 0x00000214320fc790, 0x00000214321040e0,
0x000002143210c080, 0x000002148b0f4de0, 0x000002148b23d0a0, 0x00000214906dc060,
0x000002149061d7c0, 0x000002149086a810, 0x000002149086b6a0, 0x0000021490e72d80,
0x0000021490f3b3a0, 0x0000021490ac55d0, 0x0000021490193e00, 0x0000021490191d30,
0x0000021490193770, 0x0000021490194490, 0x0000021490192a50, 0x0000021493760550,
0x000002149375d0d0, 0x000002149375eb10, 0x000002149375d760, 0x000002149375ddf0,
0x000002149375f830, 0x000002149375e480, 0x000002149375f1a0, 0x000002149375fec0,
0x000002149242fa30, 0x000002149242ed10, 0x000002149242c5b0, 0x000002149242d960,
0x000002149242d2d0, 0x000002149242f3a0, 0x000002149242cc40, 0x0000021492431470,
0x0000021492430750, 0x0000021492430de0, 0x0000021492431b00, 0x000002149242e680,
0x0000021492432190, 0x0000021492433bd0, 0x0000021492432eb0, 0x0000021494cf8db0,
0x0000021491b24c00, 0x00000214914291f0, 0x0000021494cf8720, 0x0000021494cf7370,
0x0000021494cf7a00, 0x0000021494cf9440, 0x0000021494cfa160
}

Java Threads: ( => current thread )
  0x000002143204bab0 JavaThread "main"                              [_thread_blocked, id=2836, stack(0x000000eec1800000,0x000000eec1900000) (1024K)]
  0x00000214320f33c0 JavaThread "Reference Handler"          daemon [_thread_blocked, id=25228, stack(0x000000eec1c00000,0x000000eec1d00000) (1024K)]
  0x00000214320f3fd0 JavaThread "Finalizer"                  daemon [_thread_blocked, id=18000, stack(0x000000eec1d00000,0x000000eec1e00000) (1024K)]
  0x00000214320f5c00 JavaThread "Signal Dispatcher"          daemon [_thread_blocked, id=31944, stack(0x000000eec1e00000,0x000000eec1f00000) (1024K)]
  0x00000214320f9fc0 JavaThread "Attach Listener"            daemon [_thread_blocked, id=13936, stack(0x000000eec1f00000,0x000000eec2000000) (1024K)]
  0x00000214320fbd30 JavaThread "Service Thread"             daemon [_thread_blocked, id=29308, stack(0x000000eec2000000,0x000000eec2100000) (1024K)]
  0x00000214320fc790 JavaThread "Monitor Deflation Thread"   daemon [_thread_blocked, id=12128, stack(0x000000eec2100000,0x000000eec2200000) (1024K)]
  0x00000214321040e0 JavaThread "C2 CompilerThread0"         daemon [_thread_blocked, id=22904, stack(0x000000eec2200000,0x000000eec2300000) (1024K)]
  0x000002143210c080 JavaThread "C1 CompilerThread0"         daemon [_thread_blocked, id=27804, stack(0x000000eec2300000,0x000000eec2400000) (1024K)]
  0x000002148b0f4de0 JavaThread "Common-Cleaner"             daemon [_thread_blocked, id=27160, stack(0x000000eec2400000,0x000000eec2500000) (1024K)]
  0x000002148b23d0a0 JavaThread "Notification Thread"        daemon [_thread_blocked, id=23068, stack(0x000000eec2600000,0x000000eec2700000) (1024K)]
  0x00000214906dc060 JavaThread "Active Thread: Equinox Container: 26c7d5d6-a828-42b0-b51b-427361eb15f7"        [_thread_blocked, id=27052, stack(0x000000eec2500000,0x000000eec2600000) (1024K)]
  0x000002149061d7c0 JavaThread "Refresh Thread: Equinox Container: 26c7d5d6-a828-42b0-b51b-427361eb15f7" daemon [_thread_blocked, id=5748, stack(0x000000eec2f00000,0x000000eec3000000) (1024K)]
  0x000002149086a810 JavaThread "Framework Event Dispatcher: Equinox Container: 26c7d5d6-a828-42b0-b51b-427361eb15f7" daemon [_thread_blocked, id=9404, stack(0x000000eec3000000,0x000000eec3100000) (1024K)]
  0x000002149086b6a0 JavaThread "Start Level: Equinox Container: 26c7d5d6-a828-42b0-b51b-427361eb15f7" daemon [_thread_blocked, id=22920, stack(0x000000eec3100000,0x000000eec3200000) (1024K)]
  0x0000021490e72d80 JavaThread "Bundle File Closer"         daemon [_thread_blocked, id=7812, stack(0x000000eec3500000,0x000000eec3600000) (1024K)]
  0x0000021490f3b3a0 JavaThread "SCR Component Actor"        daemon [_thread_blocked, id=5232, stack(0x000000eec2d00000,0x000000eec2e00000) (1024K)]
  0x0000021490ac55d0 JavaThread "Worker-JM"                         [_thread_blocked, id=33648, stack(0x000000eec3700000,0x000000eec3800000) (1024K)]
  0x0000021490193e00 JavaThread "JNA Cleaner"                daemon [_thread_blocked, id=24688, stack(0x000000eec3200000,0x000000eec3300000) (1024K)]
  0x0000021490191d30 JavaThread "Worker-0"                          [_thread_blocked, id=26508, stack(0x000000eec3600000,0x000000eec3700000) (1024K)]
  0x0000021490193770 JavaThread "Java indexing"              daemon [_thread_blocked, id=19112, stack(0x000000eec3c00000,0x000000eec3d00000) (1024K)]
  0x0000021490194490 JavaThread "Worker-3: Building"                [_thread_blocked, id=12844, stack(0x000000eec3f00000,0x000000eec4000000) (1024K)]
  0x0000021490192a50 JavaThread "Thread-1"                   daemon [_thread_in_native, id=21460, stack(0x000000eec4100000,0x000000eec4200000) (1024K)]
  0x0000021493760550 JavaThread "Thread-2"                   daemon [_thread_in_native, id=1480, stack(0x000000eec4200000,0x000000eec4300000) (1024K)]
  0x000002149375d0d0 JavaThread "Thread-3"                   daemon [_thread_in_native, id=6628, stack(0x000000eec4300000,0x000000eec4400000) (1024K)]
  0x000002149375eb10 JavaThread "Thread-4"                   daemon [_thread_in_native, id=6100, stack(0x000000eec4400000,0x000000eec4500000) (1024K)]
  0x000002149375d760 JavaThread "Thread-5"                   daemon [_thread_in_native, id=9476, stack(0x000000eec4500000,0x000000eec4600000) (1024K)]
  0x000002149375ddf0 JavaThread "Thread-6"                   daemon [_thread_in_native, id=33608, stack(0x000000eec4600000,0x000000eec4700000) (1024K)]
  0x000002149375f830 JavaThread "Thread-7"                   daemon [_thread_in_native, id=24340, stack(0x000000eec4700000,0x000000eec4800000) (1024K)]
  0x000002149375e480 JavaThread "Thread-8"                   daemon [_thread_in_native, id=9048, stack(0x000000eec4800000,0x000000eec4900000) (1024K)]
  0x000002149375f1a0 JavaThread "Thread-9"                   daemon [_thread_in_native, id=13472, stack(0x000000eec4900000,0x000000eec4a00000) (1024K)]
  0x000002149375fec0 JavaThread "Thread-10"                  daemon [_thread_in_native, id=7028, stack(0x000000eec4a00000,0x000000eec4b00000) (1024K)]
  0x000002149242fa30 JavaThread "Thread-11"                  daemon [_thread_in_native, id=23624, stack(0x000000eec4b00000,0x000000eec4c00000) (1024K)]
  0x000002149242ed10 JavaThread "Thread-12"                  daemon [_thread_in_native, id=27024, stack(0x000000eec4c00000,0x000000eec4d00000) (1024K)]
  0x000002149242c5b0 JavaThread "Thread-13"                  daemon [_thread_in_native, id=20132, stack(0x000000eec4d00000,0x000000eec4e00000) (1024K)]
  0x000002149242d960 JavaThread "pool-2-thread-1"                   [_thread_blocked, id=10328, stack(0x000000eec4e00000,0x000000eec4f00000) (1024K)]
  0x000002149242d2d0 JavaThread "WorkspaceEventsHandler"            [_thread_blocked, id=24084, stack(0x000000eec4f00000,0x000000eec5000000) (1024K)]
  0x000002149242f3a0 JavaThread "pool-1-thread-1"                   [_thread_blocked, id=30920, stack(0x000000eec5000000,0x000000eec5100000) (1024K)]
  0x000002149242cc40 JavaThread "ForkJoinPool.commonPool-worker-1" daemon [_thread_blocked, id=18496, stack(0x000000eec3900000,0x000000eec3a00000) (1024K)]
  0x0000021492431470 JavaThread "ForkJoinPool.commonPool-worker-2" daemon [_thread_blocked, id=4940, stack(0x000000eec3b00000,0x000000eec3c00000) (1024K)]
  0x0000021492430750 JavaThread "ForkJoinPool.commonPool-worker-3" daemon [_thread_blocked, id=24592, stack(0x000000eec5100000,0x000000eec5200000) (1024K)]
  0x0000021492430de0 JavaThread "ForkJoinPool.commonPool-worker-4" daemon [_thread_blocked, id=10708, stack(0x000000eec5400000,0x000000eec5500000) (1024K)]
  0x0000021492431b00 JavaThread "ForkJoinPool.commonPool-worker-5" daemon [_thread_blocked, id=2932, stack(0x000000eec5600000,0x000000eec5700000) (1024K)]
  0x000002149242e680 JavaThread "ForkJoinPool.commonPool-worker-7" daemon [_thread_blocked, id=31320, stack(0x000000eec5700000,0x000000eec5800000) (1024K)]
  0x0000021492432190 JavaThread "ForkJoinPool.commonPool-worker-8" daemon [_thread_blocked, id=15172, stack(0x000000eec5800000,0x000000eec5900000) (1024K)]
  0x0000021492433bd0 JavaThread "ForkJoinPool.commonPool-worker-10" daemon [_thread_blocked, id=18040, stack(0x000000eec5a00000,0x000000eec5b00000) (1024K)]
  0x0000021492432eb0 JavaThread "ForkJoinPool.commonPool-worker-11" daemon [_thread_blocked, id=32492, stack(0x000000eec5b00000,0x000000eec5c00000) (1024K)]
  0x0000021494cf8db0 JavaThread "Cleaner-0"                  daemon [_thread_blocked, id=17920, stack(0x000000eec5c00000,0x000000eec5d00000) (1024K)]
=>0x0000021491b24c00 JavaThread "C2 CompilerThread1"         daemon [_thread_in_native, id=31948, stack(0x000000eec1500000,0x000000eec1600000) (1024K)]
  0x00000214914291f0 JavaThread "C2 CompilerThread2"         daemon [_thread_in_native, id=33460, stack(0x000000eec1600000,0x000000eec1700000) (1024K)]
  0x0000021494cf8720 JavaThread "Worker-5"                          [_thread_blocked, id=11332, stack(0x000000eec1700000,0x000000eec1800000) (1024K)]
  0x0000021494cf7370 JavaThread "Compiler Source File Reader" daemon [_thread_blocked, id=22348, stack(0x000000eec3800000,0x000000eec3900000) (1024K)]
  0x0000021494cf7a00 JavaThread "Compiler Source File Reader" daemon [_thread_blocked, id=22196, stack(0x000000eec3a00000,0x000000eec3b00000) (1024K)]
  0x0000021494cf9440 JavaThread "Compiler Source File Reader" daemon [_thread_blocked, id=17520, stack(0x000000eec3e00000,0x000000eec3f00000) (1024K)]
  0x0000021494cfa160 JavaThread "Compiler Processing Task"   daemon [_thread_blocked, id=11200, stack(0x000000eec4000000,0x000000eec4100000) (1024K)]
Total: 55

Other Threads:
  0x0000021448ae48c0 VMThread "VM Thread"                           [id=17692, stack(0x000000eec1b00000,0x000000eec1c00000) (1024K)] _threads_hazard_ptr=0x000002149375a450
  0x00000214489dca10 WatcherThread "VM Periodic Task Thread"        [id=14260, stack(0x000000eec1a00000,0x000000eec1b00000) (1024K)]
  0x000002143206ad40 WorkerThread "GC Thread#0"                     [id=32756, stack(0x000000eec1900000,0x000000eec1a00000) (1024K)]
  0x000002148b19d0a0 WorkerThread "GC Thread#1"                     [id=17120, stack(0x000000eec2700000,0x000000eec2800000) (1024K)]
  0x000002148b19dbb0 WorkerThread "GC Thread#2"                     [id=18004, stack(0x000000eec2800000,0x000000eec2900000) (1024K)]
  0x000002148b19c940 WorkerThread "GC Thread#3"                     [id=13836, stack(0x000000eec2900000,0x000000eec2a00000) (1024K)]
  0x000002148b19ccf0 WorkerThread "GC Thread#4"                     [id=17936, stack(0x000000eec2a00000,0x000000eec2b00000) (1024K)]
  0x000002148b19d450 WorkerThread "GC Thread#5"                     [id=24232, stack(0x000000eec2b00000,0x000000eec2c00000) (1024K)]
  0x000002148b19c590 WorkerThread "GC Thread#6"                     [id=21508, stack(0x000000eec2c00000,0x000000eec2d00000) (1024K)]
  0x00000214906e78c0 WorkerThread "GC Thread#7"                     [id=8472, stack(0x000000eec2e00000,0x000000eec2f00000) (1024K)]
  0x00000214906e7510 WorkerThread "GC Thread#8"                     [id=29840, stack(0x000000eec3300000,0x000000eec3400000) (1024K)]
  0x00000214906e5b40 WorkerThread "GC Thread#9"                     [id=18804, stack(0x000000eec3400000,0x000000eec3500000) (1024K)]
Total: 12

Threads with active compile tasks:
C2 CompilerThread0  165209 11569       4       org.eclipse.jdt.internal.core.builder.ClasspathLocation::findClass (25 bytes)
C1 CompilerThread0  165209 11586       3       java.util.LinkedHashMap::clear (15 bytes)
C2 CompilerThread1  165209 11506       4       org.eclipse.jdt.internal.compiler.lookup.BinaryTypeBinding::createMethod (1666 bytes)
C2 CompilerThread2  165209 11531 % !   4       org.eclipse.jdt.internal.compiler.classfmt.ClassFileReader::<init> @ 81 (1968 bytes)
Total: 4

VM state: synchronizing (normal execution)

VM Mutex/Monitor currently owned by a thread:  ([mutex/lock_event])
[0x00007ffb80d3e560] Threads_lock - owner thread: 0x0000021448ae48c0

Heap address: 0x0000000080000000, size: 2048 MB, Compressed Oops mode: 32-bit

CDS archive(s) mapped at: [0x0000021449000000-0x0000021449ba0000-0x0000021449ba0000), size 12189696, SharedBaseAddress: 0x0000021449000000, ArchiveRelocationMode: 1.
Compressed class space mapped at: 0x000002144a000000-0x000002148a000000, reserved size: 1073741824
Narrow klass base: 0x0000021449000000, Narrow klass shift: 0, Narrow klass range: 0x100000000

GC Precious Log:
 CardTable entry size: 512
 CPUs: 12 total, 12 available
 Memory: 16071M
 Large Page Support: Disabled
 NUMA Support: Disabled
 Compressed Oops: Enabled (32-bit)
 Alignments: Space 512K, Generation 512K, Heap 2M
 Heap Min Capacity: 100M
 Heap Initial Capacity: 100M
 Heap Max Capacity: 2G
 Pre-touch: Disabled
 Parallel Workers: 10

Heap:
 PSYoungGen      total 5120K, used 2425K [0x00000000d5580000, 0x00000000d5b80000, 0x0000000100000000)
  eden space 4096K, 42% used [0x00000000d5580000,0x00000000d572ea00,0x00000000d5980000)
  from space 1024K, 68% used [0x00000000d5a80000,0x00000000d5b2fad0,0x00000000d5b80000)
  to   space 1024K, 0% used [0x00000000d5980000,0x00000000d5980000,0x00000000d5a80000)
 ParOldGen       total 383488K, used 124799K [0x0000000080000000, 0x0000000097680000, 0x00000000d5580000)
  object space 383488K, 32% used [0x0000000080000000,0x00000000879dfce8,0x0000000097680000)
 Metaspace       used 68321K, committed 69824K, reserved 1114112K
  class space    used 7273K, committed 7872K, reserved 1048576K

Card table byte_map: [0x0000021431a20000,0x0000021431e30000] _byte_map_base: 0x0000021431620000

Marking Bits: (ParMarkBitMap*) 0x00007ffb80d43450
 Begin Bits: [0x0000021444500000, 0x0000021446500000)
 End Bits:   [0x0000021446500000, 0x0000021448500000)

Polling page: 0x0000021431810000

Metaspace:

Usage:
  Non-class:     59.62 MB used.
      Class:      7.10 MB used.
       Both:     66.72 MB used.

Virtual space:
  Non-class space:       64.00 MB reserved,      60.50 MB ( 95%) committed,  1 nodes.
      Class space:        1.00 GB reserved,       7.69 MB ( <1%) committed,  1 nodes.
             Both:        1.06 GB reserved,      68.19 MB (  6%) committed. 

Chunk freelists:
   Non-Class:  3.42 MB
       Class:  8.25 MB
        Both:  11.67 MB

MaxMetaspaceSize: unlimited
CompressedClassSpaceSize: 1.00 GB
Initial GC threshold: 21.00 MB
Current GC threshold: 98.12 MB
CDS: on
 - commit_granule_bytes: 65536.
 - commit_granule_words: 8192.
 - virtual_space_node_default_size: 8388608.
 - enlarge_chunks_in_place: 1.
 - use_allocation_guard: 0.


Internal statistics:

num_allocs_failed_limit: 13.
num_arena_births: 1210.
num_arena_deaths: 22.
num_vsnodes_births: 2.
num_vsnodes_deaths: 0.
num_space_committed: 1091.
num_space_uncommitted: 0.
num_chunks_returned_to_freelist: 39.
num_chunks_taken_from_freelist: 4510.
num_chunk_merges: 23.
num_chunk_splits: 2765.
num_chunks_enlarged: 1489.
num_inconsistent_stats: 0.

CodeHeap 'non-profiled nmethods': size=120000Kb used=9357Kb max_used=9357Kb free=110642Kb
 bounds [0x000002143cd20000, 0x000002143d650000, 0x0000021444250000]
CodeHeap 'profiled nmethods': size=120000Kb used=25150Kb max_used=25150Kb free=94849Kb
 bounds [0x0000021435250000, 0x0000021436ae0000, 0x000002143c780000]
CodeHeap 'non-nmethods': size=5760Kb used=1449Kb max_used=1512Kb free=4310Kb
 bounds [0x000002143c780000, 0x000002143c9f0000, 0x000002143cd20000]
CodeCache: size=245760Kb, used=35956Kb, max_used=36019Kb, free=209801Kb
 total_blobs=11555, nmethods=10788, adapters=673, full_count=0
Compilation: enabled, stopped_count=0, restarted_count=0

Compilation events (20 events):
Event: 161.117 Thread 0x00000214321040e0 11546       4       java.util.AbstractCollection::addAll (42 bytes)
Event: 161.118 Thread 0x00000214321040e0 nmethod 11546 0x000002143d640b90 code [0x000002143d640d40, 0x000002143d640ea0]
Event: 161.118 Thread 0x00000214321040e0 11548       4       org.eclipse.jdt.internal.compiler.env.ITypeAnnotationWalker$1::toMethodParameter (2 bytes)
Event: 161.119 Thread 0x00000214321040e0 nmethod 11548 0x000002143d641010 code [0x000002143d6411a0, 0x000002143d641228]
Event: 161.119 Thread 0x000002143210c080 11550       3       org.eclipse.jdt.internal.compiler.lookup.SignatureWrapper::computeEnd (248 bytes)
Event: 161.119 Thread 0x00000214321040e0 11547       4       org.eclipse.jdt.internal.compiler.env.ITypeAnnotationWalker$1::toMethodReturn (2 bytes)
Event: 161.120 Thread 0x00000214321040e0 nmethod 11547 0x000002143d641310 code [0x000002143d6414a0, 0x000002143d641528]
Event: 161.120 Thread 0x000002143210c080 nmethod 11550 0x0000021436ac6110 code [0x0000021436ac6300, 0x0000021436ac68a8]
Event: 161.120 Thread 0x00000214321040e0 11549       4       org.eclipse.jdt.internal.compiler.env.ITypeAnnotationWalker$1::toReceiver (2 bytes)
Event: 161.120 Thread 0x00000214321040e0 nmethod 11549 0x000002143d641610 code [0x000002143d6417a0, 0x000002143d641828]
Event: 161.123 Thread 0x000002143210c080 11551       3       org.eclipse.jdt.internal.compiler.lookup.UnresolvedReferenceBinding::setResolvedType (69 bytes)
Event: 161.123 Thread 0x000002143210c080 nmethod 11551 0x0000021436ac6b10 code [0x0000021436ac6d00, 0x0000021436ac71e0]
Event: 161.127 Thread 0x000002143210c080 11552       3       org.eclipse.jdt.internal.compiler.codegen.ConstantPool::literalIndex (400 bytes)
Event: 161.130 Thread 0x000002143210c080 nmethod 11552 0x0000021436ac7410 code [0x0000021436ac77e0, 0x0000021436ac9498]
Event: 161.130 Thread 0x00000214321040e0 11553       4       jdk.internal.org.objectweb.asm.ByteVector::putByteArray (49 bytes)
Event: 161.132 Thread 0x00000214321040e0 nmethod 11553 0x000002143d641910 code [0x000002143d641aa0, 0x000002143d641c30]
Event: 161.132 Thread 0x000002143210c080 11554       3       org.eclipse.jdt.internal.compiler.lookup.LookupEnvironment::createUnresolvedAnnotation (26 bytes)
Event: 161.133 Thread 0x00000214321040e0 11555       4       org.eclipse.jdt.internal.compiler.lookup.BinaryTypeBinding::createAnnotations (59 bytes)
Event: 161.133 Thread 0x000002143210c080 nmethod 11554 0x0000021436aca110 code [0x0000021436aca2e0, 0x0000021436aca660]
Event: 161.133 Thread 0x000002143210c080 11556       3       org.eclipse.jdt.internal.compiler.lookup.AnnotatableTypeSystem::getWildcard (304 bytes)

GC Heap History (20 events):
Event: 159.629 GC heap after
{Heap after GC invocations=901 (full 3):
 PSYoungGen      total 4608K, used 1536K [0x00000000d5580000, 0x00000000d5c00000, 0x0000000100000000)
  eden space 3072K, 0% used [0x00000000d5580000,0x00000000d5580000,0x00000000d5880000)
  from space 1536K, 100% used [0x00000000d5a80000,0x00000000d5c00000,0x00000000d5c00000)
  to   space 1536K, 0% used [0x00000000d5900000,0x00000000d5900000,0x00000000d5a80000)
 ParOldGen       total 383488K, used 113171K [0x0000000080000000, 0x0000000097680000, 0x00000000d5580000)
  object space 383488K, 29% used [0x0000000080000000,0x0000000086e84cb0,0x0000000097680000)
 Metaspace       used 67362K, committed 68864K, reserved 1114112K
  class space    used 7164K, committed 7808K, reserved 1048576K
}
Event: 160.659 GC heap before
{Heap before GC invocations=902 (full 3):
 PSYoungGen      total 4608K, used 4608K [0x00000000d5580000, 0x00000000d5c00000, 0x0000000100000000)
  eden space 3072K, 100% used [0x00000000d5580000,0x00000000d5880000,0x00000000d5880000)
  from space 1536K, 100% used [0x00000000d5a80000,0x00000000d5c00000,0x00000000d5c00000)
  to   space 1536K, 0% used [0x00000000d5900000,0x00000000d5900000,0x00000000d5a80000)
 ParOldGen       total 383488K, used 113171K [0x0000000080000000, 0x0000000097680000, 0x00000000d5580000)
  object space 383488K, 29% used [0x0000000080000000,0x0000000086e84cb0,0x0000000097680000)
 Metaspace       used 67391K, committed 68864K, reserved 1114112K
  class space    used 7164K, committed 7808K, reserved 1048576K
}
Event: 160.662 GC heap after
{Heap after GC invocations=902 (full 3):
 PSYoungGen      total 4608K, used 1536K [0x00000000d5580000, 0x00000000d6180000, 0x0000000100000000)
  eden space 3072K, 0% used [0x00000000d5580000,0x00000000d5580000,0x00000000d5880000)
  from space 1536K, 100% used [0x00000000d5900000,0x00000000d5a80000,0x00000000d5a80000)
  to   space 4608K, 0% used [0x00000000d5d00000,0x00000000d5d00000,0x00000000d6180000)
 ParOldGen       total 383488K, used 115870K [0x0000000080000000, 0x0000000097680000, 0x00000000d5580000)
  object space 383488K, 30% used [0x0000000080000000,0x0000000087127bb8,0x0000000097680000)
 Metaspace       used 67391K, committed 68864K, reserved 1114112K
  class space    used 7164K, committed 7808K, reserved 1048576K
}
Event: 160.697 GC heap before
{Heap before GC invocations=903 (full 3):
 PSYoungGen      total 4608K, used 4608K [0x00000000d5580000, 0x00000000d6180000, 0x0000000100000000)
  eden space 3072K, 100% used [0x00000000d5580000,0x00000000d5880000,0x00000000d5880000)
  from space 1536K, 100% used [0x00000000d5900000,0x00000000d5a80000,0x00000000d5a80000)
  to   space 4608K, 0% used [0x00000000d5d00000,0x00000000d5d00000,0x00000000d6180000)
 ParOldGen       total 383488K, used 115870K [0x0000000080000000, 0x0000000097680000, 0x00000000d5580000)
  object space 383488K, 30% used [0x0000000080000000,0x0000000087127bb8,0x0000000097680000)
 Metaspace       used 67494K, committed 68928K, reserved 1114112K
  class space    used 7176K, committed 7808K, reserved 1048576K
}
Event: 160.700 GC heap after
{Heap after GC invocations=903 (full 3):
 PSYoungGen      total 5120K, used 1690K [0x00000000d5580000, 0x00000000d5f00000, 0x0000000100000000)
  eden space 3072K, 0% used [0x00000000d5580000,0x00000000d5580000,0x00000000d5880000)
  from space 2048K, 82% used [0x00000000d5d00000,0x00000000d5ea6800,0x00000000d5f00000)
  to   space 3072K, 0% used [0x00000000d5900000,0x00000000d5900000,0x00000000d5c00000)
 ParOldGen       total 383488K, used 117470K [0x0000000080000000, 0x0000000097680000, 0x00000000d5580000)
  object space 383488K, 30% used [0x0000000080000000,0x00000000872b7bb8,0x0000000097680000)
 Metaspace       used 67494K, committed 68928K, reserved 1114112K
  class space    used 7176K, committed 7808K, reserved 1048576K
}
Event: 160.808 GC heap before
{Heap before GC invocations=904 (full 3):
 PSYoungGen      total 5120K, used 4762K [0x00000000d5580000, 0x00000000d5f00000, 0x0000000100000000)
  eden space 3072K, 100% used [0x00000000d5580000,0x00000000d5880000,0x00000000d5880000)
  from space 2048K, 82% used [0x00000000d5d00000,0x00000000d5ea6800,0x00000000d5f00000)
  to   space 3072K, 0% used [0x00000000d5900000,0x00000000d5900000,0x00000000d5c00000)
 ParOldGen       total 383488K, used 117470K [0x0000000080000000, 0x0000000097680000, 0x00000000d5580000)
  object space 383488K, 30% used [0x0000000080000000,0x00000000872b7bb8,0x0000000097680000)
 Metaspace       used 67794K, committed 69248K, reserved 1114112K
  class space    used 7213K, committed 7808K, reserved 1048576K
}
Event: 160.811 GC heap after
{Heap after GC invocations=904 (full 3):
 PSYoungGen      total 6144K, used 624K [0x00000000d5580000, 0x00000000d5d80000, 0x0000000100000000)
  eden space 3072K, 0% used [0x00000000d5580000,0x00000000d5580000,0x00000000d5880000)
  from space 3072K, 20% used [0x00000000d5900000,0x00000000d599c030,0x00000000d5c00000)
  to   space 1536K, 0% used [0x00000000d5c00000,0x00000000d5c00000,0x00000000d5d80000)
 ParOldGen       total 383488K, used 119016K [0x0000000080000000, 0x0000000097680000, 0x00000000d5580000)
  object space 383488K, 31% used [0x0000000080000000,0x000000008743a3d8,0x0000000097680000)
 Metaspace       used 67794K, committed 69248K, reserved 1114112K
  class space    used 7213K, committed 7808K, reserved 1048576K
}
Event: 160.830 GC heap before
{Heap before GC invocations=905 (full 3):
 PSYoungGen      total 6144K, used 3696K [0x00000000d5580000, 0x00000000d5d80000, 0x0000000100000000)
  eden space 3072K, 100% used [0x00000000d5580000,0x00000000d5880000,0x00000000d5880000)
  from space 3072K, 20% used [0x00000000d5900000,0x00000000d599c030,0x00000000d5c00000)
  to   space 1536K, 0% used [0x00000000d5c00000,0x00000000d5c00000,0x00000000d5d80000)
 ParOldGen       total 383488K, used 119016K [0x0000000080000000, 0x0000000097680000, 0x00000000d5580000)
  object space 383488K, 31% used [0x0000000080000000,0x000000008743a3d8,0x0000000097680000)
 Metaspace       used 67795K, committed 69248K, reserved 1114112K
  class space    used 7213K, committed 7808K, reserved 1048576K
}
Event: 160.831 GC heap after
{Heap after GC invocations=905 (full 3):
 PSYoungGen      total 4608K, used 1282K [0x00000000d5580000, 0x00000000d5d80000, 0x0000000100000000)
  eden space 3072K, 0% used [0x00000000d5580000,0x00000000d5580000,0x00000000d5880000)
  from space 1536K, 83% used [0x00000000d5c00000,0x00000000d5d40828,0x00000000d5d80000)
  to   space 1536K, 0% used [0x00000000d5a80000,0x00000000d5a80000,0x00000000d5c00000)
 ParOldGen       total 383488K, used 119496K [0x0000000080000000, 0x0000000097680000, 0x00000000d5580000)
  object space 383488K, 31% used [0x0000000080000000,0x00000000874b20d0,0x0000000097680000)
 Metaspace       used 67795K, committed 69248K, reserved 1114112K
  class space    used 7213K, committed 7808K, reserved 1048576K
}
Event: 160.862 GC heap before
{Heap before GC invocations=906 (full 3):
 PSYoungGen      total 4608K, used 4354K [0x00000000d5580000, 0x00000000d5d80000, 0x0000000100000000)
  eden space 3072K, 100% used [0x00000000d5580000,0x00000000d5880000,0x00000000d5880000)
  from space 1536K, 83% used [0x00000000d5c00000,0x00000000d5d40828,0x00000000d5d80000)
  to   space 1536K, 0% used [0x00000000d5a80000,0x00000000d5a80000,0x00000000d5c00000)
 ParOldGen       total 383488K, used 119496K [0x0000000080000000, 0x0000000097680000, 0x00000000d5580000)
  object space 383488K, 31% used [0x0000000080000000,0x00000000874b20d0,0x0000000097680000)
 Metaspace       used 67795K, committed 69248K, reserved 1114112K
  class space    used 7213K, committed 7808K, reserved 1048576K
}
Event: 160.862 GC heap after
{Heap after GC invocations=906 (full 3):
 PSYoungGen      total 4608K, used 1069K [0x00000000d5580000, 0x00000000d5c80000, 0x0000000100000000)
  eden space 3072K, 0% used [0x00000000d5580000,0x00000000d5580000,0x00000000d5880000)
  from space 1536K, 69% used [0x00000000d5a80000,0x00000000d5b8b4b0,0x00000000d5c00000)
  to   space 512K, 0% used [0x00000000d5c00000,0x00000000d5c00000,0x00000000d5c80000)
 ParOldGen       total 383488K, used 120620K [0x0000000080000000, 0x0000000097680000, 0x00000000d5580000)
  object space 383488K, 31% used [0x0000000080000000,0x00000000875cb0d8,0x0000000097680000)
 Metaspace       used 67795K, committed 69248K, reserved 1114112K
  class space    used 7213K, committed 7808K, reserved 1048576K
}
Event: 160.888 GC heap before
{Heap before GC invocations=907 (full 3):
 PSYoungGen      total 4608K, used 4141K [0x00000000d5580000, 0x00000000d5c80000, 0x0000000100000000)
  eden space 3072K, 100% used [0x00000000d5580000,0x00000000d5880000,0x00000000d5880000)
  from space 1536K, 69% used [0x00000000d5a80000,0x00000000d5b8b4b0,0x00000000d5c00000)
  to   space 512K, 0% used [0x00000000d5c00000,0x00000000d5c00000,0x00000000d5c80000)
 ParOldGen       total 383488K, used 120620K [0x0000000080000000, 0x0000000097680000, 0x00000000d5580000)
  object space 383488K, 31% used [0x0000000080000000,0x00000000875cb0d8,0x0000000097680000)
 Metaspace       used 67795K, committed 69248K, reserved 1114112K
  class space    used 7213K, committed 7808K, reserved 1048576K
}
Event: 160.889 GC heap after
{Heap after GC invocations=907 (full 3):
 PSYoungGen      total 3584K, used 510K [0x00000000d5580000, 0x00000000d5d80000, 0x0000000100000000)
  eden space 3072K, 0% used [0x00000000d5580000,0x00000000d5580000,0x00000000d5880000)
  from space 512K, 99% used [0x00000000d5c00000,0x00000000d5c7f9a8,0x00000000d5c80000)
  to   space 2560K, 0% used [0x00000000d5880000,0x00000000d5880000,0x00000000d5b00000)
 ParOldGen       total 383488K, used 122206K [0x0000000080000000, 0x0000000097680000, 0x00000000d5580000)
  object space 383488K, 31% used [0x0000000080000000,0x0000000087757b80,0x0000000097680000)
 Metaspace       used 67795K, committed 69248K, reserved 1114112K
  class space    used 7213K, committed 7808K, reserved 1048576K
}
Event: 160.905 GC heap before
{Heap before GC invocations=908 (full 3):
 PSYoungGen      total 3584K, used 3552K [0x00000000d5580000, 0x00000000d5d80000, 0x0000000100000000)
  eden space 3072K, 99% used [0x00000000d5580000,0x00000000d58787c8,0x00000000d5880000)
  from space 512K, 99% used [0x00000000d5c00000,0x00000000d5c7f9a8,0x00000000d5c80000)
  to   space 2560K, 0% used [0x00000000d5880000,0x00000000d5880000,0x00000000d5b00000)
 ParOldGen       total 383488K, used 122206K [0x0000000080000000, 0x0000000097680000, 0x00000000d5580000)
  object space 383488K, 31% used [0x0000000080000000,0x0000000087757b80,0x0000000097680000)
 Metaspace       used 67795K, committed 69248K, reserved 1114112K
  class space    used 7213K, committed 7808K, reserved 1048576K
}
Event: 160.905 GC heap after
{Heap after GC invocations=908 (full 3):
 PSYoungGen      total 5632K, used 1115K [0x00000000d5580000, 0x00000000d5c80000, 0x0000000100000000)
  eden space 3072K, 0% used [0x00000000d5580000,0x00000000d5580000,0x00000000d5880000)
  from space 2560K, 43% used [0x00000000d5880000,0x00000000d5996c68,0x00000000d5b00000)
  to   space 1536K, 0% used [0x00000000d5b00000,0x00000000d5b00000,0x00000000d5c80000)
 ParOldGen       total 383488K, used 122705K [0x0000000080000000, 0x0000000097680000, 0x00000000d5580000)
  object space 383488K, 31% used [0x0000000080000000,0x00000000877d4708,0x0000000097680000)
 Metaspace       used 67795K, committed 69248K, reserved 1114112K
  class space    used 7213K, committed 7808K, reserved 1048576K
}
Event: 160.948 GC heap before
{Heap before GC invocations=909 (full 3):
 PSYoungGen      total 5632K, used 4187K [0x00000000d5580000, 0x00000000d5c80000, 0x0000000100000000)
  eden space 3072K, 99% used [0x00000000d5580000,0x00000000d587ffc8,0x00000000d5880000)
  from space 2560K, 43% used [0x00000000d5880000,0x00000000d5996c68,0x00000000d5b00000)
  to   space 1536K, 0% used [0x00000000d5b00000,0x00000000d5b00000,0x00000000d5c80000)
 ParOldGen       total 383488K, used 122705K [0x0000000080000000, 0x0000000097680000, 0x00000000d5580000)
  object space 383488K, 31% used [0x0000000080000000,0x00000000877d4708,0x0000000097680000)
 Metaspace       used 67913K, committed 69376K, reserved 1114112K
  class space    used 7226K, committed 7872K, reserved 1048576K
}
Event: 160.950 GC heap after
{Heap after GC invocations=909 (full 3):
 PSYoungGen      total 4096K, used 927K [0x00000000d5580000, 0x00000000d5c00000, 0x0000000100000000)
  eden space 3072K, 0% used [0x00000000d5580000,0x00000000d5580000,0x00000000d5880000)
  from space 1024K, 90% used [0x00000000d5b00000,0x00000000d5be7e98,0x00000000d5c00000)
  to   space 1536K, 0% used [0x00000000d5900000,0x00000000d5900000,0x00000000d5a80000)
 ParOldGen       total 383488K, used 123696K [0x0000000080000000, 0x0000000097680000, 0x00000000d5580000)
  object space 383488K, 32% used [0x0000000080000000,0x00000000878cc258,0x0000000097680000)
 Metaspace       used 67913K, committed 69376K, reserved 1114112K
  class space    used 7226K, committed 7872K, reserved 1048576K
}
Event: 161.026 GC heap before
{Heap before GC invocations=910 (full 3):
 PSYoungGen      total 4096K, used 3999K [0x00000000d5580000, 0x00000000d5c00000, 0x0000000100000000)
  eden space 3072K, 100% used [0x00000000d5580000,0x00000000d5880000,0x00000000d5880000)
  from space 1024K, 90% used [0x00000000d5b00000,0x00000000d5be7e98,0x00000000d5c00000)
  to   space 1536K, 0% used [0x00000000d5900000,0x00000000d5900000,0x00000000d5a80000)
 ParOldGen       total 383488K, used 123696K [0x0000000080000000, 0x0000000097680000, 0x00000000d5580000)
  object space 383488K, 32% used [0x0000000080000000,0x00000000878cc258,0x0000000097680000)
 Metaspace       used 68023K, committed 69504K, reserved 1114112K
  class space    used 7235K, committed 7872K, reserved 1048576K
}
Event: 161.029 GC heap after
{Heap after GC invocations=910 (full 3):
 PSYoungGen      total 4608K, used 480K [0x00000000d5580000, 0x00000000d5b80000, 0x0000000100000000)
  eden space 3072K, 0% used [0x00000000d5580000,0x00000000d5580000,0x00000000d5880000)
  from space 1536K, 31% used [0x00000000d5900000,0x00000000d5978000,0x00000000d5a80000)
  to   space 1024K, 0% used [0x00000000d5a80000,0x00000000d5a80000,0x00000000d5b80000)
 ParOldGen       total 383488K, used 124439K [0x0000000080000000, 0x0000000097680000, 0x00000000d5580000)
  object space 383488K, 32% used [0x0000000080000000,0x0000000087985ce8,0x0000000097680000)
 Metaspace       used 68023K, committed 69504K, reserved 1114112K
  class space    used 7235K, committed 7872K, reserved 1048576K
}
Event: 161.134 GC heap before
{Heap before GC invocations=911 (full 3):
 PSYoungGen      total 4608K, used 3552K [0x00000000d5580000, 0x00000000d5b80000, 0x0000000100000000)
  eden space 3072K, 100% used [0x00000000d5580000,0x00000000d5880000,0x00000000d5880000)
  from space 1536K, 31% used [0x00000000d5900000,0x00000000d5978000,0x00000000d5a80000)
  to   space 1024K, 0% used [0x00000000d5a80000,0x00000000d5a80000,0x00000000d5b80000)
 ParOldGen       total 383488K, used 124439K [0x0000000080000000, 0x0000000097680000, 0x00000000d5580000)
  object space 383488K, 32% used [0x0000000080000000,0x0000000087985ce8,0x0000000097680000)
 Metaspace       used 68285K, committed 69760K, reserved 1114112K
  class space    used 7270K, committed 7872K, reserved 1048576K
}

Dll operation events (10 events):
Event: 0.019 Loaded shared library c:\Users\ACER\.vscode\extensions\redhat.java-1.54.0-win32-x64\jre\21.0.10-win32-x86_64\bin\java.dll
Event: 0.129 Loaded shared library c:\Users\ACER\.vscode\extensions\redhat.java-1.54.0-win32-x64\jre\21.0.10-win32-x86_64\bin\zip.dll
Event: 0.165 Loaded shared library C:\Users\ACER\.vscode\extensions\redhat.java-1.54.0-win32-x64\jre\21.0.10-win32-x86_64\bin\instrument.dll
Event: 0.173 Loaded shared library C:\Users\ACER\.vscode\extensions\redhat.java-1.54.0-win32-x64\jre\21.0.10-win32-x86_64\bin\net.dll
Event: 0.178 Loaded shared library C:\Users\ACER\.vscode\extensions\redhat.java-1.54.0-win32-x64\jre\21.0.10-win32-x86_64\bin\nio.dll
Event: 0.186 Loaded shared library C:\Users\ACER\.vscode\extensions\redhat.java-1.54.0-win32-x64\jre\21.0.10-win32-x86_64\bin\zip.dll
Event: 0.228 Loaded shared library C:\Users\ACER\.vscode\extensions\redhat.java-1.54.0-win32-x64\jre\21.0.10-win32-x86_64\bin\jimage.dll
Event: 0.380 Loaded shared library c:\Users\ACER\.vscode\extensions\redhat.java-1.54.0-win32-x64\jre\21.0.10-win32-x86_64\bin\verify.dll
Event: 3.346 Loaded shared library C:\Users\ACER\AppData\Roaming\Code\User\globalStorage\redhat.java\1.54.0\config_win\org.eclipse.equinox.launcher\org.eclipse.equinox.launcher.win32.win32.x86_64_1.3.0.v20260203-2149\eclipse_11919.dll
Event: 7.354 Loaded shared library C:\Users\ACER\AppData\Local\Temp\jna-2003023\jna11829986044285807131.dll

Deoptimization events (20 events):
Event: 161.037 Thread 0x0000021490194490 Uncommon trap: trap_request=0xffffffde fr.pc=0x000002143d4ede18 relative=0x0000000000000078
Event: 161.037 Thread 0x0000021490194490 Uncommon trap: reason=class_check action=maybe_recompile pc=0x000002143d4ede18 method=java.util.Collections$UnmodifiableMap$UnmodifiableEntrySet$UnmodifiableEntry.getKey()Ljava/lang/Object; @ 4 c2
Event: 161.037 Thread 0x0000021490194490 DEOPT PACKING pc=0x000002143d4ede18 sp=0x000000eec3ffe060
Event: 161.037 Thread 0x0000021490194490 DEOPT UNPACKING pc=0x000002143c7d3aa2 sp=0x000000eec3ffdff0 mode 2
Event: 161.038 Thread 0x0000021490194490 Uncommon trap: trap_request=0xffffffc6 fr.pc=0x000002143d4ecdac relative=0x000000000000008c
Event: 161.038 Thread 0x0000021490194490 Uncommon trap: reason=bimorphic_or_optimized_type_check action=maybe_recompile pc=0x000002143d4ecdac method=java.util.Collections$UnmodifiableMap$UnmodifiableEntrySet$1.hasNext()Z @ 4 c2
Event: 161.038 Thread 0x0000021490194490 DEOPT PACKING pc=0x000002143d4ecdac sp=0x000000eec3ffe060
Event: 161.038 Thread 0x0000021490194490 DEOPT UNPACKING pc=0x000002143c7d3aa2 sp=0x000000eec3ffdff0 mode 2
Event: 161.038 Thread 0x0000021490194490 Uncommon trap: trap_request=0xffffffc6 fr.pc=0x000002143d4ecdac relative=0x000000000000008c
Event: 161.038 Thread 0x0000021490194490 Uncommon trap: reason=bimorphic_or_optimized_type_check action=maybe_recompile pc=0x000002143d4ecdac method=java.util.Collections$UnmodifiableMap$UnmodifiableEntrySet$1.hasNext()Z @ 4 c2
Event: 161.038 Thread 0x0000021490194490 DEOPT PACKING pc=0x000002143d4ecdac sp=0x000000eec3ffe060
Event: 161.038 Thread 0x0000021490194490 DEOPT UNPACKING pc=0x000002143c7d3aa2 sp=0x000000eec3ffdff0 mode 2
Event: 161.050 Thread 0x0000021494cfa160 Uncommon trap: trap_request=0xffffffde fr.pc=0x000002143d137510 relative=0x0000000000000590
Event: 161.051 Thread 0x0000021494cfa160 Uncommon trap: reason=class_check action=maybe_recompile pc=0x000002143d137510 method=org.eclipse.jdt.internal.compiler.util.SimpleSet.add(Ljava/lang/Object;)Ljava/lang/Object; @ 7 c2
Event: 161.051 Thread 0x0000021494cfa160 DEOPT PACKING pc=0x000002143d137510 sp=0x000000eec40febb0
Event: 161.051 Thread 0x0000021494cfa160 DEOPT UNPACKING pc=0x000002143c7d3aa2 sp=0x000000eec40feb58 mode 2
Event: 161.100 Thread 0x0000021494cfa160 Uncommon trap: trap_request=0xffffff45 fr.pc=0x000002143d560b6c relative=0x0000000000001e0c
Event: 161.100 Thread 0x0000021494cfa160 Uncommon trap: reason=unstable_if action=reinterpret pc=0x000002143d560b6c method=org.eclipse.jdt.internal.compiler.util.HashtableOfType.get([C)Lorg/eclipse/jdt/internal/compiler/lookup/ReferenceBinding; @ 49 c2
Event: 161.100 Thread 0x0000021494cfa160 DEOPT PACKING pc=0x000002143d560b6c sp=0x000000eec40fd960
Event: 161.101 Thread 0x0000021494cfa160 DEOPT UNPACKING pc=0x000002143c7d3aa2 sp=0x000000eec40fd810 mode 2

Classes loaded (20 events):
Event: 155.240 Loading class java/util/stream/DistinctOps$1
Event: 155.241 Loading class java/util/stream/DistinctOps$1 done
Event: 155.245 Loading class java/util/stream/DistinctOps$1$2
Event: 155.245 Loading class java/util/stream/DistinctOps$1$2 done
Event: 155.255 Loading class java/util/AbstractList$RandomAccessSubList
Event: 155.256 Loading class java/util/AbstractList$SubList
Event: 155.256 Loading class java/util/AbstractList$SubList done
Event: 155.256 Loading class java/util/AbstractList$RandomAccessSubList done
Event: 155.256 Loading class java/util/AbstractList$SubList$1
Event: 155.256 Loading class java/util/AbstractList$SubList$1 done
Event: 155.420 Loading class java/util/ImmutableCollections$SubList
Event: 155.421 Loading class java/util/ImmutableCollections$SubList done
Event: 155.509 Loading class java/util/zip/CheckedInputStream
Event: 155.510 Loading class java/util/zip/CheckedInputStream done
Event: 160.917 Loading class java/nio/file/Files$2
Event: 160.918 Loading class java/nio/file/Files$2 done
Event: 161.022 Loading class jdk/internal/module/IllegalAccessLogger
Event: 161.022 Loading class jdk/internal/module/IllegalAccessLogger done
Event: 161.041 Loading class java/util/concurrent/ArrayBlockingQueue
Event: 161.042 Loading class java/util/concurrent/ArrayBlockingQueue done

Classes unloaded (11 events):
Event: 8.609 Thread 0x0000021448ae48c0 Unloading class 0x000002144a1acc00 'java/lang/invoke/LambdaForm$MH+0x000002144a1acc00'
Event: 8.609 Thread 0x0000021448ae48c0 Unloading class 0x000002144a1ac800 'java/lang/invoke/LambdaForm$MH+0x000002144a1ac800'
Event: 8.609 Thread 0x0000021448ae48c0 Unloading class 0x000002144a1ac400 'java/lang/invoke/LambdaForm$MH+0x000002144a1ac400'
Event: 8.609 Thread 0x0000021448ae48c0 Unloading class 0x000002144a1ac000 'java/lang/invoke/LambdaForm$MH+0x000002144a1ac000'
Event: 8.609 Thread 0x0000021448ae48c0 Unloading class 0x000002144a1abc00 'java/lang/invoke/LambdaForm$BMH+0x000002144a1abc00'
Event: 8.609 Thread 0x0000021448ae48c0 Unloading class 0x000002144a1ab800 'java/lang/invoke/LambdaForm$DMH+0x000002144a1ab800'
Event: 8.609 Thread 0x0000021448ae48c0 Unloading class 0x000002144a1aa400 'java/lang/invoke/LambdaForm$DMH+0x000002144a1aa400'
Event: 27.613 Thread 0x0000021448ae48c0 Unloading class 0x000002144a6b5000 'java/lang/invoke/LambdaForm$DMH+0x000002144a6b5000'
Event: 27.613 Thread 0x0000021448ae48c0 Unloading class 0x000002144a6b4c00 'java/lang/invoke/LambdaForm$DMH+0x000002144a6b4c00'
Event: 27.613 Thread 0x0000021448ae48c0 Unloading class 0x000002144a6b4800 'java/lang/invoke/LambdaForm$DMH+0x000002144a6b4800'
Event: 27.613 Thread 0x0000021448ae48c0 Unloading class 0x000002144a6b4400 'java/lang/invoke/LambdaForm$DMH+0x000002144a6b4400'

Classes redefined (0 events):
No events

Internal exceptions (20 events):
Event: 28.043 Thread 0x00000214901923c0 Exception <a 'java/io/FileNotFoundException'{0x00000000d58254f8}> (0x00000000d58254f8) 
thrown [s\src\hotspot\share\prims\jni.cpp, line 520]
Event: 28.043 Thread 0x00000214901923c0 Exception <a 'java/io/FileNotFoundException'{0x00000000d5826258}> (0x00000000d5826258) 
thrown [s\src\hotspot\share\prims\jni.cpp, line 520]
Event: 28.341 Thread 0x0000021492431b00 Implicit null exception at 0x000002143d432a5a to 0x000002143d432ab3
Event: 28.464 Thread 0x0000021492432820 Exception <a 'sun/nio/fs/WindowsException'{0x00000000d5792228}> (0x00000000d5792228) 
thrown [s\src\hotspot\share\prims\jni.cpp, line 520]
Event: 28.464 Thread 0x0000021492432820 Exception <a 'sun/nio/fs/WindowsException'{0x00000000d5792b28}> (0x00000000d5792b28) 
thrown [s\src\hotspot\share\prims\jni.cpp, line 520]
Event: 28.466 Thread 0x0000021492432820 Exception <a 'sun/nio/fs/WindowsException'{0x00000000d57b9a58}> (0x00000000d57b9a58) 
thrown [s\src\hotspot\share\prims\jni.cpp, line 520]
Event: 28.466 Thread 0x0000021492432820 Exception <a 'sun/nio/fs/WindowsException'{0x00000000d57ba338}> (0x00000000d57ba338) 
thrown [s\src\hotspot\share\prims\jni.cpp, line 520]
Event: 28.468 Thread 0x0000021492432820 Exception <a 'sun/nio/fs/WindowsException'{0x00000000d5805ce0}> (0x00000000d5805ce0) 
thrown [s\src\hotspot\share\prims\jni.cpp, line 520]
Event: 28.468 Thread 0x0000021492432820 Exception <a 'sun/nio/fs/WindowsException'{0x00000000d58065c0}> (0x00000000d58065c0) 
thrown [s\src\hotspot\share\prims\jni.cpp, line 520]
Event: 28.474 Thread 0x0000021492432820 Exception <a 'sun/nio/fs/WindowsException'{0x00000000d58c0af8}> (0x00000000d58c0af8) 
thrown [s\src\hotspot\share\prims\jni.cpp, line 520]
Event: 28.474 Thread 0x0000021492432820 Exception <a 'sun/nio/fs/WindowsException'{0x00000000d58c13d8}> (0x00000000d58c13d8) 
thrown [s\src\hotspot\share\prims\jni.cpp, line 520]
Event: 29.130 Thread 0x0000021490191d30 Exception <a 'sun/nio/fs/WindowsException'{0x00000000d56b3128}> (0x00000000d56b3128) 
thrown [s\src\hotspot\share\prims\jni.cpp, line 520]
Event: 29.130 Thread 0x0000021490191d30 Exception <a 'sun/nio/fs/WindowsException'{0x00000000d56b3758}> (0x00000000d56b3758) 
thrown [s\src\hotspot\share\prims\jni.cpp, line 520]
Event: 29.305 Thread 0x0000021490191d30 Exception <a 'java/lang/NoSuchMethodError'{0x00000000d58f8e98}: 'java.lang.Object java.lang.invoke.DirectMethodHandle$Holder.invokeStatic(java.lang.Object, java.lang.Object, int, java.lang.Object)'> (0x00000000d58f8e98) 
thrown [s\src\hotspot\share\interpreter\linkResolver.cpp, line 773]
Event: 29.306 Thread 0x0000021490191d30 Exception <a 'java/lang/NoSuchMethodError'{0x00000000d5900058}: 'java.lang.Object java.lang.invoke.DirectMethodHandle$Holder.newInvokeSpecial(java.lang.Object, java.lang.Object, int)'> (0x00000000d5900058) 
thrown [s\src\hotspot\share\interpreter\linkResolver.cpp, line 773]
Event: 29.474 Thread 0x0000021490191d30 Exception <a 'java/lang/NoSuchMethodError'{0x00000000d57d7508}: 'java.lang.Object java.lang.invoke.DirectMethodHandle$Holder.invokeStatic(java.lang.Object, java.lang.Object, int, int)'> (0x00000000d57d7508) 
thrown [s\src\hotspot\share\interpreter\linkResolver.cpp, line 773]
Event: 29.474 Thread 0x0000021490191d30 Exception <a 'java/lang/NoSuchMethodError'{0x00000000d57db568}: 'java.lang.Object java.lang.invoke.DirectMethodHandle$Holder.invokeSpecial(java.lang.Object, java.lang.Object, java.lang.Object, int, int)'> (0x00000000d57db568) 
thrown [s\src\hotspot\share\interpreter\linkResolver.cpp, line 773]
Event: 155.264 Thread 0x000002149242d2d0 Exception <a 'sun/nio/fs/WindowsException'{0x00000000d5599358}> (0x00000000d5599358) 
thrown [s\src\hotspot\share\prims\jni.cpp, line 520]
Event: 155.264 Thread 0x000002149242d2d0 Exception <a 'sun/nio/fs/WindowsException'{0x00000000d5599c58}> (0x00000000d5599c58) 
thrown [s\src\hotspot\share\prims\jni.cpp, line 520]
Event: 161.078 Thread 0x0000021494cfa160 Exception <a 'java/lang/NoSuchMethodError'{0x00000000d56cdd68}: 'java.lang.Object java.lang.invoke.DirectMethodHandle$Holder.invokeStatic(java.lang.Object, java.lang.Object, int, java.lang.Object, java.lang.Object)'> (0x00000000d56cdd68) 
thrown [s\src\hotspot\share\interpreter\linkResolver.cpp, line 773]

ZGC Phase Switch (0 events):
No events

VM Operations (20 events):
Event: 159.629 Executing safepoint VM operation: ParallelGCFailedAllocation (Allocation Failure) done
Event: 159.640 Executing safepoint VM operation: ParallelGCFailedAllocation (Allocation Failure)
Event: 160.662 Executing safepoint VM operation: ParallelGCFailedAllocation (Allocation Failure) done
Event: 160.697 Executing safepoint VM operation: ParallelGCFailedAllocation (Allocation Failure)
Event: 160.700 Executing safepoint VM operation: ParallelGCFailedAllocation (Allocation Failure) done
Event: 160.808 Executing safepoint VM operation: ParallelGCFailedAllocation (Allocation Failure)
Event: 160.811 Executing safepoint VM operation: ParallelGCFailedAllocation (Allocation Failure) done
Event: 160.830 Executing safepoint VM operation: ParallelGCFailedAllocation (Allocation Failure)
Event: 160.831 Executing safepoint VM operation: ParallelGCFailedAllocation (Allocation Failure) done
Event: 160.862 Executing safepoint VM operation: ParallelGCFailedAllocation (Allocation Failure)
Event: 160.862 Executing safepoint VM operation: ParallelGCFailedAllocation (Allocation Failure) done
Event: 160.888 Executing safepoint VM operation: ParallelGCFailedAllocation (Allocation Failure)
Event: 160.889 Executing safepoint VM operation: ParallelGCFailedAllocation (Allocation Failure) done
Event: 160.905 Executing safepoint VM operation: ParallelGCFailedAllocation (Allocation Failure)
Event: 160.905 Executing safepoint VM operation: ParallelGCFailedAllocation (Allocation Failure) done
Event: 160.948 Executing safepoint VM operation: ParallelGCFailedAllocation (Allocation Failure)
Event: 160.950 Executing safepoint VM operation: ParallelGCFailedAllocation (Allocation Failure) done
Event: 161.026 Executing safepoint VM operation: ParallelGCFailedAllocation (Allocation Failure)
Event: 161.029 Executing safepoint VM operation: ParallelGCFailedAllocation (Allocation Failure) done
Event: 161.134 Executing safepoint VM operation: ParallelGCFailedAllocation (Allocation Failure)

Memory protections (0 events):
No events

Nmethod flushes (20 events):
Event: 27.635 Thread 0x0000021448ae48c0 flushing  nmethod 0x0000021435b61190
Event: 27.635 Thread 0x0000021448ae48c0 flushing  nmethod 0x0000021435b62c10
Event: 27.635 Thread 0x0000021448ae48c0 flushing  nmethod 0x0000021435b63c10
Event: 27.635 Thread 0x0000021448ae48c0 flushing  nmethod 0x0000021435b64010
Event: 27.635 Thread 0x0000021448ae48c0 flushing  nmethod 0x0000021435b64490
Event: 27.635 Thread 0x0000021448ae48c0 flushing  nmethod 0x0000021435b65910
Event: 27.635 Thread 0x0000021448ae48c0 flushing  nmethod 0x0000021435b6be10
Event: 27.635 Thread 0x0000021448ae48c0 flushing  nmethod 0x0000021435b6c290
Event: 27.635 Thread 0x0000021448ae48c0 flushing  nmethod 0x0000021435b6cc10
Event: 27.635 Thread 0x0000021448ae48c0 flushing  nmethod 0x0000021435b6d010
Event: 27.635 Thread 0x0000021448ae48c0 flushing  nmethod 0x0000021435b6d490
Event: 27.635 Thread 0x0000021448ae48c0 flushing  nmethod 0x0000021435b6da90
Event: 27.635 Thread 0x0000021448ae48c0 flushing  nmethod 0x0000021435b6de90
Event: 27.635 Thread 0x0000021448ae48c0 flushing  nmethod 0x0000021435b6f410
Event: 27.635 Thread 0x0000021448ae48c0 flushing  nmethod 0x0000021435b85010
Event: 27.635 Thread 0x0000021448ae48c0 flushing  nmethod 0x0000021435b87290
Event: 27.635 Thread 0x0000021448ae48c0 flushing  nmethod 0x0000021435b92710
Event: 27.635 Thread 0x0000021448ae48c0 flushing  nmethod 0x0000021435bc1190
Event: 27.635 Thread 0x0000021448ae48c0 flushing  nmethod 0x0000021435bcdb90
Event: 27.635 Thread 0x0000021448ae48c0 flushing  nmethod 0x0000021435bdf510

Events (20 events):
Event: 27.738 Thread 0x000002149414d7f0 Thread exited: 0x000002149414d7f0
Event: 27.738 Thread 0x000002149414bdb0 Thread exited: 0x000002149414bdb0
Event: 27.738 Thread 0x000002149414b090 Thread exited: 0x000002149414b090
Event: 27.738 Thread 0x000002149414e510 Thread exited: 0x000002149414e510
Event: 27.738 Thread 0x000002149414aa00 Thread exited: 0x000002149414aa00
Event: 28.787 Thread 0x000002149242dff0 Thread added: 0x0000021494cf8db0
Event: 34.751 Thread 0x00000214914291f0 Thread exited: 0x00000214914291f0
Event: 34.751 Thread 0x0000021491b24c00 Thread exited: 0x0000021491b24c00
Event: 88.565 Thread 0x00000214901930e0 Thread exited: 0x00000214901930e0
Event: 89.111 Thread 0x00000214901916a0 Thread exited: 0x00000214901916a0
Event: 89.121 Thread 0x0000021492432820 Thread exited: 0x0000021492432820
Event: 89.593 Thread 0x00000214901923c0 Thread exited: 0x00000214901923c0
Event: 149.126 Thread 0x000002149242dff0 Thread exited: 0x000002149242dff0
Event: 155.257 Thread 0x000002143210c080 Thread added: 0x0000021491b24c00
Event: 155.522 Thread 0x000002143210c080 Thread added: 0x00000214914291f0
Event: 157.614 Thread 0x0000021490191d30 Thread added: 0x0000021494cf8720
Event: 160.767 Thread 0x0000021490194490 Thread added: 0x0000021494cf7370
Event: 160.767 Thread 0x0000021490194490 Thread added: 0x0000021494cf7a00
Event: 160.767 Thread 0x0000021490194490 Thread added: 0x0000021494cf9440
Event: 161.043 Thread 0x0000021490194490 Thread added: 0x0000021494cfa160


Dynamic libraries:
0x00007ff7cf470000 - 0x00007ff7cf47e000 	c:\Users\ACER\.vscode\extensions\redhat.java-1.54.0-win32-x64\jre\21.0.10-win32-x86_64\bin\java.exe
0x00007ffcae5a0000 - 0x00007ffcae807000 	C:\WINDOWS\SYSTEM32\ntdll.dll
0x00007ffcad340000 - 0x00007ffcad409000 	C:\WINDOWS\System32\KERNEL32.DLL
0x00007ffcabb00000 - 0x00007ffcabef7000 	C:\WINDOWS\System32\KERNELBASE.dll
0x00007ffcab840000 - 0x00007ffcab98b000 	C:\WINDOWS\System32\ucrtbase.dll
0x00007ffc88f80000 - 0x00007ffc88f9e000 	c:\Users\ACER\.vscode\extensions\redhat.java-1.54.0-win32-x64\jre\21.0.10-win32-x86_64\bin\VCRUNTIME140.dll
0x00007ffc8de20000 - 0x00007ffc8de38000 	c:\Users\ACER\.vscode\extensions\redhat.java-1.54.0-win32-x64\jre\21.0.10-win32-x86_64\bin\jli.dll
0x00007ffcad9e0000 - 0x00007ffcadba6000 	C:\WINDOWS\System32\USER32.dll
0x00007ffcaba20000 - 0x00007ffcaba47000 	C:\WINDOWS\System32\win32u.dll
0x00007ffc85480000 - 0x00007ffc85712000 	C:\WINDOWS\WinSxS\amd64_microsoft.windows.common-controls_6595b64144ccf1df_6.0.26100.8457_none_3e0b2faee331e92d\COMCTL32.dll
0x00007ffcac4d0000 - 0x00007ffcac579000 	C:\WINDOWS\System32\msvcrt.dll
0x00007ffcad9b0000 - 0x00007ffcad9db000 	C:\WINDOWS\System32\GDI32.dll
0x00007ffcabfb0000 - 0x00007ffcac0dc000 	C:\WINDOWS\System32\gdi32full.dll
0x00007ffcabf00000 - 0x00007ffcabfa3000 	C:\WINDOWS\System32\msvcp_win.dll
0x00007ffcadda0000 - 0x00007ffcaddd2000 	C:\WINDOWS\System32\IMM32.DLL
0x00007ffc91190000 - 0x00007ffc9119c000 	c:\Users\ACER\.vscode\extensions\redhat.java-1.54.0-win32-x64\jre\21.0.10-win32-x86_64\bin\vcruntime140_1.dll
0x00007ffc55930000 - 0x00007ffc559bd000 	c:\Users\ACER\.vscode\extensions\redhat.java-1.54.0-win32-x64\jre\21.0.10-win32-x86_64\bin\msvcp140.dll
0x00007ffb80080000 - 0x00007ffb80e21000 	c:\Users\ACER\.vscode\extensions\redhat.java-1.54.0-win32-x64\jre\21.0.10-win32-x86_64\bin\server\jvm.dll
0x00007ffcac680000 - 0x00007ffcac736000 	C:\WINDOWS\System32\ADVAPI32.dll
0x00007ffcadcf0000 - 0x00007ffcadd97000 	C:\WINDOWS\System32\sechost.dll
0x00007ffcadbb0000 - 0x00007ffcadcc8000 	C:\WINDOWS\System32\RPCRT4.dll
0x00007ffcacad0000 - 0x00007ffcacb50000 	C:\WINDOWS\System32\WS2_32.dll
0x00007ffca16d0000 - 0x00007ffca1706000 	C:\WINDOWS\SYSTEM32\WINMM.dll
0x00007ffcaae30000 - 0x00007ffcaae8e000 	C:\WINDOWS\SYSTEM32\POWRPROF.dll
0x00007ffc968e0000 - 0x00007ffc968eb000 	C:\WINDOWS\SYSTEM32\VERSION.dll
0x00007ffcaae10000 - 0x00007ffcaae24000 	C:\WINDOWS\SYSTEM32\UMPDC.dll
0x00007ffca9d40000 - 0x00007ffca9d5b000 	C:\WINDOWS\SYSTEM32\kernel.appcore.dll
0x00007ffc8dec0000 - 0x00007ffc8deca000 	c:\Users\ACER\.vscode\extensions\redhat.java-1.54.0-win32-x64\jre\21.0.10-win32-x86_64\bin\jimage.dll
0x00007ffca8f10000 - 0x00007ffca9152000 	C:\WINDOWS\SYSTEM32\DBGHELP.DLL
0x00007ffcad620000 - 0x00007ffcad9a3000 	C:\WINDOWS\System32\combase.dll
0x00007ffcac8e0000 - 0x00007ffcac9b9000 	C:\WINDOWS\System32\OLEAUT32.dll
0x00007ffc7f190000 - 0x00007ffc7f1cb000 	C:\WINDOWS\SYSTEM32\dbgcore.DLL
0x00007ffcaba50000 - 0x00007ffcabaf8000 	C:\WINDOWS\System32\bcryptPrimitives.dll
0x00007ffc8ddc0000 - 0x00007ffc8ddcf000 	c:\Users\ACER\.vscode\extensions\redhat.java-1.54.0-win32-x64\jre\21.0.10-win32-x86_64\bin\instrument.dll
0x00007ffc86d40000 - 0x00007ffc86d60000 	c:\Users\ACER\.vscode\extensions\redhat.java-1.54.0-win32-x64\jre\21.0.10-win32-x86_64\bin\java.dll
0x00007ffcadde0000 - 0x00007ffcae54e000 	C:\WINDOWS\System32\SHELL32.dll
0x00007ffcaafd0000 - 0x00007ffcab83c000 	C:\WINDOWS\System32\windows.storage.dll
0x00007ffcac580000 - 0x00007ffcac676000 	C:\WINDOWS\System32\SHCORE.dll
0x00007ffcaccd0000 - 0x00007ffcacd36000 	C:\WINDOWS\System32\shlwapi.dll
0x00007ffcaaef0000 - 0x00007ffcaaf19000 	C:\WINDOWS\SYSTEM32\profapi.dll
0x00007ffc86580000 - 0x00007ffc86598000 	c:\Users\ACER\.vscode\extensions\redhat.java-1.54.0-win32-x64\jre\21.0.10-win32-x86_64\bin\zip.dll
0x00007ffc8dd50000 - 0x00007ffc8dd60000 	C:\Users\ACER\.vscode\extensions\redhat.java-1.54.0-win32-x64\jre\21.0.10-win32-x86_64\bin\net.dll
0x00007ffca08d0000 - 0x00007ffca09f9000 	C:\WINDOWS\SYSTEM32\WINHTTP.dll
0x00007ffcaa2d0000 - 0x00007ffcaa33c000 	C:\WINDOWS\system32\mswsock.dll
0x00007ffc86550000 - 0x00007ffc86566000 	C:\Users\ACER\.vscode\extensions\redhat.java-1.54.0-win32-x64\jre\21.0.10-win32-x86_64\bin\nio.dll
0x00007ffc8dcf0000 - 0x00007ffc8dd00000 	c:\Users\ACER\.vscode\extensions\redhat.java-1.54.0-win32-x64\jre\21.0.10-win32-x86_64\bin\verify.dll
0x00007ffc79290000 - 0x00007ffc792d5000 	C:\Users\ACER\AppData\Roaming\Code\User\globalStorage\redhat.java\1.54.0\config_win\org.eclipse.equinox.launcher\org.eclipse.equinox.launcher.win32.win32.x86_64_1.3.0.v20260203-2149\eclipse_11919.dll
0x00007ffcac740000 - 0x00007ffcac8d7000 	C:\WINDOWS\System32\ole32.dll
0x00007ffcaa5b0000 - 0x00007ffcaa5cb000 	C:\WINDOWS\SYSTEM32\CRYPTSP.dll
0x00007ffca9ca0000 - 0x00007ffca9cd9000 	C:\WINDOWS\system32\rsaenh.dll
0x00007ffcaa380000 - 0x00007ffcaa3b3000 	C:\WINDOWS\SYSTEM32\USERENV.dll
0x00007ffcaaec0000 - 0x00007ffcaaeea000 	C:\WINDOWS\SYSTEM32\bcrypt.dll
0x00007ffcaa5d0000 - 0x00007ffcaa5dc000 	C:\WINDOWS\SYSTEM32\CRYPTBASE.dll
0x00007ffca9770000 - 0x00007ffca97a2000 	C:\WINDOWS\SYSTEM32\IPHLPAPI.DLL
0x00007ffcaccc0000 - 0x00007ffcaccca000 	C:\WINDOWS\System32\NSI.dll
0x00007ffc31090000 - 0x00007ffc310d9000 	C:\Users\ACER\AppData\Local\Temp\jna-2003023\jna11829986044285807131.dll
0x00007ffcadcd0000 - 0x00007ffcadcd8000 	C:\WINDOWS\System32\PSAPI.DLL
0x00007ffca08b0000 - 0x00007ffca08cd000 	C:\WINDOWS\SYSTEM32\dhcpcsvc6.DLL
0x00007ffc9f280000 - 0x00007ffc9f2a5000 	C:\WINDOWS\SYSTEM32\dhcpcsvc.DLL

JVMTI agents:
c:\Users\ACER\.vscode\extensions\redhat.java-1.54.0-win32-x64\lombok\lombok-1.18.39-4050.jar path:c:\Users\ACER\.vscode\extensions\redhat.java-1.54.0-win32-x64\jre\21.0.10-win32-x86_64\bin\instrument.dll, loaded, initialized, instrumentlib options:none

dbghelp: loaded successfully - version: 4.0.5 - missing functions: none
symbol engine: initialized successfully - sym options: 0x614 - pdb path: .;c:\Users\ACER\.vscode\extensions\redhat.java-1.54.0-win32-x64\jre\21.0.10-win32-x86_64\bin;C:\WINDOWS\SYSTEM32;C:\WINDOWS\WinSxS\amd64_microsoft.windows.common-controls_6595b64144ccf1df_6.0.26100.8457_none_3e0b2faee331e92d;c:\Users\ACER\.vscode\extensions\redhat.java-1.54.0-win32-x64\jre\21.0.10-win32-x86_64\bin\server;C:\Users\ACER\AppData\Roaming\Code\User\globalStorage\redhat.java\1.54.0\config_win\org.eclipse.equinox.launcher\org.eclipse.equinox.launcher.win32.win32.x86_64_1.3.0.v20260203-2149;C:\Users\ACER\AppData\Local\Temp\jna-2003023

VM Arguments:
jvm_args: --add-modules=ALL-SYSTEM --add-opens=java.base/java.util=ALL-UNNAMED --add-opens=java.base/java.lang=ALL-UNNAMED --add-opens=java.base/sun.nio.fs=ALL-UNNAMED -Declipse.application=org.eclipse.jdt.ls.core.id1 -Dosgi.bundles.defaultStartLevel=4 -Declipse.product=org.eclipse.jdt.ls.core.product -Djava.import.generatesMetadataFilesAtProjectRoot=false -DDetectVMInstallationsJob.disabled=true -Dfile.encoding=utf8 -XX:+UseParallelGC -XX:GCTimeRatio=4 -XX:AdaptiveSizePolicyWeight=90 -Dsun.zip.disableMemoryMapping=true -Xmx2G -Xms100m -Xlog:disable -javaagent:c:\Users\ACER\.vscode\extensions\redhat.java-1.54.0-win32-x64\lombok\lombok-1.18.39-4050.jar -XX:+HeapDumpOnOutOfMemoryError -XX:HeapDumpPath=c:\Users\ACER\AppData\Roaming\Code\User\workspaceStorage\fa2aabdb43d79e53534ef790ccafa1c5\redhat.java -Daether.dependencyCollector.impl=bf 
java_command: c:\Users\ACER\.vscode\extensions\redhat.java-1.54.0-win32-x64\server\plugins\org.eclipse.equinox.launcher_1.7.100.v20251111-0406.jar -configuration c:\Users\ACER\AppData\Roaming\Code\User\globalStorage\redhat.java\1.54.0\config_win -data c:\Users\ACER\AppData\Roaming\Code\User\workspaceStorage\fa2aabdb43d79e53534ef790ccafa1c5\redhat.java\jdt_ws --pipe=\\.\pipe\lsp-1865171b417dd5c7ada1b745fe3b0446-sock
java_class_path (initial): c:\Users\ACER\.vscode\extensions\redhat.java-1.54.0-win32-x64\server\plugins\org.eclipse.equinox.launcher_1.7.100.v20251111-0406.jar
Launcher Type: SUN_STANDARD

[Global flags]
    uintx AdaptiveSizePolicyWeight                 = 90                                        {product} {command line}
     intx CICompilerCount                          = 4                                         {product} {ergonomic}
    uintx GCTimeRatio                              = 4                                         {product} {command line}
     bool HeapDumpOnOutOfMemoryError               = true                                   {manageable} {command line}
    ccstr HeapDumpPath                             = c:\Users\ACER\AppData\Roaming\Code\User\workspaceStorage\fa2aabdb43d79e53534ef790ccafa1c5\redhat.java         {manageable} {command line}
   size_t InitialHeapSize                          = 104857600                                 {product} {command line}
   size_t MaxHeapSize                              = 2147483648                                {product} {command line}
   size_t MaxNewSize                               = 715653120                                 {product} {ergonomic}
   size_t MinHeapDeltaBytes                        = 524288                                    {product} {ergonomic}
   size_t MinHeapSize                              = 104857600                                 {product} {command line}
   size_t NewSize                                  = 34603008                                  {product} {ergonomic}
    uintx NonNMethodCodeHeapSize                   = 5839372                                {pd product} {ergonomic}
    uintx NonProfiledCodeHeapSize                  = 122909434                              {pd product} {ergonomic}
   size_t OldSize                                  = 70254592                                  {product} {ergonomic}
    uintx ProfiledCodeHeapSize                     = 122909434                              {pd product} {ergonomic}
    uintx ReservedCodeCacheSize                    = 251658240                              {pd product} {ergonomic}
     bool SegmentedCodeCache                       = true                                      {product} {ergonomic}
   size_t SoftMaxHeapSize                          = 2147483648                             {manageable} {ergonomic}
     bool UseCompressedOops                        = true                           {product lp64_product} {ergonomic}
     bool UseLargePagesIndividualAllocation        = false                                  {pd product} {ergonomic}
     bool UseParallelGC                            = true                                      {product} {command line}

Logging:
Log output configuration:
 #0: stdout all=off uptime,level,tags foldmultilines=false
 #1: stderr all=off uptime,level,tags foldmultilines=false

Release file:
JAVA_VERSION="21.0.10" 
MODULES="java.base java.compiler java.datatransfer java.xml java.prefs java.desktop java.instrument java.logging java.management java.security.sasl java.naming java.rmi java.management.rmi java.net.http java.scripting java.security.jgss java.transaction.xa java.sql java.sql.rowset java.xml.crypto java.se java.smartcardio jdk.accessibility jdk.internal.jvmstat jdk.attach jdk.charsets jdk.internal.opt jdk.zipfs jdk.compiler jdk.crypto.ec jdk.crypto.cryptoki jdk.crypto.mscapi jdk.dynalink jdk.internal.ed jdk.editpad jdk.hotspot.agent jdk.httpserver jdk.internal.le jdk.internal.vm.ci jdk.internal.vm.compiler jdk.internal.vm.compiler.management jdk.jartool jdk.javadoc jdk.jcmd jdk.management jdk.management.agent jdk.jconsole jdk.jdeps jdk.jdwp.agent jdk.jdi jdk.jfr jdk.jshell jdk.jsobject jdk.jstatd jdk.localedata jdk.management.jfr jdk.naming.dns jdk.naming.rmi jdk.net jdk.nio.mapmode jdk.random jdk.sctp jdk.security.auth jdk.security.jgss jdk.unsupported jdk.unsupported.desktop jdk.xml.dom" 

Environment Variables:
JAVA_HOME=C:\Program Files\Java\jdk-17
PATH=C:\WINDOWS\system32;C:\WINDOWS;C:\Program Files\Java\jdk-17\bin;C:\WINDOWS\System32\Wbem;C:\WINDOWS\System32\WindowsPowerShell\v1.0\;C:\WINDOWS\System32\OpenSSH\;C:\Program Files (x86)\NVIDIA Corporation\PhysX\Common;C:\Program Files\Git\cmd;C:\Program Files\nodejs\;C:\ProgramData\chocolatey\bin;C:\Program Files\Java\jdk-17\bin;;C:\Program Files\Docker\Docker\resources\bin;C:\Program Files\NVIDIA Corporation\NVIDIA App\NvDLISR;C:\Users\ACER\AppData\Local\Microsoft\WindowsApps;C:\Users\ACER\AppData\Local\GitHubDesktop\bin;C:\Users\ACER\AppData\Roaming\npm;C:\Users\ACER\AppData\Local\Programs\Microsoft VS Code\bin;D:\Antigravity\bin
USERNAME=ACER
OS=Windows_NT
PROCESSOR_IDENTIFIER=Intel64 Family 6 Model 186 Stepping 2, GenuineIntel
TMP=C:\Users\ACER\AppData\Local\Temp
TEMP=C:\Users\ACER\AppData\Local\Temp




Periodic native trim disabled

---------------  S Y S T E M  ---------------

OS:
 Windows 11 , 64 bit Build 26100 (10.0.26100.8328)
OS uptime: 2 days 3:31 hours
Hyper-V role detected

CPU: total 12 (initial active 12) (6 cores per cpu, 2 threads per core) family 6 model 186 stepping 2 microcode 0x4114, cx8, cmov, fxsr, ht, mmx, 3dnowpref, sse, sse2, sse3, ssse3, sse4.1, sse4.2, popcnt, lzcnt, tsc, tscinvbit, avx, avx2, aes, erms, clmul, bmi1, bmi2, adx, sha, fma, vzeroupper, clflush, clflushopt, clwb, hv, serialize, rdtscp, rdpid, fsrm, f16c, cet_ibt, cet_ss
Processor Information for processor 0
  Max Mhz: 2100, Current Mhz: 2100, Mhz Limit: 2100
Processor Information for processor 1
  Max Mhz: 2100, Current Mhz: 2100, Mhz Limit: 2100
Processor Information for processor 2
  Max Mhz: 2100, Current Mhz: 2100, Mhz Limit: 2100
Processor Information for processor 3
  Max Mhz: 2100, Current Mhz: 2100, Mhz Limit: 2100
Processor Information for processor 4
  Max Mhz: 2100, Current Mhz: 2100, Mhz Limit: 2100
Processor Information for processor 5
  Max Mhz: 2100, Current Mhz: 2100, Mhz Limit: 2100
Processor Information for processor 6
  Max Mhz: 2100, Current Mhz: 2100, Mhz Limit: 2100
Processor Information for processor 7
  Max Mhz: 2100, Current Mhz: 2100, Mhz Limit: 2100
Processor Information for processor 8
  Max Mhz: 2100, Current Mhz: 1500, Mhz Limit: 1491
Processor Information for processor 9
  Max Mhz: 2100, Current Mhz: 1500, Mhz Limit: 1491
Processor Information for processor 10
  Max Mhz: 2100, Current Mhz: 1500, Mhz Limit: 1491
Processor Information for processor 11
  Max Mhz: 2100, Current Mhz: 1500, Mhz Limit: 1491

Memory: 4k page, system-wide physical 16071M (2090M free)
TotalPageFile size 20167M (AvailPageFile size 0M)
current process WorkingSet (physical memory assigned to process): 622M, peak: 651M
current process commit charge ("private bytes"): 688M, peak: 720M

vm_info: OpenJDK 64-Bit Server VM (21.0.10+7-LTS) for windows-amd64 JRE (21.0.10+7-LTS), built on 2026-01-20T00:00:00Z by "admin" with MS VC++ 17.12 (VS2022)

END.
